Component: ARM Compiler 5.06 update 4 (build 422) Tool: armlink [4d35d2]

==============================================================================

Section Cross References

    stm32f10x_it.o(i.EXTI9_5_IRQHandler) refers to stm32f10x_exti.o(i.EXTI_GetITStatus) for EXTI_GetITStatus
    stm32f10x_it.o(i.EXTI9_5_IRQHandler) refers to stm32f10x_exti.o(i.EXTI_ClearITPendingBit) for EXTI_ClearITPendingBit
    stm32f10x_it.o(i.EXTI9_5_IRQHandler) refers to cc2500.o(i.CC2500_Disable_Interrupt) for CC2500_Disable_Interrupt
    stm32f10x_it.o(i.EXTI9_5_IRQHandler) refers to cc2500.o(i.CC2500_RevPacket) for CC2500_RevPacket
    stm32f10x_it.o(i.EXTI9_5_IRQHandler) refers to stm32f10x_gpio.o(i.GPIO_SetBits) for GPIO_SetBits
    stm32f10x_it.o(i.EXTI9_5_IRQHandler) refers to stm32f10x_gpio.o(i.GPIO_ResetBits) for GPIO_ResetBits
    stm32f10x_it.o(i.EXTI9_5_IRQHandler) refers to cc2500.o(i.CC2500_ClrRXFIFO) for CC2500_ClrRXFIFO
    stm32f10x_it.o(i.EXTI9_5_IRQHandler) refers to cc2500.o(i.CC2500_ModeRx) for CC2500_ModeRx
    main.o(i.RCC_Configuration) refers to stm32f10x_rcc.o(i.RCC_DeInit) for RCC_DeInit
    main.o(i.RCC_Configuration) refers to stm32f10x_rcc.o(i.RCC_HSEConfig) for RCC_HSEConfig
    main.o(i.RCC_Configuration) refers to stm32f10x_rcc.o(i.RCC_WaitForHSEStartUp) for RCC_WaitForHSEStartUp
    main.o(i.RCC_Configuration) refers to stm32f10x_rcc.o(i.RCC_HCLKConfig) for RCC_HCLKConfig
    main.o(i.RCC_Configuration) refers to stm32f10x_rcc.o(i.RCC_PCLK2Config) for RCC_PCLK2Config
    main.o(i.RCC_Configuration) refers to stm32f10x_rcc.o(i.RCC_PCLK1Config) for RCC_PCLK1Config
    main.o(i.RCC_Configuration) refers to stm32f10x_rcc.o(i.RCC_PLLConfig) for RCC_PLLConfig
    main.o(i.RCC_Configuration) refers to stm32f10x_rcc.o(i.RCC_PLLCmd) for RCC_PLLCmd
    main.o(i.RCC_Configuration) refers to stm32f10x_rcc.o(i.RCC_GetFlagStatus) for RCC_GetFlagStatus
    main.o(i.RCC_Configuration) refers to stm32f10x_rcc.o(i.RCC_SYSCLKConfig) for RCC_SYSCLKConfig
    main.o(i.RCC_Configuration) refers to stm32f10x_rcc.o(i.RCC_GetSYSCLKSource) for RCC_GetSYSCLKSource
    main.o(i.RCC_Configuration) refers to stm32f10x_rcc.o(i.RCC_APB2PeriphClockCmd) for RCC_APB2PeriphClockCmd
    main.o(i.RCC_Configuration) refers to delay.o(i.delay_init) for delay_init
    main.o(i.main) refers to system_stm32f10x.o(i.SystemInit) for SystemInit
    main.o(i.main) refers to main.o(i.RCC_Configuration) for RCC_Configuration
    main.o(i.main) refers to gpio.o(i.LED_PIN_Config) for LED_PIN_Config
    main.o(i.main) refers to stm32f10x_gpio.o(i.GPIO_ResetBits) for GPIO_ResetBits
    main.o(i.main) refers to gpio.o(i.Nokia_PIN_Config) for Nokia_PIN_Config
    main.o(i.main) refers to gpio.o(i.CC2500_PIN_Config) for CC2500_PIN_Config
    main.o(i.main) refers to 5110lcd.o(i.LCD_Init) for LCD_Init
    main.o(i.main) refers to 5110lcd.o(i.LCD_WriteString_en) for LCD_WriteString_en
    main.o(i.main) refers to cc2500.o(i.CC2500_Init) for CC2500_Init
    main.o(i.main) refers to cc2500.o(i.CC2500_ModeIdle) for CC2500_ModeIdle
    main.o(i.main) refers to delay.o(i.delay_ns) for delay_ns
    main.o(i.main) refers to stm32f10x_gpio.o(i.GPIO_SetBits) for GPIO_SetBits
    main.o(i.main) refers to cc2500.o(i.CC2500_SendPacket) for CC2500_SendPacket
    spi.o(i.CC2500_SPI_RW) refers to stm32f10x_gpio.o(i.GPIO_SetBits) for GPIO_SetBits
    spi.o(i.CC2500_SPI_RW) refers to stm32f10x_gpio.o(i.GPIO_ResetBits) for GPIO_ResetBits
    spi.o(i.CC2500_SPI_RW) refers to delay.o(i.delay_nus) for delay_nus
    spi.o(i.CC2500_SPI_RW) refers to stm32f10x_gpio.o(i.GPIO_ReadInputDataBit) for GPIO_ReadInputDataBit
    spi.o(i.CC2500_SPI_Read) refers to stm32f10x_gpio.o(i.GPIO_ResetBits) for GPIO_ResetBits
    spi.o(i.CC2500_SPI_Read) refers to delay.o(i.delay_nus) for delay_nus
    spi.o(i.CC2500_SPI_Read) refers to stm32f10x_gpio.o(i.GPIO_SetBits) for GPIO_SetBits
    spi.o(i.CC2500_SPI_Read) refers to stm32f10x_gpio.o(i.GPIO_ReadInputDataBit) for GPIO_ReadInputDataBit
    spi.o(i.CC2500_SPI_Write) refers to stm32f10x_gpio.o(i.GPIO_SetBits) for GPIO_SetBits
    spi.o(i.CC2500_SPI_Write) refers to stm32f10x_gpio.o(i.GPIO_ResetBits) for GPIO_ResetBits
    spi.o(i.CC2500_SPI_Write) refers to delay.o(i.delay_nus) for delay_nus
    gpio.o(i.CC2500_PIN_Config) refers to stm32f10x_gpio.o(i.GPIO_Init) for GPIO_Init
    gpio.o(i.LED_PIN_Config) refers to stm32f10x_gpio.o(i.GPIO_Init) for GPIO_Init
    gpio.o(i.NRF905_PIN_Config) refers to stm32f10x_gpio.o(i.GPIO_Init) for GPIO_Init
    gpio.o(i.Nokia_PIN_Config) refers to stm32f10x_gpio.o(i.GPIO_Init) for GPIO_Init
    gpio.o(i.USART1_PIN_Config) refers to stm32f10x_gpio.o(i.GPIO_Init) for GPIO_Init
    usart.o(i.Uart_Config) refers to stm32f10x_usart.o(i.USART_Init) for USART_Init
    usart.o(i.Uart_Config) refers to stm32f10x_usart.o(i.USART_ClearFlag) for USART_ClearFlag
    usart.o(i.Uart_Config) refers to stm32f10x_usart.o(i.USART_ITConfig) for USART_ITConfig
[...]
    usart.o(i.Uart_SendString) refers to usart.o(i.Uart_Sendbyte) for Uart_Sendbyte
    usart.o(i.Uart_Sendbyte) refers to stm32f10x_usart.o(i.USART_GetFlagStatus) for USART_GetFlagStatus
    usart.o(i.Uart_Sendbyte) refers to stm32f10x_usart.o(i.USART_SendData) for USART_SendData
    cc2500.o(i.CC2500_BurstRead) refers to stm32f10x_gpio.o(i.GPIO_ResetBits) for GPIO_ResetBits
    cc2500.o(i.CC2500_BurstRead) refers to stm32f10x_gpio.o(i.GPIO_ReadInputDataBit) for GPIO_ReadInputDataBit
    cc2500.o(i.CC2500_BurstRead) refers to spi.o(i.CC2500_SPI_Write) for CC2500_SPI_Write
    cc2500.o(i.CC2500_BurstRead) refers to spi.o(i.CC2500_SPI_RW) for CC2500_SPI_RW
    cc2500.o(i.CC2500_BurstRead) refers to stm32f10x_gpio.o(i.GPIO_SetBits) for GPIO_SetBits
    cc2500.o(i.CC2500_BustWrite) refers to stm32f10x_gpio.o(i.GPIO_ResetBits) for GPIO_ResetBits
    cc2500.o(i.CC2500_BustWrite) refers to stm32f10x_gpio.o(i.GPIO_ReadInputDataBit) for GPIO_ReadInputDataBit
    cc2500.o(i.CC2500_BustWrite) refers to spi.o(i.CC2500_SPI_Write) for CC2500_SPI_Write
    cc2500.o(i.CC2500_BustWrite) refers to stm32f10x_gpio.o(i.GPIO_SetBits) for GPIO_SetBits
    cc2500.o(i.CC2500_BustWrite) refers to delay.o(i.delay_nus) for delay_nus
    cc2500.o(i.CC2500_ClrRXFIFO) refers to cc2500.o(i.CC2500_ModeIdle) for CC2500_ModeIdle
    cc2500.o(i.CC2500_ClrRXFIFO) refers to delay.o(i.delay_nus) for delay_nus
    cc2500.o(i.CC2500_ClrRXFIFO) refers to cc2500.o(i.CC2500_WriteStrobe) for CC2500_WriteStrobe
    cc2500.o(i.CC2500_ClrTXFIFO) refers to cc2500.o(i.CC2500_ModeIdle) for CC2500_ModeIdle
    cc2500.o(i.CC2500_ClrTXFIFO) refers to delay.o(i.delay_nus) for delay_nus
    cc2500.o(i.CC2500_ClrTXFIFO) refers to cc2500.o(i.CC2500_WriteStrobe) for CC2500_WriteStrobe
    cc2500.o(i.CC2500_Init) refers to stm32f10x_gpio.o(i.GPIO_SetBits) for GPIO_SetBits
    cc2500.o(i.CC2500_Init) refers to stm32f10x_gpio.o(i.GPIO_ResetBits) for GPIO_ResetBits
    cc2500.o(i.CC2500_Init) refers to delay.o(i.delay_nus) for delay_nus
    cc2500.o(i.CC2500_Init) refers to stm32f10x_gpio.o(i.GPIO_ReadInputDataBit) for GPIO_ReadInputDataBit
    cc2500.o(i.CC2500_Init) refers to spi.o(i.CC2500_SPI_Write) for CC2500_SPI_Write
    cc2500.o(i.CC2500_Init) refers to cc2500.o(i.CC2500_WriteSettings) for CC2500_WriteSettings
    cc2500.o(i.CC2500_Init) refers to cc2500.o(i.CC2500_WriteStrobe) for CC2500_WriteStrobe
    cc2500.o(i.CC2500_Init) refers to cc2500.o(i.CC2500_SetPA) for CC2500_SetPA
    cc2500.o(i.CC2500_Init) refers to cc2500.o(.constdata) for RFSettings
    cc2500.o(i.CC2500_ModeIdle) refers to cc2500.o(i.CC2500_WriteStrobe) for CC2500_WriteStrobe
    cc2500.o(i.CC2500_ModeIdle) refers to delay.o(i.delay_nus) for delay_nus
    cc2500.o(i.CC2500_ModePWRdown) refers to cc2500.o(i.CC2500_ModeIdle) for CC2500_ModeIdle
    cc2500.o(i.CC2500_ModePWRdown) refers to delay.o(i.delay_nus) for delay_nus
    cc2500.o(i.CC2500_ModePWRdown) refers to cc2500.o(i.CC2500_WriteStrobe) for CC2500_WriteStrobe
    cc2500.o(i.CC2500_ModeRx) refers to cc2500.o(i.CC2500_WriteStrobe) for CC2500_WriteStrobe
    cc2500.o(i.CC2500_ModeRx) refers to delay.o(i.delay_nus) for delay_nus
    cc2500.o(i.CC2500_ModeRx) refers to cc2500.o(i.CC2500_Enable_Interrupt) for CC2500_Enable_Interrupt
    cc2500.o(i.CC2500_ModeTx) refers to cc2500.o(i.CC2500_WriteStrobe) for CC2500_WriteStrobe
    cc2500.o(i.CC2500_ModeTx) refers to delay.o(i.delay_nus) for delay_nus
    cc2500.o(i.CC2500_ModeTx) refers to cc2500.o(i.CC2500_Disable_Interrupt) for CC2500_Disable_Interrupt
    cc2500.o(i.CC2500_ReadReg) refers to stm32f10x_gpio.o(i.GPIO_ResetBits) for GPIO_ResetBits
    cc2500.o(i.CC2500_ReadReg) refers to stm32f10x_gpio.o(i.GPIO_ReadInputDataBit) for GPIO_ReadInputDataBit
    cc2500.o(i.CC2500_ReadReg) refers to spi.o(i.CC2500_SPI_Write) for CC2500_SPI_Write
    cc2500.o(i.CC2500_ReadReg) refers to spi.o(i.CC2500_SPI_RW) for CC2500_SPI_RW
    cc2500.o(i.CC2500_ReadReg) refers to stm32f10x_gpio.o(i.GPIO_SetBits) for GPIO_SetBits
    cc2500.o(i.CC2500_ReadStatus) refers to stm32f10x_gpio.o(i.GPIO_ResetBits) for GPIO_ResetBits
    cc2500.o(i.CC2500_ReadStatus) refers to stm32f10x_gpio.o(i.GPIO_ReadInputDataBit) for GPIO_ReadInputDataBit
    cc2500.o(i.CC2500_ReadStatus) refers to spi.o(i.CC2500_SPI_RW) for CC2500_SPI_RW
    cc2500.o(i.CC2500_ReadStatus) refers to stm32f10x_gpio.o(i.GPIO_SetBits) for GPIO_SetBits
    cc2500.o(i.CC2500_RevPacket) refers to cc2500.o(i.ClearDataBuf) for ClearDataBuf
    cc2500.o(i.CC2500_RevPacket) refers to cc2500.o(i.CC2500_BurstRead) for CC2500_BurstRead
    cc2500.o(i.CC2500_RevPacket) refers to cc2500.o(i.CC2500_ReadReg) for CC2500_ReadReg
    cc2500.o(i.CC2500_RevPacket) refers to cc2500.o(i.CC2500_ClrRXFIFO) for CC2500_ClrRXFIFO
    cc2500.o(i.CC2500_RevPacket) refers to main.o(.bss) for gCC2500RxBuf
    cc2500.o(i.CC2500_SendPacket) refers to cc2500.o(i.CC2500_Disable_Interrupt) for CC2500_Disable_Interrupt
    cc2500.o(i.CC2500_SendPacket) refers to cc2500.o(i.CC2500_BustWrite) for CC2500_BustWrite
    cc2500.o(i.CC2500_SendPacket) refers to cc2500.o(i.CC2500_ModeTx) for CC2500_ModeTx
    cc2500.o(i.CC2500_SendPacket) refers to cc2500.o(i.CC2500_WaitTX_Done) for CC2500_WaitTX_Done
    cc2500.o(i.CC2500_SendPacket) refers to delay.o(i.delay_nus) for delay_nus
    cc2500.o(i.CC2500_SendPacket) refers to cc2500.o(i.CC2500_ClrTXFIFO) for CC2500_ClrTXFIFO
    cc2500.o(i.CC2500_SendPacket) refers to main.o(.data) for gCC2500TxBuf
    cc2500.o(i.CC2500_SetPA) refers to cc2500.o(i.CC2500_BustWrite) for CC2500_BustWrite
    cc2500.o(i.CC2500_SetPA) refers to cc2500.o(.data) for paTable
    cc2500.o(i.CC2500_WaitTX_Done) refers to stm32f10x_gpio.o(i.GPIO_ReadInputDataBit) for GPIO_ReadInputDataBit
    cc2500.o(i.CC2500_WriteByte) refers to stm32f10x_gpio.o(i.GPIO_ResetBits) for GPIO_ResetBits
    cc2500.o(i.CC2500_WriteByte) refers to stm32f10x_gpio.o(i.GPIO_ReadInputDataBit) for GPIO_ReadInputDataBit
    cc2500.o(i.CC2500_WriteByte) refers to spi.o(i.CC2500_SPI_Write) for CC2500_SPI_Write
    cc2500.o(i.CC2500_WriteByte) refers to stm32f10x_gpio.o(i.GPIO_SetBits) for GPIO_SetBits
    cc2500.o(i.CC2500_WriteSettings) refers to cc2500.o(i.CC2500_WriteByte) for CC2500_WriteByte
    cc2500.o(i.CC2500_WriteStrobe) refers to stm32f10x_gpio.o(i.GPIO_ResetBits) for GPIO_ResetBits
    cc2500.o(i.CC2500_WriteStrobe) refers to stm32f10x_gpio.o(i.GPIO_ReadInputDataBit) for GPIO_ReadInputDataBit
    cc2500.o(i.CC2500_WriteStrobe) refers to spi.o(i.CC2500_SPI_Write) for CC2500_SPI_Write
    cc2500.o(i.CC2500_WriteStrobe) refers to stm32f10x_gpio.o(i.GPIO_SetBits) for GPIO_SetBits
    5110lcd.o(i.GPIO_Configuration_LCD) refers to stm32f10x_gpio.o(i.GPIO_Init) for GPIO_Init
    5110lcd.o(i.LCD_Clear) refers to 5110lcd.o(i.LCD_Set_XY) for LCD_Set_XY
    5110lcd.o(i.LCD_Clear) refers to 5110lcd.o(i.LCD_WriteByte) for LCD_WriteByte
    5110lcd.o(i.LCD_Init) refers to stm32f10x_gpio.o(i.GPIO_SetBits) for GPIO_SetBits
    5110lcd.o(i.LCD_Init) refers to stm32f10x_gpio.o(i.GPIO_ResetBits) for GPIO_ResetBits
    5110lcd.o(i.LCD_Init) refers to 5110lcd.o(i.delay_ms) for delay_ms
    5110lcd.o(i.LCD_Init) refers to 5110lcd.o(i.LCD_WriteByte) for LCD_WriteByte
    5110lcd.o(i.LCD_Init) refers to 5110lcd.o(i.LCD_Clear) for LCD_Clear
    5110lcd.o(i.LCD_Set_XY) refers to 5110lcd.o(i.LCD_WriteByte) for LCD_WriteByte
    5110lcd.o(i.LCD_Set_XY) refers to stm32f10x_gpio.o(i.GPIO_SetBits) for GPIO_SetBits
    5110lcd.o(i.LCD_WriteByte) refers to stm32f10x_gpio.o(i.GPIO_ResetBits) for GPIO_ResetBits
    5110lcd.o(i.LCD_WriteByte) refers to stm32f10x_gpio.o(i.GPIO_SetBits) for GPIO_SetBits
    5110lcd.o(i.LCD_WriteChar) refers to 5110lcd.o(i.LCD_Set_XY) for LCD_Set_XY
    5110lcd.o(i.LCD_WriteChar) refers to 5110lcd.o(i.LCD_WriteByte) for LCD_WriteByte
    5110lcd.o(i.LCD_WriteChar) refers to 5110lcd.o(.constdata) for font
    5110lcd.o(i.LCD_WriteNumber) refers to 5110lcd.o(i.LCD_WriteChar) for LCD_WriteChar
    5110lcd.o(i.LCD_WriteNumber) refers to 5110lcd.o(i.LCD_WriteString_en) for LCD_WriteString_en
    5110lcd.o(i.LCD_WriteNumber) refers to 5110lcd.o(.data) for lcd_display
    5110lcd.o(i.LCD_WriteString_en) refers to 5110lcd.o(i.LCD_WriteChar) for LCD_WriteChar
    5110lcd.o(i.LCD_Write_cn) refers to 5110lcd.o(i.LCD_Set_XY) for LCD_Set_XY
    5110lcd.o(i.LCD_Write_cn) refers to 5110lcd.o(i.LCD_WriteByte) for LCD_WriteByte
    5110lcd.o(i.LCD_Write_cn) refers to 5110lcd.o(.constdata) for chinese1
    delay.o(i.delay_init) refers to delay.o(.data) for fac_us
    delay.o(i.delay_nms) refers to delay.o(.data) for fac_ms
    delay.o(i.delay_ns) refers to delay.o(i.delay_nms) for delay_nms
    delay.o(i.delay_nus) refers to delay.o(.data) for fac_us
    isr.o(i.CC2500_Interrupt_Config) refers to stm32f10x_gpio.o(i.GPIO_EXTILineConfig) for GPIO_EXTILineConfig
    isr.o(i.CC2500_Interrupt_Config) refers to stm32f10x_exti.o(i.EXTI_Init) for EXTI_Init
    isr.o(i.CC2500_Interrupt_Config) refers to misc.o(i.NVIC_Init) for NVIC_Init
    stm32f10x_gpio.o(i.GPIO_AFIODeInit) refers to stm32f10x_rcc.o(i.RCC_APB2PeriphResetCmd) for RCC_APB2PeriphResetCmd
    stm32f10x_gpio.o(i.GPIO_DeInit) refers to stm32f10x_rcc.o(i.RCC_APB2PeriphResetCmd) for RCC_APB2PeriphResetCmd
    stm32f10x_rcc.o(i.RCC_GetClocksFreq) refers to stm32f10x_rcc.o(.data) for APBAHBPrescTable
    stm32f10x_rcc.o(i.RCC_WaitForHSEStartUp) refers to stm32f10x_rcc.o(i.RCC_GetFlagStatus) for RCC_GetFlagStatus
    stm32f10x_spi.o(i.I2S_Init) refers to stm32f10x_rcc.o(i.RCC_GetClocksFreq) for RCC_GetClocksFreq
    stm32f10x_spi.o(i.SPI_I2S_DeInit) refers to stm32f10x_rcc.o(i.RCC_APB2PeriphResetCmd) for RCC_APB2PeriphResetCmd
    stm32f10x_spi.o(i.SPI_I2S_DeInit) refers to stm32f10x_rcc.o(i.RCC_APB1PeriphResetCmd) for RCC_APB1PeriphResetCmd
    stm32f10x_usart.o(i.USART_DeInit) refers to stm32f10x_rcc.o(i.RCC_APB2PeriphResetCmd) for RCC_APB2PeriphResetCmd
    stm32f10x_usart.o(i.USART_DeInit) refers to stm32f10x_rcc.o(i.RCC_APB1PeriphResetCmd) for RCC_APB1PeriphResetCmd
    stm32f10x_usart.o(i.USART_Init) refers to stm32f10x_rcc.o(i.RCC_GetClocksFreq) for RCC_GetClocksFreq
    system_stm32f10x.o(i.SetSysClock) refers to system_stm32f10x.o(i.SetSysClockTo72) for SetSysClockTo72
    system_stm32f10x.o(i.SystemCoreClockUpdate) refers to system_stm32f10x.o(.data) for SystemCoreClock
    system_stm32f10x.o(i.SystemInit) refers to system_stm32f10x.o(i.SetSysClock) for SetSysClock
    startup_stm32f10x_md.o(STACK) refers (Special) to heapauxi.o(.text) for __use_two_region_memory
    startup_stm32f10x_md.o(HEAP) refers (Special) to heapauxi.o(.text) for __use_two_region_memory
    startup_stm32f10x_md.o(RESET) refers (Special) to heapauxi.o(.text) for __use_two_region_memory
    startup_stm32f10x_md.o(RESET) refers to startup_stm32f10x_md.o(STACK) for __initial_sp
    startup_stm32f10x_md.o(RESET) refers to startup_stm32f10x_md.o(.text) for Reset_Handler
    startup_stm32f10x_md.o(RESET) refers to stm32f10x_it.o(i.NMI_Handler) for NMI_Handler
    startup_stm32f10x_md.o(RESET) refers to stm32f10x_it.o(i.HardFault_Handler) for HardFault_Handler
    startup_stm32f10x_md.o(RESET) refers to stm32f10x_it.o(i.MemManage_Handler) for MemManage_Handler
    startup_stm32f10x_md.o(RESET) refers to stm32f10x_it.o(i.BusFault_Handler) for BusFault_Handler
    startup_stm32f10x_md.o(RESET) refers to stm32f10x_it.o(i.UsageFault_Handler) for UsageFault_Handler
    startup_stm32f10x_md.o(RESET) refers to stm32f10x_it.o(i.SVC_Handler) for SVC_Handler
    startup_stm32f10x_md.o(RESET) refers to stm32f10x_it.o(i.DebugMon_Handler) for DebugMon_Handler
    startup_stm32f10x_md.o(RESET) refers to stm32f10x_it.o(i.PendSV_Handler) for PendSV_Handler
    startup_stm32f10x_md.o(RESET) refers to stm32f10x_it.o(i.SysTick_Handler) for SysTick_Handler
    startup_stm32f10x_md.o(RESET) refers to stm32f10x_it.o(i.EXTI9_5_IRQHandler) for EXTI9_5_IRQHandler
    startup_stm32f10x_md.o(.text) refers (Special) to heapauxi.o(.text) for __use_two_region_memory
    startup_stm32f10x_md.o(.text) refers to system_stm32f10x.o(i.SystemInit) for SystemInit
    startup_stm32f10x_md.o(.text) refers to __main.o(!!!main) for __main
    startup_stm32f10x_md.o(.text) refers to startup_stm32f10x_md.o(HEAP) for Heap_Mem
    startup_stm32f10x_md.o(.text) refers to startup_stm32f10x_md.o(STACK) for Stack_Mem
    __main.o(!!!main) refers to __rtentry.o(.ARM.Collect$$rtentry$$00000000) for __rt_entry
    __rtentry.o(.ARM.Collect$$rtentry$$00000000) refers (Special) to __rtentry2.o(.ARM.Collect$$rtentry$$0000000A) for __rt_entry_li
    __rtentry.o(.ARM.Collect$$rtentry$$00000000) refers (Special) to __rtentry2.o(.ARM.Collect$$rtentry$$0000000D) for __rt_entry_main
    __rtentry.o(.ARM.Collect$$rtentry$$00000000) refers (Special) to __rtentry2.o(.ARM.Collect$$rtentry$$0000000C) for __rt_entry_postli_1
    __rtentry.o(.ARM.Collect$$rtentry$$00000000) refers (Special) to __rtentry2.o(.ARM.Collect$$rtentry$$00000009) for __rt_entry_postsh_1
    __rtentry.o(.ARM.Collect$$rtentry$$00000000) refers (Special) to __rtentry2.o(.ARM.Collect$$rtentry$$00000002) for __rt_entry_presh_1
    __rtentry.o(.ARM.Collect$$rtentry$$00000000) refers (Special) to __rtentry4.o(.ARM.Collect$$rtentry$$00000004) for __rt_entry_sh
    __rtentry2.o(.ARM.Collect$$rtentry$$00000008) refers to boardinit2.o(.text) for _platform_post_stackheap_init
    __rtentry2.o(.ARM.Collect$$rtentry$$0000000A) refers to libinit.o(.ARM.Collect$$libinit$$00000000) for __rt_lib_init
    __rtentry2.o(.ARM.Collect$$rtentry$$0000000B) refers to boardinit3.o(.text) for _platform_post_lib_init
    __rtentry2.o(.ARM.Collect$$rtentry$$0000000D) refers to main.o(i.main) for main
    __rtentry2.o(.ARM.Collect$$rtentry$$0000000D) refers to exit.o(.text) for exit
    __rtentry2.o(.ARM.exidx) refers to __rtentry2.o(.ARM.Collect$$rtentry$$00000001) for .ARM.Collect$$rtentry$$00000001
    __rtentry2.o(.ARM.exidx) refers to __rtentry2.o(.ARM.Collect$$rtentry$$00000008) for .ARM.Collect$$rtentry$$00000008
    __rtentry2.o(.ARM.exidx) refers to __rtentry2.o(.ARM.Collect$$rtentry$$0000000A) for .ARM.Collect$$rtentry$$0000000A
    __rtentry2.o(.ARM.exidx) refers to __rtentry2.o(.ARM.Collect$$rtentry$$0000000B) for .ARM.Collect$$rtentry$$0000000B
    __rtentry2.o(.ARM.exidx) refers to __rtentry2.o(.ARM.Collect$$rtentry$$0000000D) for .ARM.Collect$$rtentry$$0000000D
    __rtentry4.o(.ARM.Collect$$rtentry$$00000004) refers to sys_stackheap_outer.o(.text) for __user_setup_stackheap
    __rtentry4.o(.ARM.exidx) refers to __rtentry4.o(.ARM.Collect$$rtentry$$00000004) for .ARM.Collect$$rtentry$$00000004
    sys_stackheap_outer.o(.text) refers to libspace.o(.text) for __user_perproc_libspace
    sys_stackheap_outer.o(.text) refers to startup_stm32f10x_md.o(.text) for __user_initial_stackheap
    exit.o(.text) refers to rtexit.o(.ARM.Collect$$rtexit$$00000000) for __rt_exit
    libinit.o(.ARM.Collect$$libinit$$00000000) refers (Special) to libinit2.o(.ARM.Collect$$libinit$$0000002E) for __rt_lib_init_alloca_1
    libinit.o(.ARM.Collect$$libinit$$00000000) refers (Special) to libinit2.o(.ARM.Collect$$libinit$$0000002C) for __rt_lib_init_argv_1
    libinit.o(.ARM.Collect$$libinit$$00000000) refers (Special) to libinit2.o(.ARM.Collect$$libinit$$0000001B) for __rt_lib_init_atexit_1
    libinit.o(.ARM.Collect$$libinit$$00000000) refers (Special) to libinit2.o(.ARM.Collect$$libinit$$00000021) for __rt_lib_init_clock_1
    libinit.o(.ARM.Collect$$libinit$$00000000) refers (Special) to libinit2.o(.ARM.Collect$$libinit$$00000032) for __rt_lib_init_cpp_1
    libinit.o(.ARM.Collect$$libinit$$00000000) refers (Special) to libinit2.o(.ARM.Collect$$libinit$$00000030) for __rt_lib_init_exceptions_1
    libinit.o(.ARM.Collect$$libinit$$00000000) refers (Special) to libinit2.o(.ARM.Collect$$libinit$$00000002) for __rt_lib_init_fp_1
    libinit.o(.ARM.Collect$$libinit$$00000000) refers (Special) to libinit2.o(.ARM.Collect$$libinit$$0000001F) for __rt_lib_init_fp_trap_1
    libinit.o(.ARM.Collect$$libinit$$00000000) refers (Special) to libinit2.o(.ARM.Collect$$libinit$$00000023) for __rt_lib_init_getenv_1
    libinit.o(.ARM.Collect$$libinit$$00000000) refers (Special) to libinit2.o(.ARM.Collect$$libinit$$0000000A) for __rt_lib_init_heap_1
    libinit.o(.ARM.Collect$$libinit$$00000000) refers (Special) to libinit2.o(.ARM.Collect$$libinit$$00000011) for __rt_lib_init_lc_collate_1
    libinit.o(.ARM.Collect$$libinit$$00000000) refers (Special) to libinit2.o(.ARM.Collect$$libinit$$00000013) for __rt_lib_init_lc_ctype_1
    libinit.o(.ARM.Collect$$libinit$$00000000) refers (Special) to libinit2.o(.ARM.Collect$$libinit$$00000015) for __rt_lib_init_lc_monetary_1
    libinit.o(.ARM.Collect$$libinit$$00000000) refers (Special) to libinit2.o(.ARM.Collect$$libinit$$00000017) for __rt_lib_init_lc_numeric_1
    libinit.o(.ARM.Collect$$libinit$$00000000) refers (Special) to libinit2.o(.ARM.Collect$$libinit$$00000019) for __rt_lib_init_lc_time_1
    libinit.o(.ARM.Collect$$libinit$$00000000) refers (Special) to libinit2.o(.ARM.Collect$$libinit$$00000004) for __rt_lib_init_preinit_1
    libinit.o(.ARM.Collect$$libinit$$00000000) refers (Special) to libinit2.o(.ARM.Collect$$libinit$$0000000E) for __rt_lib_init_rand_1
    libinit.o(.ARM.Collect$$libinit$$00000000) refers (Special) to libinit2.o(.ARM.Collect$$libinit$$00000033) for __rt_lib_init_return
    libinit.o(.ARM.Collect$$libinit$$00000000) refers (Special) to libinit2.o(.ARM.Collect$$libinit$$0000001D) for __rt_lib_init_signal_1
    libinit.o(.ARM.Collect$$libinit$$00000000) refers (Special) to libinit2.o(.ARM.Collect$$libinit$$00000025) for __rt_lib_init_stdio_1
    libinit.o(.ARM.Collect$$libinit$$00000000) refers (Special) to libinit2.o(.ARM.Collect$$libinit$$0000000C) for __rt_lib_init_user_alloc_1
    libspace.o(.text) refers to libspace.o(.bss) for __libspace_start
    rtexit.o(.ARM.Collect$$rtexit$$00000000) refers (Special) to rtexit2.o(.ARM.Collect$$rtexit$$00000004) for __rt_exit_exit
    rtexit.o(.ARM.Collect$$rtexit$$00000000) refers (Special) to rtexit2.o(.ARM.Collect$$rtexit$$00000003) for __rt_exit_ls
    rtexit.o(.ARM.Collect$$rtexit$$00000000) refers (Special) to rtexit2.o(.ARM.Collect$$rtexit$$00000002) for __rt_exit_prels_1
    rtexit.o(.ARM.exidx) refers (Special) to rtexit2.o(.ARM.Collect$$rtexit$$00000004) for __rt_exit_exit
    rtexit.o(.ARM.exidx) refers (Special) to rtexit2.o(.ARM.Collect$$rtexit$$00000003) for __rt_exit_ls
    rtexit.o(.ARM.exidx) refers (Special) to rtexit2.o(.ARM.Collect$$rtexit$$00000002) for __rt_exit_prels_1
    rtexit.o(.ARM.exidx) refers to rtexit.o(.ARM.Collect$$rtexit$$00000000) for .ARM.Collect$$rtexit$$00000000
    libinit2.o(.ARM.Collect$$libinit$$00000010) refers to libinit2.o(.ARM.Collect$$libinit$$0000000F) for .ARM.Collect$$libinit$$0000000F
    libinit2.o(.ARM.Collect$$libinit$$00000012) refers to libinit2.o(.ARM.Collect$$libinit$$0000000F) for .ARM.Collect$$libinit$$0000000F
    libinit2.o(.ARM.Collect$$libinit$$00000014) refers to libinit2.o(.ARM.Collect$$libinit$$0000000F) for .ARM.Collect$$libinit$$0000000F
    libinit2.o(.ARM.Collect$$libinit$$00000016) refers to libinit2.o(.ARM.Collect$$libinit$$0000000F) for .ARM.Collect$$libinit$$0000000F
    libinit2.o(.ARM.Collect$$libinit$$00000018) refers to libinit2.o(.ARM.Collect$$libinit$$0000000F) for .ARM.Collect$$libinit$$0000000F
    libinit2.o(.ARM.Collect$$libinit$$00000026) refers to argv_veneer.o(.emb_text) for __ARM_argv_veneer
    libinit2.o(.ARM.Collect$$libinit$$00000027) refers to argv_veneer.o(.emb_text) for __ARM_argv_veneer
    rtexit2.o(.ARM.Collect$$rtexit$$00000003) refers to libshutdown.o(.ARM.Collect$$libshutdown$$00000000) for __rt_lib_shutdown
    rtexit2.o(.ARM.Collect$$rtexit$$00000004) refers to sys_exit.o(.text) for _sys_exit
    rtexit2.o(.ARM.exidx) refers to rtexit2.o(.ARM.Collect$$rtexit$$00000001) for .ARM.Collect$$rtexit$$00000001
    rtexit2.o(.ARM.exidx) refers to rtexit2.o(.ARM.Collect$$rtexit$$00000003) for .ARM.Collect$$rtexit$$00000003
    rtexit2.o(.ARM.exidx) refers to rtexit2.o(.ARM.Collect$$rtexit$$00000004) for .ARM.Collect$$rtexit$$00000004
    argv_veneer.o(.emb_text) refers to no_argv.o(.text) for __ARM_get_argv
    sys_exit.o(.text) refers (Special) to use_no_semi.o(.text) for __I$use$semihosting
    sys_exit.o(.text) refers (Special) to indicate_semi.o(.text) for __semihosting_library_function
    _get_argv_nomalloc.o(.text) refers (Special) to hrguard.o(.text) for __heap_region$guard
    _get_argv_nomalloc.o(.text) refers to defsig_rtmem_outer.o(.text) for __rt_SIGRTMEM
    _get_argv_nomalloc.o(.text) refers to sys_command.o(.text) for _sys_command_string
    libshutdown.o(.ARM.Collect$$libshutdown$$00000000) refers (Special) to libshutdown2.o(.ARM.Collect$$libshutdown$$00000002) for __rt_lib_shutdown_cpp_1
    libshutdown.o(.ARM.Collect$$libshutdown$$00000000) refers (Special) to libshutdown2.o(.ARM.Collect$$libshutdown$$00000007) for __rt_lib_shutdown_fp_trap_1
    libshutdown.o(.ARM.Collect$$libshutdown$$00000000) refers (Special) to libshutdown2.o(.ARM.Collect$$libshutdown$$0000000F) for __rt_lib_shutdown_heap_1
    libshutdown.o(.ARM.Collect$$libshutdown$$00000000) refers (Special) to libshutdown2.o(.ARM.Collect$$libshutdown$$00000010) for __rt_lib_shutdown_return
    libshutdown.o(.ARM.Collect$$libshutdown$$00000000) refers (Special) to libshutdown2.o(.ARM.Collect$$libshutdown$$0000000A) for __rt_lib_shutdown_signal_1
    libshutdown.o(.ARM.Collect$$libshutdown$$00000000) refers (Special) to libshutdown2.o(.ARM.Collect$$libshutdown$$00000004) for __rt_lib_shutdown_stdio_1
    libshutdown.o(.ARM.Collect$$libshutdown$$00000000) refers (Special) to libshutdown2.o(.ARM.Collect$$libshutdown$$0000000C) for __rt_lib_shutdown_user_alloc_1
    sys_command.o(.text) refers (Special) to use_no_semi.o(.text) for __I$use$semihosting
    sys_command.o(.text) refers (Special) to indicate_semi.o(.text) for __semihosting_library_function
    defsig_rtmem_outer.o(.text) refers to defsig_rtmem_inner.o(.text) for __rt_SIGRTMEM_inner
    defsig_rtmem_outer.o(.text) refers to defsig_exit.o(.text) for __sig_exit
    defsig_rtmem_formal.o(.text) refers to rt_raise.o(.text) for __rt_raise
    rt_raise.o(.text) refers to __raise.o(.text) for __raise
    rt_raise.o(.text) refers to sys_exit.o(.text) for _sys_exit
    defsig_exit.o(.text) refers to sys_exit.o(.text) for _sys_exit
    defsig_rtmem_inner.o(.text) refers to defsig_general.o(.text) for __default_signal_display
    __raise.o(.text) refers to defsig.o(CL$$defsig) for __default_signal_handler
    defsig_general.o(.text) refers to sys_wrch.o(.text) for _ttywrch
    sys_wrch.o(.text) refers (Special) to use_no_semi.o(.text) for __I$use$semihosting
    sys_wrch.o(.text) refers (Special) to indicate_semi.o(.text) for __semihosting_library_function
    defsig.o(CL$$defsig) refers to defsig_rtmem_inner.o(.text) for __rt_SIGRTMEM_inner
    defsig_abrt_inner.o(.text) refers to defsig_general.o(.text) for __default_signal_display
    defsig_fpe_inner.o(.text) refers to defsig_general.o(.text) for __default_signal_display
    defsig_rtred_inner.o(.text) refers to defsig_general.o(.text) for __default_signal_display
    defsig_stak_inner.o(.text) refers to defsig_general.o(.text) for __default_signal_display
    defsig_pvfn_inner.o(.text) refers to defsig_general.o(.text) for __default_signal_display
    defsig_cppl_inner.o(.text) refers to defsig_general.o(.text) for __default_signal_display
    defsig_segv_inner.o(.text) refers to defsig_general.o(.text) for __default_signal_display
    defsig_other.o(.text) refers to defsig_general.o(.text) for __default_signal_display


==============================================================================

Removing Unused input sections from the image.

    Removing spi.o(i.CC2500_SPI_Read), (72 bytes).
    Removing gpio.o(i.NRF905_PIN_Config), (120 bytes).
    Removing gpio.o(i.USART1_PIN_Config), (36 bytes).
    Removing usart.o(i.Uart_Config), (84 bytes).
    Removing usart.o(i.Uart_SendData), (26 bytes).
    Removing usart.o(i.Uart_SendString), (22 bytes).
    Removing usart.o(i.Uart_Sendbyte), (32 bytes).
    Removing cc2500.o(i.CC2500_ModePWRdown), (26 bytes).
    Removing cc2500.o(i.CC2500_ReadStatus), (56 bytes).
    Removing 5110lcd.o(i.GPIO_Configuration_LCD), (68 bytes).
    Removing 5110lcd.o(i.LCD_WriteNumber), (128 bytes).
    Removing 5110lcd.o(i.LCD_Write_cn), (96 bytes).
    Removing 5110lcd.o(.data), (11 bytes).
    Removing isr.o(i.CC2500_Interrupt_Config), (70 bytes).
    Removing misc.o(i.NVIC_Init), (112 bytes).
    Removing misc.o(i.NVIC_PriorityGroupConfig), (20 bytes).
    Removing misc.o(i.NVIC_SetVectorTable), (20 bytes).
    Removing misc.o(i.NVIC_SystemLPConfig), (32 bytes).
    Removing misc.o(i.SysTick_CLKSourceConfig), (40 bytes).
    Removing stm32f10x_dma.o(i.DMA_ClearFlag), (28 bytes).
    Removing stm32f10x_dma.o(i.DMA_ClearITPendingBit), (28 bytes).
    Removing stm32f10x_dma.o(i.DMA_Cmd), (24 bytes).
    Removing stm32f10x_dma.o(i.DMA_DeInit), (332 bytes).
    Removing stm32f10x_dma.o(i.DMA_GetCurrDataCounter), (8 bytes).
    Removing stm32f10x_dma.o(i.DMA_GetFlagStatus), (44 bytes).
    Removing stm32f10x_dma.o(i.DMA_GetITStatus), (44 bytes).
    Removing stm32f10x_dma.o(i.DMA_ITConfig), (18 bytes).
    Removing stm32f10x_dma.o(i.DMA_Init), (60 bytes).
    Removing stm32f10x_dma.o(i.DMA_SetCurrDataCounter), (4 bytes).
    Removing stm32f10x_dma.o(i.DMA_StructInit), (26 bytes).
    Removing stm32f10x_gpio.o(i.GPIO_AFIODeInit), (20 bytes).
    Removing stm32f10x_gpio.o(i.GPIO_DeInit), (200 bytes).
    Removing stm32f10x_gpio.o(i.GPIO_ETH_MediaInterfaceConfig), (12 bytes).
    Removing stm32f10x_gpio.o(i.GPIO_EXTILineConfig), (64 bytes).
    Removing stm32f10x_gpio.o(i.GPIO_EventOutputCmd), (12 bytes).
    Removing stm32f10x_gpio.o(i.GPIO_EventOutputConfig), (32 bytes).
    Removing stm32f10x_gpio.o(i.GPIO_PinLockConfig), (18 bytes).
    Removing stm32f10x_gpio.o(i.GPIO_PinRemapConfig), (144 bytes).
    Removing stm32f10x_gpio.o(i.GPIO_ReadInputData), (8 bytes).
    Removing stm32f10x_gpio.o(i.GPIO_ReadOutputData), (8 bytes).
    Removing stm32f10x_gpio.o(i.GPIO_ReadOutputDataBit), (18 bytes).
    Removing stm32f10x_gpio.o(i.GPIO_StructInit), (16 bytes).
    Removing stm32f10x_gpio.o(i.GPIO_Write), (4 bytes).
    Removing stm32f10x_gpio.o(i.GPIO_WriteBit), (10 bytes).
    Removing stm32f10x_rcc.o(i.RCC_ADCCLKConfig), (24 bytes).
    Removing stm32f10x_rcc.o(i.RCC_AHBPeriphClockCmd), (32 bytes).
    Removing stm32f10x_rcc.o(i.RCC_APB1PeriphClockCmd), (32 bytes).
    Removing stm32f10x_rcc.o(i.RCC_APB1PeriphResetCmd), (32 bytes).
    Removing stm32f10x_rcc.o(i.RCC_APB2PeriphResetCmd), (32 bytes).
    Removing stm32f10x_rcc.o(i.RCC_AdjustHSICalibrationValue), (24 bytes).
    Removing stm32f10x_rcc.o(i.RCC_BackupResetCmd), (12 bytes).
    Removing stm32f10x_rcc.o(i.RCC_ClearFlag), (20 bytes).
    Removing stm32f10x_rcc.o(i.RCC_ClearITPendingBit), (12 bytes).
    Removing stm32f10x_rcc.o(i.RCC_ClockSecuritySystemCmd), (12 bytes).
    Removing stm32f10x_rcc.o(i.RCC_GetClocksFreq), (212 bytes).
    Removing stm32f10x_rcc.o(i.RCC_GetITStatus), (24 bytes).
    Removing stm32f10x_rcc.o(i.RCC_HSICmd), (12 bytes).
    Removing stm32f10x_rcc.o(i.RCC_ITConfig), (32 bytes).
    Removing stm32f10x_rcc.o(i.RCC_LSEConfig), (52 bytes).
    Removing stm32f10x_rcc.o(i.RCC_LSICmd), (12 bytes).
    Removing stm32f10x_rcc.o(i.RCC_MCOConfig), (12 bytes).
    Removing stm32f10x_rcc.o(i.RCC_RTCCLKCmd), (12 bytes).
    Removing stm32f10x_rcc.o(i.RCC_RTCCLKConfig), (16 bytes).
    Removing stm32f10x_rcc.o(i.RCC_USBCLKConfig), (12 bytes).
    Removing stm32f10x_rcc.o(.data), (20 bytes).
    Removing stm32f10x_spi.o(i.I2S_Cmd), (24 bytes).
    Removing stm32f10x_spi.o(i.I2S_Init), (232 bytes).
    Removing stm32f10x_spi.o(i.I2S_StructInit), (20 bytes).
    Removing stm32f10x_spi.o(i.SPI_BiDirectionalLineConfig), (28 bytes).
    Removing stm32f10x_spi.o(i.SPI_CalculateCRC), (24 bytes).
    Removing stm32f10x_spi.o(i.SPI_Cmd), (24 bytes).
    Removing stm32f10x_spi.o(i.SPI_DataSizeConfig), (18 bytes).
    Removing stm32f10x_spi.o(i.SPI_GetCRC), (16 bytes).
    Removing stm32f10x_spi.o(i.SPI_GetCRCPolynomial), (6 bytes).
    Removing stm32f10x_spi.o(i.SPI_I2S_ClearFlag), (6 bytes).
    Removing stm32f10x_spi.o(i.SPI_I2S_ClearITPendingBit), (20 bytes).
    Removing stm32f10x_spi.o(i.SPI_I2S_DMACmd), (18 bytes).
    Removing stm32f10x_spi.o(i.SPI_I2S_DeInit), (88 bytes).
    Removing stm32f10x_spi.o(i.SPI_I2S_GetFlagStatus), (18 bytes).
    Removing stm32f10x_spi.o(i.SPI_I2S_GetITStatus), (52 bytes).
    Removing stm32f10x_spi.o(i.SPI_I2S_ITConfig), (32 bytes).
    Removing stm32f10x_spi.o(i.SPI_I2S_ReceiveData), (6 bytes).
    Removing stm32f10x_spi.o(i.SPI_I2S_SendData), (4 bytes).
    Removing stm32f10x_spi.o(i.SPI_Init), (60 bytes).
    Removing stm32f10x_spi.o(i.SPI_NSSInternalSoftwareConfig), (30 bytes).
    Removing stm32f10x_spi.o(i.SPI_SSOutputCmd), (24 bytes).
    Removing stm32f10x_spi.o(i.SPI_StructInit), (24 bytes).
    Removing stm32f10x_spi.o(i.SPI_TransmitCRC), (10 bytes).
    Removing stm32f10x_usart.o(i.USART_ClearFlag), (18 bytes).
    Removing stm32f10x_usart.o(i.USART_ClearITPendingBit), (30 bytes).
    Removing stm32f10x_usart.o(i.USART_ClockInit), (34 bytes).
    Removing stm32f10x_usart.o(i.USART_ClockStructInit), (12 bytes).
    Removing stm32f10x_usart.o(i.USART_Cmd), (24 bytes).
    Removing stm32f10x_usart.o(i.USART_DMACmd), (18 bytes).
    Removing stm32f10x_usart.o(i.USART_DeInit), (156 bytes).
    Removing stm32f10x_usart.o(i.USART_GetFlagStatus), (26 bytes).
    Removing stm32f10x_usart.o(i.USART_GetITStatus), (84 bytes).
    Removing stm32f10x_usart.o(i.USART_HalfDuplexCmd), (24 bytes).
    Removing stm32f10x_usart.o(i.USART_ITConfig), (74 bytes).
    Removing stm32f10x_usart.o(i.USART_Init), (216 bytes).
    Removing stm32f10x_usart.o(i.USART_IrDACmd), (24 bytes).
    Removing stm32f10x_usart.o(i.USART_IrDAConfig), (18 bytes).
    Removing stm32f10x_usart.o(i.USART_LINBreakDetectLengthConfig), (18 bytes).
    Removing stm32f10x_usart.o(i.USART_LINCmd), (24 bytes).
    Removing stm32f10x_usart.o(i.USART_OneBitMethodCmd), (24 bytes).
    Removing stm32f10x_usart.o(i.USART_OverSampling8Cmd), (22 bytes).
    Removing stm32f10x_usart.o(i.USART_ReceiveData), (10 bytes).
    Removing stm32f10x_usart.o(i.USART_ReceiverWakeUpCmd), (24 bytes).
    Removing stm32f10x_usart.o(i.USART_SendBreak), (10 bytes).
    Removing stm32f10x_usart.o(i.USART_SendData), (8 bytes).
    Removing stm32f10x_usart.o(i.USART_SetAddress), (18 bytes).
    Removing stm32f10x_usart.o(i.USART_SetGuardTime), (16 bytes).
    Removing stm32f10x_usart.o(i.USART_SetPrescaler), (16 bytes).
    Removing stm32f10x_usart.o(i.USART_SmartCardCmd), (24 bytes).
    Removing stm32f10x_usart.o(i.USART_SmartCardNACKCmd), (24 bytes).
    Removing stm32f10x_usart.o(i.USART_StructInit), (24 bytes).
    Removing stm32f10x_usart.o(i.USART_WakeUpConfig), (18 bytes).
    Removing stm32f10x_exti.o(i.EXTI_ClearFlag), (12 bytes).
    Removing stm32f10x_exti.o(i.EXTI_DeInit), (36 bytes).
    Removing stm32f10x_exti.o(i.EXTI_GenerateSWInterrupt), (16 bytes).
    Removing stm32f10x_exti.o(i.EXTI_GetFlagStatus), (24 bytes).
    Removing stm32f10x_exti.o(i.EXTI_Init), (148 bytes).
    Removing stm32f10x_exti.o(i.EXTI_StructInit), (16 bytes).
    Removing core_cm3.o(.emb_text), (32 bytes).
    Removing system_stm32f10x.o(i.SystemCoreClockUpdate), (164 bytes).
    Removing system_stm32f10x.o(.data), (20 bytes).

126 unused section(s) (total 5191 bytes) removed from the image.

==============================================================================

Image Symbol Table

    Local Symbols

    Symbol Name                              Value     Ov Type        Size  Object(Section)

    ../clib/angel/boardlib.s                 0x00000000   Number         0  boardinit3.o ABSOLUTE
    ../clib/angel/boardlib.s                 0x00000000   Number         0  boardinit2.o ABSOLUTE
    ../clib/angel/boardlib.s                 0x00000000   Number         0  boardshut.o ABSOLUTE
    ../clib/angel/boardlib.s                 0x00000000   Number         0  boardinit1.o ABSOLUTE
    ../clib/angel/handlers.s                 0x00000000   Number         0  __scatter_zi.o ABSOLUTE
    ../clib/angel/handlers.s                 0x00000000   Number         0  __scatter_copy.o ABSOLUTE
    ../clib/angel/kernel.s                   0x00000000   Number         0  rtexit2.o ABSOLUTE
    ../clib/angel/kernel.s                   0x00000000   Number         0  rtexit.o ABSOLUTE
    ../clib/angel/kernel.s                   0x00000000   Number         0  __rtentry4.o ABSOLUTE
    ../clib/angel/kernel.s                   0x00000000   Number         0  __rtentry2.o ABSOLUTE
    ../clib/angel/kernel.s                   0x00000000   Number         0  __rtentry.o ABSOLUTE
    ../clib/angel/rt.s                       0x00000000   Number         0  rt_raise.o ABSOLUTE
    ../clib/angel/scatter.s                  0x00000000   Number         0  __scatter.o ABSOLUTE
    ../clib/angel/startup.s                  0x00000000   Number         0  __main.o ABSOLUTE
    ../clib/angel/sys.s                      0x00000000   Number         0  libspace.o ABSOLUTE
    ../clib/angel/sys.s                      0x00000000   Number         0  sys_stackheap_outer.o ABSOLUTE
    ../clib/angel/sys.s                      0x00000000   Number         0  use_no_semi.o ABSOLUTE
    ../clib/angel/sys.s                      0x00000000   Number         0  indicate_semi.o ABSOLUTE
    ../clib/angel/sysapp.c                   0x00000000   Number         0  sys_exit.o ABSOLUTE
    ../clib/angel/sysapp.c                   0x00000000   Number         0  sys_command.o ABSOLUTE
    ../clib/angel/sysapp.c                   0x00000000   Number         0  sys_wrch.o ABSOLUTE
    ../clib/armsys.c                         0x00000000   Number         0  argv_veneer.o ABSOLUTE
    ../clib/armsys.c                         0x00000000   Number         0  argv_veneer.o ABSOLUTE
    ../clib/armsys.c                         0x00000000   Number         0  no_argv.o ABSOLUTE
    ../clib/armsys.c                         0x00000000   Number         0  _get_argv_nomalloc.o ABSOLUTE
    ../clib/heapalloc.c                      0x00000000   Number         0  hrguard.o ABSOLUTE
    ../clib/heapaux.c                        0x00000000   Number         0  heapauxi.o ABSOLUTE
    ../clib/libinit.s                        0x00000000   Number         0  libshutdown.o ABSOLUTE
    ../clib/libinit.s                        0x00000000   Number         0  libinit.o ABSOLUTE
    ../clib/libinit.s                        0x00000000   Number         0  libinit2.o ABSOLUTE
    ../clib/libinit.s                        0x00000000   Number         0  libshutdown2.o ABSOLUTE
    ../clib/signal.c                         0x00000000   Number         0  defsig_other.o ABSOLUTE
    ../clib/signal.c                         0x00000000   Number         0  defsig_segv_inner.o ABSOLUTE
    ../clib/signal.c                         0x00000000   Number         0  defsig_cppl_inner.o ABSOLUTE
    ../clib/signal.c                         0x00000000   Number         0  defsig_pvfn_inner.o ABSOLUTE
    ../clib/signal.c                         0x00000000   Number         0  defsig_general.o ABSOLUTE
    ../clib/signal.c                         0x00000000   Number         0  __raise.o ABSOLUTE
    ../clib/signal.c                         0x00000000   Number         0  defsig_rtmem_inner.o ABSOLUTE
    ../clib/signal.c                         0x00000000   Number         0  defsig_stak_inner.o ABSOLUTE
    ../clib/signal.c                         0x00000000   Number         0  defsig_rtred_inner.o ABSOLUTE
    ../clib/signal.c                         0x00000000   Number         0  defsig_rtmem_formal.o ABSOLUTE
    ../clib/signal.c                         0x00000000   Number         0  defsig_rtmem_outer.o ABSOLUTE
    ../clib/signal.c                         0x00000000   Number         0  defsig_exit.o ABSOLUTE
    ../clib/signal.c                         0x00000000   Number         0  defsig_fpe_inner.o ABSOLUTE
    ../clib/signal.c                         0x00000000   Number         0  defsig_abrt_inner.o ABSOLUTE
    ../clib/signal.s                         0x00000000   Number         0  defsig.o ABSOLUTE
    ../clib/stdlib.c                         0x00000000   Number         0  exit.o ABSOLUTE
    ../fplib/fpinit.s                        0x00000000   Number         0  fpinit.o ABSOLUTE
    ..\CMSIS\CM3\CoreSupport\core_cm3.c      0x00000000   Number         0  core_cm3.o ABSOLUTE
    ..\CMSIS\CM3\DeviceSupport\ST\STM32F10x\startup\arm\startup_stm32f10x_md.s 0x00000000   Number         0  startup_stm32f10x_md.o ABSOLUTE
    ..\CMSIS\CM3\DeviceSupport\ST\STM32F10x\system_stm32f10x.c 0x00000000   Number         0  system_stm32f10x.o ABSOLUTE
    ..\StdPeriph_Driver\src\misc.c           0x00000000   Number         0  misc.o ABSOLUTE
    ..\StdPeriph_Driver\src\stm32f10x_dma.c  0x00000000   Number         0  stm32f10x_dma.o ABSOLUTE
    ..\StdPeriph_Driver\src\stm32f10x_exti.c 0x00000000   Number         0  stm32f10x_exti.o ABSOLUTE
    ..\StdPeriph_Driver\src\stm32f10x_gpio.c 0x00000000   Number         0  stm32f10x_gpio.o ABSOLUTE
    ..\StdPeriph_Driver\src\stm32f10x_rcc.c  0x00000000   Number         0  stm32f10x_rcc.o ABSOLUTE
    ..\StdPeriph_Driver\src\stm32f10x_spi.c  0x00000000   Number         0  stm32f10x_spi.o ABSOLUTE
    ..\StdPeriph_Driver\src\stm32f10x_usart.c 0x00000000   Number         0  stm32f10x_usart.o ABSOLUTE
    ..\User\5110LCD.c                        0x00000000   Number         0  5110lcd.o ABSOLUTE
    ..\User\DELAY.c                          0x00000000   Number         0  delay.o ABSOLUTE
    ..\User\ISR.c                            0x00000000   Number         0  isr.o ABSOLUTE
    ..\User\cc2500.c                         0x00000000   Number         0  cc2500.o ABSOLUTE
    ..\User\gpio.c                           0x00000000   Number         0  gpio.o ABSOLUTE
    ..\User\main.c                           0x00000000   Number         0  main.o ABSOLUTE
    ..\User\spi.c                            0x00000000   Number         0  spi.o ABSOLUTE
    ..\User\stm32f10x_it.c                   0x00000000   Number         0  stm32f10x_it.o ABSOLUTE
    ..\User\usart.c                          0x00000000   Number         0  usart.o ABSOLUTE
    ..\\CMSIS\\CM3\\CoreSupport\\core_cm3.c  0x00000000   Number         0  core_cm3.o ABSOLUTE
    dc.s                                     0x00000000   Number         0  dc.o ABSOLUTE
    RESET                                    0x08000000   Section      236  startup_stm32f10x_md.o(RESET)
    !!!main                                  0x080000ec   Section        8  __main.o(!!!main)
    !!!scatter                               0x080000f4   Section       52  __scatter.o(!!!scatter)
    !!handler_copy                           0x08000128   Section       26  __scatter_copy.o(!!handler_copy)
    !!handler_zi                             0x08000144   Section       28  __scatter_zi.o(!!handler_zi)
    .ARM.Collect$$libinit$$00000000          0x08000160   Section        2  libinit.o(.ARM.Collect$$libinit$$00000000)
    .ARM.Collect$$libinit$$00000002          0x08000162   Section        0  libinit2.o(.ARM.Collect$$libinit$$00000002)
    .ARM.Collect$$libinit$$00000004          0x08000162   Section        0  libinit2.o(.ARM.Collect$$libinit$$00000004)
    .ARM.Collect$$libinit$$0000000A          0x08000162   Section        0  libinit2.o(.ARM.Collect$$libinit$$0000000A)
    .ARM.Collect$$libinit$$0000000C          0x08000162   Section        0  libinit2.o(.ARM.Collect$$libinit$$0000000C)
    .ARM.Collect$$libinit$$0000000E          0x08000162   Section        0  libinit2.o(.ARM.Collect$$libinit$$0000000E)
    .ARM.Collect$$libinit$$00000011          0x08000162   Section        0  libinit2.o(.ARM.Collect$$libinit$$00000011)
    .ARM.Collect$$libinit$$00000013          0x08000162   Section        0  libinit2.o(.ARM.Collect$$libinit$$00000013)
    .ARM.Collect$$libinit$$00000015          0x08000162   Section        0  libinit2.o(.ARM.Collect$$libinit$$00000015)
    .ARM.Collect$$libinit$$00000017          0x08000162   Section        0  libinit2.o(.ARM.Collect$$libinit$$00000017)
    .ARM.Collect$$libinit$$00000019          0x08000162   Section        0  libinit2.o(.ARM.Collect$$libinit$$00000019)
    .ARM.Collect$$libinit$$0000001B          0x08000162   Section        0  libinit2.o(.ARM.Collect$$libinit$$0000001B)
    .ARM.Collect$$libinit$$0000001D          0x08000162   Section        0  libinit2.o(.ARM.Collect$$libinit$$0000001D)
    .ARM.Collect$$libinit$$0000001F          0x08000162   Section        0  libinit2.o(.ARM.Collect$$libinit$$0000001F)
    .ARM.Collect$$libinit$$00000021          0x08000162   Section        0  libinit2.o(.ARM.Collect$$libinit$$00000021)
    .ARM.Collect$$libinit$$00000023          0x08000162   Section        0  libinit2.o(.ARM.Collect$$libinit$$00000023)
    .ARM.Collect$$libinit$$00000025          0x08000162   Section        0  libinit2.o(.ARM.Collect$$libinit$$00000025)
    .ARM.Collect$$libinit$$0000002C          0x08000162   Section        0  libinit2.o(.ARM.Collect$$libinit$$0000002C)
    .ARM.Collect$$libinit$$0000002E          0x08000162   Section        0  libinit2.o(.ARM.Collect$$libinit$$0000002E)
    .ARM.Collect$$libinit$$00000030          0x08000162   Section        0  libinit2.o(.ARM.Collect$$libinit$$00000030)
    .ARM.Collect$$libinit$$00000032          0x08000162   Section        0  libinit2.o(.ARM.Collect$$libinit$$00000032)
    .ARM.Collect$$libinit$$00000033          0x08000162   Section        2  libinit2.o(.ARM.Collect$$libinit$$00000033)
    .ARM.Collect$$libshutdown$$00000000      0x08000164   Section        2  libshutdown.o(.ARM.Collect$$libshutdown$$00000000)
    .ARM.Collect$$libshutdown$$00000002      0x08000166   Section        0  libshutdown2.o(.ARM.Collect$$libshutdown$$00000002)
    .ARM.Collect$$libshutdown$$00000004      0x08000166   Section        0  libshutdown2.o(.ARM.Collect$$libshutdown$$00000004)
    .ARM.Collect$$libshutdown$$00000007      0x08000166   Section        0  libshutdown2.o(.ARM.Collect$$libshutdown$$00000007)
    .ARM.Collect$$libshutdown$$0000000A      0x08000166   Section        0  libshutdown2.o(.ARM.Collect$$libshutdown$$0000000A)
    .ARM.Collect$$libshutdown$$0000000C      0x08000166   Section        0  libshutdown2.o(.ARM.Collect$$libshutdown$$0000000C)
    .ARM.Collect$$libshutdown$$0000000F      0x08000166   Section        0  libshutdown2.o(.ARM.Collect$$libshutdown$$0000000F)
    .ARM.Collect$$libshutdown$$00000010      0x08000166   Section        2  libshutdown2.o(.ARM.Collect$$libshutdown$$00000010)
    .ARM.Collect$$rtentry$$00000000          0x08000168   Section        0  __rtentry.o(.ARM.Collect$$rtentry$$00000000)
    .ARM.Collect$$rtentry$$00000002          0x08000168   Section        0  __rtentry2.o(.ARM.Collect$$rtentry$$00000002)
    .ARM.Collect$$rtentry$$00000004          0x08000168   Section        6  __rtentry4.o(.ARM.Collect$$rtentry$$00000004)
    .ARM.Collect$$rtentry$$00000009          0x0800016e   Section        0  __rtentry2.o(.ARM.Collect$$rtentry$$00000009)
    .ARM.Collect$$rtentry$$0000000A          0x0800016e   Section        4  __rtentry2.o(.ARM.Collect$$rtentry$$0000000A)
    .ARM.Collect$$rtentry$$0000000C          0x08000172   Section        0  __rtentry2.o(.ARM.Collect$$rtentry$$0000000C)
    .ARM.Collect$$rtentry$$0000000D          0x08000172   Section        8  __rtentry2.o(.ARM.Collect$$rtentry$$0000000D)
    .ARM.Collect$$rtexit$$00000000           0x0800017a   Section        2  rtexit.o(.ARM.Collect$$rtexit$$00000000)
    .ARM.Collect$$rtexit$$00000002           0x0800017c   Section        0  rtexit2.o(.ARM.Collect$$rtexit$$00000002)
    .ARM.Collect$$rtexit$$00000003           0x0800017c   Section        4  rtexit2.o(.ARM.Collect$$rtexit$$00000003)
    .ARM.Collect$$rtexit$$00000004           0x08000180   Section        6  rtexit2.o(.ARM.Collect$$rtexit$$00000004)
    .text                                    0x08000188   Section       64  startup_stm32f10x_md.o(.text)
    .text                                    0x080001c8   Section        0  heapauxi.o(.text)
    .text                                    0x080001ce   Section       74  sys_stackheap_outer.o(.text)
    .text                                    0x08000218   Section        0  exit.o(.text)
    .text                                    0x0800022c   Section        8  libspace.o(.text)
    .text                                    0x08000234   Section        0  sys_exit.o(.text)
    .text                                    0x08000240   Section        2  use_no_semi.o(.text)
    .text                                    0x08000242   Section        0  indicate_semi.o(.text)
    i.BusFault_Handler                       0x08000242   Section        0  stm32f10x_it.o(i.BusFault_Handler)
    i.CC2500_BurstRead                       0x08000248   Section        0  cc2500.o(i.CC2500_BurstRead)
    i.CC2500_BustWrite                       0x080002a4   Section        0  cc2500.o(i.CC2500_BustWrite)
    i.CC2500_ClrRXFIFO                       0x08000354   Section        0  cc2500.o(i.CC2500_ClrRXFIFO)
    i.CC2500_ClrTXFIFO                       0x0800036e   Section        0  cc2500.o(i.CC2500_ClrTXFIFO)
    i.CC2500_Disable_Interrupt               0x08000388   Section        0  cc2500.o(i.CC2500_Disable_Interrupt)
    i.CC2500_Enable_Interrupt                0x080003a0   Section        0  cc2500.o(i.CC2500_Enable_Interrupt)
    i.CC2500_Init                            0x080003b8   Section        0  cc2500.o(i.CC2500_Init)
    i.CC2500_ModeIdle                        0x08000468   Section        0  cc2500.o(i.CC2500_ModeIdle)
    i.CC2500_ModeRx                          0x08000478   Section        0  cc2500.o(i.CC2500_ModeRx)
    i.CC2500_ModeTx                          0x0800048c   Section        0  cc2500.o(i.CC2500_ModeTx)
    i.CC2500_PIN_Config                      0x080004a0   Section        0  gpio.o(i.CC2500_PIN_Config)
    i.CC2500_ReadReg                         0x0800051c   Section        0  cc2500.o(i.CC2500_ReadReg)
    i.CC2500_RevPacket                       0x08000570   Section        0  cc2500.o(i.CC2500_RevPacket)
    i.CC2500_SPI_RW                          0x080005d0   Section        0  spi.o(i.CC2500_SPI_RW)
    i.CC2500_SPI_Write                       0x08000634   Section        0  spi.o(i.CC2500_SPI_Write)
    i.CC2500_SendPacket                      0x08000684   Section        0  cc2500.o(i.CC2500_SendPacket)
    i.CC2500_SetPA                           0x080006b4   Section        0  cc2500.o(i.CC2500_SetPA)
    i.CC2500_WaitTX_Done                     0x080006c8   Section        0  cc2500.o(i.CC2500_WaitTX_Done)
    i.CC2500_WriteByte                       0x080006f0   Section        0  cc2500.o(i.CC2500_WriteByte)
    i.CC2500_WriteSettings                   0x0800073c   Section        0  cc2500.o(i.CC2500_WriteSettings)
    i.CC2500_WriteStrobe                     0x08000864   Section        0  cc2500.o(i.CC2500_WriteStrobe)
    i.ClearDataBuf                           0x0800089c   Section        0  cc2500.o(i.ClearDataBuf)
    i.DebugMon_Handler                       0x080008b0   Section        0  stm32f10x_it.o(i.DebugMon_Handler)
    i.EXTI9_5_IRQHandler                     0x080008b4   Section        0  stm32f10x_it.o(i.EXTI9_5_IRQHandler)
    i.EXTI_ClearITPendingBit                 0x080008f8   Section        0  stm32f10x_exti.o(i.EXTI_ClearITPendingBit)
    i.EXTI_GetITStatus                       0x08000904   Section        0  stm32f10x_exti.o(i.EXTI_GetITStatus)
    i.GPIO_Init                              0x0800092c   Section        0  stm32f10x_gpio.o(i.GPIO_Init)
    i.GPIO_ReadInputDataBit                  0x08000a42   Section        0  stm32f10x_gpio.o(i.GPIO_ReadInputDataBit)
    i.GPIO_ResetBits                         0x08000a54   Section        0  stm32f10x_gpio.o(i.GPIO_ResetBits)
    i.GPIO_SetBits                           0x08000a58   Section        0  stm32f10x_gpio.o(i.GPIO_SetBits)
    i.HardFault_Handler                      0x08000a5c   Section        0  stm32f10x_it.o(i.HardFault_Handler)
    i.LCD_Clear                              0x08000a60   Section        0  5110lcd.o(i.LCD_Clear)
    i.LCD_Init                               0x08000a8c   Section        0  5110lcd.o(i.LCD_Init)
    i.LCD_Set_XY                             0x08000af8   Section        0  5110lcd.o(i.LCD_Set_XY)
    i.LCD_WriteByte                          0x08000b28   Section        0  5110lcd.o(i.LCD_WriteByte)
    i.LCD_WriteChar                          0x08000ba4   Section        0  5110lcd.o(i.LCD_WriteChar)
    i.LCD_WriteString_en                     0x08000bfc   Section        0  5110lcd.o(i.LCD_WriteString_en)
    i.LED_PIN_Config                         0x08000c4c   Section        0  gpio.o(i.LED_PIN_Config)
    i.MemManage_Handler                      0x08000c70   Section        0  stm32f10x_it.o(i.MemManage_Handler)
    i.NMI_Handler                            0x08000c74   Section        0  stm32f10x_it.o(i.NMI_Handler)
    i.Nokia_PIN_Config                       0x08000c78   Section        0  gpio.o(i.Nokia_PIN_Config)
    i.PendSV_Handler                         0x08000cbc   Section        0  stm32f10x_it.o(i.PendSV_Handler)
    i.RCC_APB2PeriphClockCmd                 0x08000cc0   Section        0  stm32f10x_rcc.o(i.RCC_APB2PeriphClockCmd)
    i.RCC_Configuration                      0x08000ce0   Section        0  main.o(i.RCC_Configuration)
    i.RCC_DeInit                             0x08000d68   Section        0  stm32f10x_rcc.o(i.RCC_DeInit)
    i.RCC_GetFlagStatus                      0x08000db4   Section        0  stm32f10x_rcc.o(i.RCC_GetFlagStatus)
    i.RCC_GetSYSCLKSource                    0x08000df0   Section        0  stm32f10x_rcc.o(i.RCC_GetSYSCLKSource)
    i.RCC_HCLKConfig                         0x08000e00   Section        0  stm32f10x_rcc.o(i.RCC_HCLKConfig)
    i.RCC_HSEConfig                          0x08000e18   Section        0  stm32f10x_rcc.o(i.RCC_HSEConfig)
    i.RCC_PCLK1Config                        0x08000e64   Section        0  stm32f10x_rcc.o(i.RCC_PCLK1Config)
    i.RCC_PCLK2Config                        0x08000e7c   Section        0  stm32f10x_rcc.o(i.RCC_PCLK2Config)
    i.RCC_PLLCmd                             0x08000e94   Section        0  stm32f10x_rcc.o(i.RCC_PLLCmd)
    i.RCC_PLLConfig                          0x08000ea0   Section        0  stm32f10x_rcc.o(i.RCC_PLLConfig)
    i.RCC_SYSCLKConfig                       0x08000ebc   Section        0  stm32f10x_rcc.o(i.RCC_SYSCLKConfig)
    i.RCC_WaitForHSEStartUp                  0x08000ed4   Section        0  stm32f10x_rcc.o(i.RCC_WaitForHSEStartUp)
    i.SVC_Handler                            0x08000f0c   Section        0  stm32f10x_it.o(i.SVC_Handler)
    i.SetSysClock                            0x08000f0e   Section        0  system_stm32f10x.o(i.SetSysClock)
    SetSysClock                              0x08000f0f   Thumb Code     8  system_stm32f10x.o(i.SetSysClock)
    i.SetSysClockTo72                        0x08000f18   Section        0  system_stm32f10x.o(i.SetSysClockTo72)
    SetSysClockTo72                          0x08000f19   Thumb Code   214  system_stm32f10x.o(i.SetSysClockTo72)
    i.SysTick_Handler                        0x08000ff8   Section        0  stm32f10x_it.o(i.SysTick_Handler)
    i.SystemInit                             0x08000ffc   Section        0  system_stm32f10x.o(i.SystemInit)
    i.UsageFault_Handler                     0x0800105c   Section        0  stm32f10x_it.o(i.UsageFault_Handler)
    i.delay_init                             0x08001060   Section        0  delay.o(i.delay_init)
    i.delay_ms                               0x080010a0   Section        0  5110lcd.o(i.delay_ms)
    i.delay_nms                              0x080010b8   Section        0  delay.o(i.delay_nms)
    i.delay_ns                               0x080010f8   Section        0  delay.o(i.delay_ns)
    i.delay_nus                              0x08001114   Section        0  delay.o(i.delay_nus)
    i.main                                   0x0800114c   Section        0  main.o(i.main)
    .constdata                               0x080011bc   Section       47  cc2500.o(.constdata)
    .constdata                               0x080011eb   Section      888  5110lcd.o(.constdata)
    .data                                    0x20000000   Section       34  main.o(.data)
    .data                                    0x20000022   Section        8  cc2500.o(.data)
    .data                                    0x2000002a   Section        4  delay.o(.data)
    fac_us                                   0x2000002a   Data           1  delay.o(.data)
    fac_ms                                   0x2000002c   Data           2  delay.o(.data)
    .bss                                     0x20000030   Section       32  main.o(.bss)
    .bss                                     0x20000050   Section       96  libspace.o(.bss)
    HEAP                                     0x200000b0   Section      512  startup_stm32f10x_md.o(HEAP)
    Heap_Mem                                 0x200000b0   Data         512  startup_stm32f10x_md.o(HEAP)
    STACK                                    0x200002b0   Section     1024  startup_stm32f10x_md.o(STACK)
    Stack_Mem                                0x200002b0   Data        1024  startup_stm32f10x_md.o(STACK)
    __initial_sp                             0x200006b0   Data           0  startup_stm32f10x_md.o(STACK)

    Global Symbols

    Symbol Name                              Value     Ov Type        Size  Object(Section)

    BuildAttributes$$THM_ISAv4$P$D$K$B$S$PE$A:L22UL41UL21$X:L11$S22US41US21$IEEE1$IW$USESV6$~STKCKD$USESV7$~SHL$OSPACE$ROPI$EBA8$UX$STANDARDLIB$REQ8$PRES8$EABIv2 0x00000000   Number         0  anon$$obj.o ABSOLUTE
    __ARM_use_no_argv                        0x00000000   Number         0  main.o ABSOLUTE
    __ARM_exceptions_init                     - Undefined Weak Reference
    __alloca_initialize                       - Undefined Weak Reference
    __arm_preinit_                            - Undefined Weak Reference
    __cpp_initialize__aeabi_                  - Undefined Weak Reference
    __cxa_finalize                            - Undefined Weak Reference
    __rt_locale                               - Undefined Weak Reference
    __sigvec_lookup                           - Undefined Weak Reference
    _atexit_init                              - Undefined Weak Reference
    _call_atexit_fns                          - Undefined Weak Reference
    _clock_init                               - Undefined Weak Reference
    _fp_trap_init                             - Undefined Weak Reference
    _fp_trap_shutdown                         - Undefined Weak Reference
    _get_lc_collate                           - Undefined Weak Reference
    _get_lc_ctype                             - Undefined Weak Reference
    _get_lc_monetary                          - Undefined Weak Reference
    _get_lc_numeric                           - Undefined Weak Reference
    _get_lc_time                              - Undefined Weak Reference
    _getenv_init                              - Undefined Weak Reference
    _handle_redirection                       - Undefined Weak Reference
    _init_alloc                               - Undefined Weak Reference
    _init_user_alloc                          - Undefined Weak Reference
    _initio                                   - Undefined Weak Reference
    _rand_init                                - Undefined Weak Reference
    _signal_finish                            - Undefined Weak Reference
    _signal_init                              - Undefined Weak Reference
    _terminate_alloc                          - Undefined Weak Reference
    _terminate_user_alloc                     - Undefined Weak Reference
    _terminateio                              - Undefined Weak Reference
    __Vectors_Size                           0x000000ec   Number         0  startup_stm32f10x_md.o ABSOLUTE
    __Vectors                                0x08000000   Data           4  startup_stm32f10x_md.o(RESET)
    __Vectors_End                            0x080000ec   Data           0  startup_stm32f10x_md.o(RESET)
    __main                                   0x080000ed   Thumb Code     8  __main.o(!!!main)
    __scatterload                            0x080000f5   Thumb Code     0  __scatter.o(!!!scatter)
    __scatterload_rt2                        0x080000f5   Thumb Code    44  __scatter.o(!!!scatter)
    __scatterload_rt2_thumb_only             0x080000f5   Thumb Code     0  __scatter.o(!!!scatter)
    __scatterload_null                       0x08000103   Thumb Code     0  __scatter.o(!!!scatter)
    __scatterload_copy                       0x08000129   Thumb Code    26  __scatter_copy.o(!!handler_copy)
    __scatterload_zeroinit                   0x08000145   Thumb Code    28  __scatter_zi.o(!!handler_zi)
    __rt_lib_init                            0x08000161   Thumb Code     0  libinit.o(.ARM.Collect$$libinit$$00000000)
    __rt_lib_init_alloca_1                   0x08000163   Thumb Code     0  libinit2.o(.ARM.Collect$$libinit$$0000002E)
    __rt_lib_init_argv_1                     0x08000163   Thumb Code     0  libinit2.o(.ARM.Collect$$libinit$$0000002C)
    __rt_lib_init_atexit_1                   0x08000163   Thumb Code     0  libinit2.o(.ARM.Collect$$libinit$$0000001B)
    __rt_lib_init_clock_1                    0x08000163   Thumb Code     0  libinit2.o(.ARM.Collect$$libinit$$00000021)
    __rt_lib_init_cpp_1                      0x08000163   Thumb Code     0  libinit2.o(.ARM.Collect$$libinit$$00000032)
    __rt_lib_init_exceptions_1               0x08000163   Thumb Code     0  libinit2.o(.ARM.Collect$$libinit$$00000030)
    __rt_lib_init_fp_1                       0x08000163   Thumb Code     0  libinit2.o(.ARM.Collect$$libinit$$00000002)
    __rt_lib_init_fp_trap_1                  0x08000163   Thumb Code     0  libinit2.o(.ARM.Collect$$libinit$$0000001F)
    __rt_lib_init_getenv_1                   0x08000163   Thumb Code     0  libinit2.o(.ARM.Collect$$libinit$$00000023)
    __rt_lib_init_heap_1                     0x08000163   Thumb Code     0  libinit2.o(.ARM.Collect$$libinit$$0000000A)
    __rt_lib_init_lc_collate_1               0x08000163   Thumb Code     0  libinit2.o(.ARM.Collect$$libinit$$00000011)
    __rt_lib_init_lc_ctype_1                 0x08000163   Thumb Code     0  libinit2.o(.ARM.Collect$$libinit$$00000013)
    __rt_lib_init_lc_monetary_1              0x08000163   Thumb Code     0  libinit2.o(.ARM.Collect$$libinit$$00000015)
    __rt_lib_init_lc_numeric_1               0x08000163   Thumb Code     0  libinit2.o(.ARM.Collect$$libinit$$00000017)
    __rt_lib_init_lc_time_1                  0x08000163   Thumb Code     0  libinit2.o(.ARM.Collect$$libinit$$00000019)
    __rt_lib_init_preinit_1                  0x08000163   Thumb Code     0  libinit2.o(.ARM.Collect$$libinit$$00000004)
    __rt_lib_init_rand_1                     0x08000163   Thumb Code     0  libinit2.o(.ARM.Collect$$libinit$$0000000E)
    __rt_lib_init_return                     0x08000163   Thumb Code     0  libinit2.o(.ARM.Collect$$libinit$$00000033)
    __rt_lib_init_signal_1                   0x08000163   Thumb Code     0  libinit2.o(.ARM.Collect$$libinit$$0000001D)
    __rt_lib_init_stdio_1                    0x08000163   Thumb Code     0  libinit2.o(.ARM.Collect$$libinit$$00000025)
    __rt_lib_init_user_alloc_1               0x08000163   Thumb Code     0  libinit2.o(.ARM.Collect$$libinit$$0000000C)
    __rt_lib_shutdown                        0x08000165   Thumb Code     0  libshutdown.o(.ARM.Collect$$libshutdown$$00000000)
    __rt_lib_shutdown_cpp_1                  0x08000167   Thumb Code     0  libshutdown2.o(.ARM.Collect$$libshutdown$$00000002)
    __rt_lib_shutdown_fp_trap_1              0x08000167   Thumb Code     0  libshutdown2.o(.ARM.Collect$$libshutdown$$00000007)
    __rt_lib_shutdown_heap_1                 0x08000167   Thumb Code     0  libshutdown2.o(.ARM.Collect$$libshutdown$$0000000F)
    __rt_lib_shutdown_return                 0x08000167   Thumb Code     0  libshutdown2.o(.ARM.Collect$$libshutdown$$00000010)
    __rt_lib_shutdown_signal_1               0x08000167   Thumb Code     0  libshutdown2.o(.ARM.Collect$$libshutdown$$0000000A)
    __rt_lib_shutdown_stdio_1                0x08000167   Thumb Code     0  libshutdown2.o(.ARM.Collect$$libshutdown$$00000004)
    __rt_lib_shutdown_user_alloc_1           0x08000167   Thumb Code     0  libshutdown2.o(.ARM.Collect$$libshutdown$$0000000C)
    __rt_entry                               0x08000169   Thumb Code     0  __rtentry.o(.ARM.Collect$$rtentry$$00000000)
    __rt_entry_presh_1                       0x08000169   Thumb Code     0  __rtentry2.o(.ARM.Collect$$rtentry$$00000002)
    __rt_entry_sh                            0x08000169   Thumb Code     0  __rtentry4.o(.ARM.Collect$$rtentry$$00000004)
    __rt_entry_li                            0x0800016f   Thumb Code     0  __rtentry2.o(.ARM.Collect$$rtentry$$0000000A)
    __rt_entry_postsh_1                      0x0800016f   Thumb Code     0  __rtentry2.o(.ARM.Collect$$rtentry$$00000009)
    __rt_entry_main                          0x08000173   Thumb Code     0  __rtentry2.o(.ARM.Collect$$rtentry$$0000000D)
    __rt_entry_postli_1                      0x08000173   Thumb Code     0  __rtentry2.o(.ARM.Collect$$rtentry$$0000000C)
    __rt_exit                                0x0800017b   Thumb Code     0  rtexit.o(.ARM.Collect$$rtexit$$00000000)
    __rt_exit_ls                             0x0800017d   Thumb Code     0  rtexit2.o(.ARM.Collect$$rtexit$$00000003)
    __rt_exit_prels_1                        0x0800017d   Thumb Code     0  rtexit2.o(.ARM.Collect$$rtexit$$00000002)
    __rt_exit_exit                           0x08000181   Thumb Code     0  rtexit2.o(.ARM.Collect$$rtexit$$00000004)
    Reset_Handler                            0x08000189   Thumb Code     8  startup_stm32f10x_md.o(.text)
    ADC1_2_IRQHandler                        0x080001a3   Thumb Code     0  startup_stm32f10x_md.o(.text)
    CAN1_RX1_IRQHandler                      0x080001a3   Thumb Code     0  startup_stm32f10x_md.o(.text)
    CAN1_SCE_IRQHandler                      0x080001a3   Thumb Code     0  startup_stm32f10x_md.o(.text)
    DMA1_Channel1_IRQHandler                 0x080001a3   Thumb Code     0  startup_stm32f10x_md.o(.text)
    DMA1_Channel2_IRQHandler                 0x080001a3   Thumb Code     0  startup_stm32f10x_md.o(.text)
    DMA1_Channel3_IRQHandler                 0x080001a3   Thumb Code     0  startup_stm32f10x_md.o(.text)
    DMA1_Channel4_IRQHandler                 0x080001a3   Thumb Code     0  startup_stm32f10x_md.o(.text)
    DMA1_Channel5_IRQHandler                 0x080001a3   Thumb Code     0  startup_stm32f10x_md.o(.text)
    DMA1_Channel6_IRQHandler                 0x080001a3   Thumb Code     0  startup_stm32f10x_md.o(.text)
    DMA1_Channel7_IRQHandler                 0x080001a3   Thumb Code     0  startup_stm32f10x_md.o(.text)
    EXTI0_IRQHandler                         0x080001a3   Thumb Code     0  startup_stm32f10x_md.o(.text)
    EXTI15_10_IRQHandler                     0x080001a3   Thumb Code     0  startup_stm32f10x_md.o(.text)
    EXTI1_IRQHandler                         0x080001a3   Thumb Code     0  startup_stm32f10x_md.o(.text)
    EXTI2_IRQHandler                         0x080001a3   Thumb Code     0  startup_stm32f10x_md.o(.text)
    EXTI3_IRQHandler                         0x080001a3   Thumb Code     0  startup_stm32f10x_md.o(.text)
    EXTI4_IRQHandler                         0x080001a3   Thumb Code     0  startup_stm32f10x_md.o(.text)
    FLASH_IRQHandler                         0x080001a3   Thumb Code     0  startup_stm32f10x_md.o(.text)
    I2C1_ER_IRQHandler                       0x080001a3   Thumb Code     0  startup_stm32f10x_md.o(.text)
    I2C1_EV_IRQHandler                       0x080001a3   Thumb Code     0  startup_stm32f10x_md.o(.text)
    I2C2_ER_IRQHandler                       0x080001a3   Thumb Code     0  startup_stm32f10x_md.o(.text)
    I2C2_EV_IRQHandler                       0x080001a3   Thumb Code     0  startup_stm32f10x_md.o(.text)
    PVD_IRQHandler                           0x080001a3   Thumb Code     0  startup_stm32f10x_md.o(.text)
    RCC_IRQHandler                           0x080001a3   Thumb Code     0  startup_stm32f10x_md.o(.text)
    RTCAlarm_IRQHandler                      0x080001a3   Thumb Code     0  startup_stm32f10x_md.o(.text)
    RTC_IRQHandler                           0x080001a3   Thumb Code     0  startup_stm32f10x_md.o(.text)
    SPI1_IRQHandler                          0x080001a3   Thumb Code     0  startup_stm32f10x_md.o(.text)
    SPI2_IRQHandler                          0x080001a3   Thumb Code     0  startup_stm32f10x_md.o(.text)
    TAMPER_IRQHandler                        0x080001a3   Thumb Code     0  startup_stm32f10x_md.o(.text)
    TIM1_BRK_IRQHandler                      0x080001a3   Thumb Code     0  startup_stm32f10x_md.o(.text)
    TIM1_CC_IRQHandler                       0x080001a3   Thumb Code     0  startup_stm32f10x_md.o(.text)
    TIM1_TRG_COM_IRQHandler                  0x080001a3   Thumb Code     0  startup_stm32f10x_md.o(.text)
    TIM1_UP_IRQHandler                       0x080001a3   Thumb Code     0  startup_stm32f10x_md.o(.text)
    TIM2_IRQHandler                          0x080001a3   Thumb Code     0  startup_stm32f10x_md.o(.text)
    TIM3_IRQHandler                          0x080001a3   Thumb Code     0  startup_stm32f10x_md.o(.text)
    TIM4_IRQHandler                          0x080001a3   Thumb Code     0  startup_stm32f10x_md.o(.text)
    USART1_IRQHandler                        0x080001a3   Thumb Code     0  startup_stm32f10x_md.o(.text)
    USART2_IRQHandler                        0x080001a3   Thumb Code     0  startup_stm32f10x_md.o(.text)
    USART3_IRQHandler                        0x080001a3   Thumb Code     0  startup_stm32f10x_md.o(.text)
    USBWakeUp_IRQHandler                     0x080001a3   Thumb Code     0  startup_stm32f10x_md.o(.text)
    USB_HP_CAN1_TX_IRQHandler                0x080001a3   Thumb Code     0  startup_stm32f10x_md.o(.text)
    USB_LP_CAN1_RX0_IRQHandler               0x080001a3   Thumb Code     0  startup_stm32f10x_md.o(.text)
    WWDG_IRQHandler                          0x080001a3   Thumb Code     0  startup_stm32f10x_md.o(.text)
    __user_initial_stackheap                 0x080001a5   Thumb Code     0  startup_stm32f10x_md.o(.text)
    __use_two_region_memory                  0x080001c9   Thumb Code     2  heapauxi.o(.text)
    __rt_heap_escrow$2region                 0x080001cb   Thumb Code     2  heapauxi.o(.text)
    __rt_heap_expand$2region                 0x080001cd   Thumb Code     2  heapauxi.o(.text)
    __user_setup_stackheap                   0x080001cf   Thumb Code    74  sys_stackheap_outer.o(.text)
    exit                                     0x08000219   Thumb Code    18  exit.o(.text)
    __user_libspace                          0x0800022d   Thumb Code     8  libspace.o(.text)
    __user_perproc_libspace                  0x0800022d   Thumb Code     0  libspace.o(.text)
    __user_perthread_libspace                0x0800022d   Thumb Code     0  libspace.o(.text)
    _sys_exit                                0x08000235   Thumb Code     8  sys_exit.o(.text)
    __I$use$semihosting                      0x08000241   Thumb Code     0  use_no_semi.o(.text)
    __use_no_semihosting_swi                 0x08000241   Thumb Code     2  use_no_semi.o(.text)
    BusFault_Handler                         0x08000243   Thumb Code     4  stm32f10x_it.o(i.BusFault_Handler)
    __semihosting_library_function           0x08000243   Thumb Code     0  indicate_semi.o(.text)
    CC2500_BurstRead                         0x08000249   Thumb Code    86  cc2500.o(i.CC2500_BurstRead)
    CC2500_BustWrite                         0x080002a5   Thumb Code   172  cc2500.o(i.CC2500_BustWrite)
    CC2500_ClrRXFIFO                         0x08000355   Thumb Code    26  cc2500.o(i.CC2500_ClrRXFIFO)
    CC2500_ClrTXFIFO                         0x0800036f   Thumb Code    26  cc2500.o(i.CC2500_ClrTXFIFO)
    CC2500_Disable_Interrupt                 0x08000389   Thumb Code    18  cc2500.o(i.CC2500_Disable_Interrupt)
    CC2500_Enable_Interrupt                  0x080003a1   Thumb Code    22  cc2500.o(i.CC2500_Enable_Interrupt)
    CC2500_Init                              0x080003b9   Thumb Code   168  cc2500.o(i.CC2500_Init)
    CC2500_ModeIdle                          0x08000469   Thumb Code    16  cc2500.o(i.CC2500_ModeIdle)
    CC2500_ModeRx                            0x08000479   Thumb Code    20  cc2500.o(i.CC2500_ModeRx)
    CC2500_ModeTx                            0x0800048d   Thumb Code    20  cc2500.o(i.CC2500_ModeTx)
    CC2500_PIN_Config                        0x080004a1   Thumb Code   116  gpio.o(i.CC2500_PIN_Config)
    CC2500_ReadReg                           0x0800051d   Thumb Code    78  cc2500.o(i.CC2500_ReadReg)
    CC2500_RevPacket                         0x08000571   Thumb Code    90  cc2500.o(i.CC2500_RevPacket)
    CC2500_SPI_RW                            0x080005d1   Thumb Code    96  spi.o(i.CC2500_SPI_RW)
    CC2500_SPI_Write                         0x08000635   Thumb Code    76  spi.o(i.CC2500_SPI_Write)
    CC2500_SendPacket                        0x08000685   Thumb Code    42  cc2500.o(i.CC2500_SendPacket)
    CC2500_SetPA                             0x080006b5   Thumb Code    14  cc2500.o(i.CC2500_SetPA)
    CC2500_WaitTX_Done                       0x080006c9   Thumb Code    36  cc2500.o(i.CC2500_WaitTX_Done)
    CC2500_WriteByte                         0x080006f1   Thumb Code    70  cc2500.o(i.CC2500_WriteByte)
    CC2500_WriteSettings                     0x0800073d   Thumb Code   296  cc2500.o(i.CC2500_WriteSettings)
    CC2500_WriteStrobe                       0x08000865   Thumb Code    50  cc2500.o(i.CC2500_WriteStrobe)
    ClearDataBuf                             0x0800089d   Thumb Code    20  cc2500.o(i.ClearDataBuf)
    DebugMon_Handler                         0x080008b1   Thumb Code     2  stm32f10x_it.o(i.DebugMon_Handler)
    EXTI9_5_IRQHandler                       0x080008b5   Thumb Code    62  stm32f10x_it.o(i.EXTI9_5_IRQHandler)
    EXTI_ClearITPendingBit                   0x080008f9   Thumb Code     6  stm32f10x_exti.o(i.EXTI_ClearITPendingBit)
    EXTI_GetITStatus                         0x08000905   Thumb Code    34  stm32f10x_exti.o(i.EXTI_GetITStatus)
    GPIO_Init                                0x0800092d   Thumb Code   278  stm32f10x_gpio.o(i.GPIO_Init)
    GPIO_ReadInputDataBit                    0x08000a43   Thumb Code    18  stm32f10x_gpio.o(i.GPIO_ReadInputDataBit)
    GPIO_ResetBits                           0x08000a55   Thumb Code     4  stm32f10x_gpio.o(i.GPIO_ResetBits)
    GPIO_SetBits                             0x08000a59   Thumb Code     4  stm32f10x_gpio.o(i.GPIO_SetBits)
    HardFault_Handler                        0x08000a5d   Thumb Code     4  stm32f10x_it.o(i.HardFault_Handler)
    LCD_Clear                                0x08000a61   Thumb Code    44  5110lcd.o(i.LCD_Clear)
    LCD_Init                                 0x08000a8d   Thumb Code   100  5110lcd.o(i.LCD_Init)
    LCD_Set_XY                               0x08000af9   Thumb Code    42  5110lcd.o(i.LCD_Set_XY)
    LCD_WriteByte                            0x08000b29   Thumb Code   120  5110lcd.o(i.LCD_WriteByte)
    LCD_WriteChar                            0x08000ba5   Thumb Code    82  5110lcd.o(i.LCD_WriteChar)
    LCD_WriteString_en                       0x08000bfd   Thumb Code    78  5110lcd.o(i.LCD_WriteString_en)
    LED_PIN_Config                           0x08000c4d   Thumb Code    30  gpio.o(i.LED_PIN_Config)
    MemManage_Handler                        0x08000c71   Thumb Code     4  stm32f10x_it.o(i.MemManage_Handler)
    NMI_Handler                              0x08000c75   Thumb Code     2  stm32f10x_it.o(i.NMI_Handler)
    Nokia_PIN_Config                         0x08000c79   Thumb Code    60  gpio.o(i.Nokia_PIN_Config)
    PendSV_Handler                           0x08000cbd   Thumb Code     2  stm32f10x_it.o(i.PendSV_Handler)
    RCC_APB2PeriphClockCmd                   0x08000cc1   Thumb Code    26  stm32f10x_rcc.o(i.RCC_APB2PeriphClockCmd)
    RCC_Configuration                        0x08000ce1   Thumb Code   134  main.o(i.RCC_Configuration)
    RCC_DeInit                               0x08000d69   Thumb Code    64  stm32f10x_rcc.o(i.RCC_DeInit)
    RCC_GetFlagStatus                        0x08000db5   Thumb Code    56  stm32f10x_rcc.o(i.RCC_GetFlagStatus)
    RCC_GetSYSCLKSource                      0x08000df1   Thumb Code    10  stm32f10x_rcc.o(i.RCC_GetSYSCLKSource)
    RCC_HCLKConfig                           0x08000e01   Thumb Code    18  stm32f10x_rcc.o(i.RCC_HCLKConfig)
    RCC_HSEConfig                            0x08000e19   Thumb Code    70  stm32f10x_rcc.o(i.RCC_HSEConfig)
    RCC_PCLK1Config                          0x08000e65   Thumb Code    18  stm32f10x_rcc.o(i.RCC_PCLK1Config)
    RCC_PCLK2Config                          0x08000e7d   Thumb Code    20  stm32f10x_rcc.o(i.RCC_PCLK2Config)
    RCC_PLLCmd                               0x08000e95   Thumb Code     6  stm32f10x_rcc.o(i.RCC_PLLCmd)
    RCC_PLLConfig                            0x08000ea1   Thumb Code    24  stm32f10x_rcc.o(i.RCC_PLLConfig)
    RCC_SYSCLKConfig                         0x08000ebd   Thumb Code    18  stm32f10x_rcc.o(i.RCC_SYSCLKConfig)
    RCC_WaitForHSEStartUp                    0x08000ed5   Thumb Code    56  stm32f10x_rcc.o(i.RCC_WaitForHSEStartUp)
    SVC_Handler                              0x08000f0d   Thumb Code     2  stm32f10x_it.o(i.SVC_Handler)
    SysTick_Handler                          0x08000ff9   Thumb Code     2  stm32f10x_it.o(i.SysTick_Handler)
    SystemInit                               0x08000ffd   Thumb Code    78  system_stm32f10x.o(i.SystemInit)
    UsageFault_Handler                       0x0800105d   Thumb Code     4  stm32f10x_it.o(i.UsageFault_Handler)
    delay_init                               0x08001061   Thumb Code    56  delay.o(i.delay_init)
    delay_ms                                 0x080010a1   Thumb Code    22  5110lcd.o(i.delay_ms)
    delay_nms                                0x080010b9   Thumb Code    60  delay.o(i.delay_nms)
    delay_ns                                 0x080010f9   Thumb Code    26  delay.o(i.delay_ns)
    delay_nus                                0x08001115   Thumb Code    50  delay.o(i.delay_nus)
    main                                     0x0800114d   Thumb Code    94  main.o(i.main)
    RFSettings                               0x080011bc   Data          47  cc2500.o(.constdata)
    font                                     0x080011eb   Data         552  5110lcd.o(.constdata)
    chinese1                                 0x08001413   Data         336  5110lcd.o(.constdata)
    Region$$Table$$Base                      0x08001564   Number         0  anon$$obj.o(Region$$Table)
    Region$$Table$$Limit                     0x08001584   Number         0  anon$$obj.o(Region$$Table)
    gFlag                                    0x20000000   Data           1  main.o(.data)
    count                                    0x20000001   Data           1  main.o(.data)
    gCC2500TxBuf                             0x20000002   Data          32  main.o(.data)
    paTable                                  0x20000022   Data           8  cc2500.o(.data)
    gCC2500RxBuf                             0x20000030   Data          32  main.o(.bss)
    __libspace_start                         0x20000050   Data          96  libspace.o(.bss)
    __temporary_stack_top$libspace           0x200000b0   Data           0  libspace.o(.bss)



==============================================================================

Memory Map of the image

  Image Entry point : 0x08000189

  Load Region LR_1 (Base: 0x08000000, Size: 0x000015b4, Max: 0xffffffff, ABSOLUTE)

    Execution Region ER_RO (Base: 0x08000000, Size: 0x00001584, Max: 0xffffffff, ABSOLUTE)

    Base Addr    Size         Type   Attr      Idx    E Section Name        Object

    0x08000000   0x000000ec   Data   RO         1408    RESET               startup_stm32f10x_md.o
    0x080000ec   0x00000008   Code   RO         1417  * !!!main             c_w.l(__main.o)
    0x080000f4   0x00000034   Code   RO         1574    !!!scatter          c_w.l(__scatter.o)
    0x08000128   0x0000001a   Code   RO         1576    !!handler_copy      c_w.l(__scatter_copy.o)
    0x08000142   0x00000002   PAD
    0x08000144   0x0000001c   Code   RO         1578    !!handler_zi        c_w.l(__scatter_zi.o)
    0x08000160   0x00000002   Code   RO         1444    .ARM.Collect$$libinit$$00000000  c_w.l(libinit.o)
    0x08000162   0x00000000   Code   RO         1451    .ARM.Collect$$libinit$$00000002  c_w.l(libinit2.o)
    0x08000162   0x00000000   Code   RO         1453    .ARM.Collect$$libinit$$00000004  c_w.l(libinit2.o)
    0x08000162   0x00000000   Code   RO         1456    .ARM.Collect$$libinit$$0000000A  c_w.l(libinit2.o)
    0x08000162   0x00000000   Code   RO         1458    .ARM.Collect$$libinit$$0000000C  c_w.l(libinit2.o)
    0x08000162   0x00000000   Code   RO         1460    .ARM.Collect$$libinit$$0000000E  c_w.l(libinit2.o)
    0x08000162   0x00000000   Code   RO         1463    .ARM.Collect$$libinit$$00000011  c_w.l(libinit2.o)
    0x08000162   0x00000000   Code   RO         1465    .ARM.Collect$$libinit$$00000013  c_w.l(libinit2.o)
    0x08000162   0x00000000   Code   RO         1467    .ARM.Collect$$libinit$$00000015  c_w.l(libinit2.o)
    0x08000162   0x00000000   Code   RO         1469    .ARM.Collect$$libinit$$00000017  c_w.l(libinit2.o)
    0x08000162   0x00000000   Code   RO         1471    .ARM.Collect$$libinit$$00000019  c_w.l(libinit2.o)
    0x08000162   0x00000000   Code   RO         1473    .ARM.Collect$$libinit$$0000001B  c_w.l(libinit2.o)
    0x08000162   0x00000000   Code   RO         1475    .ARM.Collect$$libinit$$0000001D  c_w.l(libinit2.o)
    0x08000162   0x00000000   Code   RO         1477    .ARM.Collect$$libinit$$0000001F  c_w.l(libinit2.o)
    0x08000162   0x00000000   Code   RO         1479    .ARM.Collect$$libinit$$00000021  c_w.l(libinit2.o)
    0x08000162   0x00000000   Code   RO         1481    .ARM.Collect$$libinit$$00000023  c_w.l(libinit2.o)
    0x08000162   0x00000000   Code   RO         1483    .ARM.Collect$$libinit$$00000025  c_w.l(libinit2.o)
    0x08000162   0x00000000   Code   RO         1487    .ARM.Collect$$libinit$$0000002C  c_w.l(libinit2.o)
    0x08000162   0x00000000   Code   RO         1489    .ARM.Collect$$libinit$$0000002E  c_w.l(libinit2.o)
    0x08000162   0x00000000   Code   RO         1491    .ARM.Collect$$libinit$$00000030  c_w.l(libinit2.o)
    0x08000162   0x00000000   Code   RO         1493    .ARM.Collect$$libinit$$00000032  c_w.l(libinit2.o)
    0x08000162   0x00000002   Code   RO         1494    .ARM.Collect$$libinit$$00000033  c_w.l(libinit2.o)
    0x08000164   0x00000002   Code   RO         1514    .ARM.Collect$$libshutdown$$00000000  c_w.l(libshutdown.o)
    0x08000166   0x00000000   Code   RO         1527    .ARM.Collect$$libshutdown$$00000002  c_w.l(libshutdown2.o)
    0x08000166   0x00000000   Code   RO         1529    .ARM.Collect$$libshutdown$$00000004  c_w.l(libshutdown2.o)
    0x08000166   0x00000000   Code   RO         1532    .ARM.Collect$$libshutdown$$00000007  c_w.l(libshutdown2.o)
    0x08000166   0x00000000   Code   RO         1535    .ARM.Collect$$libshutdown$$0000000A  c_w.l(libshutdown2.o)
    0x08000166   0x00000000   Code   RO         1537    .ARM.Collect$$libshutdown$$0000000C  c_w.l(libshutdown2.o)
    0x08000166   0x00000000   Code   RO         1540    .ARM.Collect$$libshutdown$$0000000F  c_w.l(libshutdown2.o)
    0x08000166   0x00000002   Code   RO         1541    .ARM.Collect$$libshutdown$$00000010  c_w.l(libshutdown2.o)
    0x08000168   0x00000000   Code   RO         1419    .ARM.Collect$$rtentry$$00000000  c_w.l(__rtentry.o)
    0x08000168   0x00000000   Code   RO         1421    .ARM.Collect$$rtentry$$00000002  c_w.l(__rtentry2.o)
    0x08000168   0x00000006   Code   RO         1433    .ARM.Collect$$rtentry$$00000004  c_w.l(__rtentry4.o)
    0x0800016e   0x00000000   Code   RO         1423    .ARM.Collect$$rtentry$$00000009  c_w.l(__rtentry2.o)
    0x0800016e   0x00000004   Code   RO         1424    .ARM.Collect$$rtentry$$0000000A  c_w.l(__rtentry2.o)
    0x08000172   0x00000000   Code   RO         1426    .ARM.Collect$$rtentry$$0000000C  c_w.l(__rtentry2.o)
    0x08000172   0x00000008   Code   RO         1427    .ARM.Collect$$rtentry$$0000000D  c_w.l(__rtentry2.o)
    0x0800017a   0x00000002   Code   RO         1448    .ARM.Collect$$rtexit$$00000000  c_w.l(rtexit.o)
    0x0800017c   0x00000000   Code   RO         1496    .ARM.Collect$$rtexit$$00000002  c_w.l(rtexit2.o)
    0x0800017c   0x00000004   Code   RO         1497    .ARM.Collect$$rtexit$$00000003  c_w.l(rtexit2.o)
    0x08000180   0x00000006   Code   RO         1498    .ARM.Collect$$rtexit$$00000004  c_w.l(rtexit2.o)
    0x08000186   0x00000002   PAD
    0x08000188   0x00000040   Code   RO         1409  * .text               startup_stm32f10x_md.o
    0x080001c8   0x00000006   Code   RO         1415    .text               c_w.l(heapauxi.o)
    0x080001ce   0x0000004a   Code   RO         1435    .text               c_w.l(sys_stackheap_outer.o)
    0x08000218   0x00000012   Code   RO         1437    .text               c_w.l(exit.o)
    0x0800022a   0x00000002   PAD
    0x0800022c   0x00000008   Code   RO         1445    .text               c_w.l(libspace.o)
    0x08000234   0x0000000c   Code   RO         1506    .text               c_w.l(sys_exit.o)
    0x08000240   0x00000002   Code   RO         1517    .text               c_w.l(use_no_semi.o)
    0x08000242   0x00000000   Code   RO         1519    .text               c_w.l(indicate_semi.o)
    0x08000242   0x00000004   Code   RO            1    i.BusFault_Handler  stm32f10x_it.o
    0x08000246   0x00000002   PAD
    0x08000248   0x0000005c   Code   RO          304    i.CC2500_BurstRead  cc2500.o
    0x080002a4   0x000000b0   Code   RO          305    i.CC2500_BustWrite  cc2500.o
    0x08000354   0x0000001a   Code   RO          306    i.CC2500_ClrRXFIFO  cc2500.o
    0x0800036e   0x0000001a   Code   RO          307    i.CC2500_ClrTXFIFO  cc2500.o
    0x08000388   0x00000018   Code   RO          308    i.CC2500_Disable_Interrupt  cc2500.o
    0x080003a0   0x00000016   Code   RO          309    i.CC2500_Enable_Interrupt  cc2500.o
    0x080003b6   0x00000002   PAD
    0x080003b8   0x000000b0   Code   RO          310    i.CC2500_Init       cc2500.o
    0x08000468   0x00000010   Code   RO          311    i.CC2500_ModeIdle   cc2500.o
    0x08000478   0x00000014   Code   RO          313    i.CC2500_ModeRx     cc2500.o
    0x0800048c   0x00000014   Code   RO          314    i.CC2500_ModeTx     cc2500.o
    0x080004a0   0x0000007c   Code   RO          238    i.CC2500_PIN_Config  gpio.o
    0x0800051c   0x00000054   Code   RO          315    i.CC2500_ReadReg    cc2500.o
    0x08000570   0x00000060   Code   RO          317    i.CC2500_RevPacket  cc2500.o
    0x080005d0   0x00000064   Code   RO          214    i.CC2500_SPI_RW     spi.o
    0x08000634   0x00000050   Code   RO          216    i.CC2500_SPI_Write  spi.o
    0x08000684   0x00000030   Code   RO          318    i.CC2500_SendPacket  cc2500.o
    0x080006b4   0x00000014   Code   RO          319    i.CC2500_SetPA      cc2500.o
    0x080006c8   0x00000028   Code   RO          320    i.CC2500_WaitTX_Done  cc2500.o
    0x080006f0   0x0000004c   Code   RO          321    i.CC2500_WriteByte  cc2500.o
    0x0800073c   0x00000128   Code   RO          322    i.CC2500_WriteSettings  cc2500.o
    0x08000864   0x00000038   Code   RO          323    i.CC2500_WriteStrobe  cc2500.o
    0x0800089c   0x00000014   Code   RO          324    i.ClearDataBuf      cc2500.o
    0x080008b0   0x00000002   Code   RO            2    i.DebugMon_Handler  stm32f10x_it.o
    0x080008b2   0x00000002   PAD
    0x080008b4   0x00000044   Code   RO            3    i.EXTI9_5_IRQHandler  stm32f10x_it.o
    0x080008f8   0x0000000c   Code   RO         1308    i.EXTI_ClearITPendingBit  stm32f10x_exti.o
    0x08000904   0x00000028   Code   RO         1312    i.EXTI_GetITStatus  stm32f10x_exti.o
    0x0800092c   0x00000116   Code   RO          675    i.GPIO_Init         stm32f10x_gpio.o
    0x08000a42   0x00000012   Code   RO          679    i.GPIO_ReadInputDataBit  stm32f10x_gpio.o
    0x08000a54   0x00000004   Code   RO          682    i.GPIO_ResetBits    stm32f10x_gpio.o
    0x08000a58   0x00000004   Code   RO          683    i.GPIO_SetBits      stm32f10x_gpio.o
    0x08000a5c   0x00000004   Code   RO            4    i.HardFault_Handler  stm32f10x_it.o
    0x08000a60   0x0000002c   Code   RO          448    i.LCD_Clear         5110lcd.o
    0x08000a8c   0x0000006c   Code   RO          449    i.LCD_Init          5110lcd.o
    0x08000af8   0x00000030   Code   RO          450    i.LCD_Set_XY        5110lcd.o
    0x08000b28   0x0000007c   Code   RO          451    i.LCD_WriteByte     5110lcd.o
    0x08000ba4   0x00000058   Code   RO          452    i.LCD_WriteChar     5110lcd.o
    0x08000bfc   0x0000004e   Code   RO          454    i.LCD_WriteString_en  5110lcd.o
    0x08000c4a   0x00000002   PAD
    0x08000c4c   0x00000024   Code   RO          239    i.LED_PIN_Config    gpio.o
    0x08000c70   0x00000004   Code   RO            5    i.MemManage_Handler  stm32f10x_it.o
    0x08000c74   0x00000002   Code   RO            6    i.NMI_Handler       stm32f10x_it.o
    0x08000c76   0x00000002   PAD
    0x08000c78   0x00000044   Code   RO          241    i.Nokia_PIN_Config  gpio.o
    0x08000cbc   0x00000002   Code   RO            7    i.PendSV_Handler    stm32f10x_it.o
    0x08000cbe   0x00000002   PAD
    0x08000cc0   0x00000020   Code   RO          787    i.RCC_APB2PeriphClockCmd  stm32f10x_rcc.o
    0x08000ce0   0x00000086   Code   RO          169    i.RCC_Configuration  main.o
    0x08000d66   0x00000002   PAD
    0x08000d68   0x0000004c   Code   RO          794    i.RCC_DeInit        stm32f10x_rcc.o
    0x08000db4   0x0000003c   Code   RO          796    i.RCC_GetFlagStatus  stm32f10x_rcc.o
    0x08000df0   0x00000010   Code   RO          798    i.RCC_GetSYSCLKSource  stm32f10x_rcc.o
    0x08000e00   0x00000018   Code   RO          799    i.RCC_HCLKConfig    stm32f10x_rcc.o
    0x08000e18   0x0000004c   Code   RO          800    i.RCC_HSEConfig     stm32f10x_rcc.o
    0x08000e64   0x00000018   Code   RO          806    i.RCC_PCLK1Config   stm32f10x_rcc.o
    0x08000e7c   0x00000018   Code   RO          807    i.RCC_PCLK2Config   stm32f10x_rcc.o
    0x08000e94   0x0000000c   Code   RO          808    i.RCC_PLLCmd        stm32f10x_rcc.o
    0x08000ea0   0x0000001c   Code   RO          809    i.RCC_PLLConfig     stm32f10x_rcc.o
    0x08000ebc   0x00000018   Code   RO          812    i.RCC_SYSCLKConfig  stm32f10x_rcc.o
    0x08000ed4   0x00000038   Code   RO          814    i.RCC_WaitForHSEStartUp  stm32f10x_rcc.o
    0x08000f0c   0x00000002   Code   RO            8    i.SVC_Handler       stm32f10x_it.o
    0x08000f0e   0x00000008   Code   RO         1372    i.SetSysClock       system_stm32f10x.o
    0x08000f16   0x00000002   PAD
    0x08000f18   0x000000e0   Code   RO         1373    i.SetSysClockTo72   system_stm32f10x.o
    0x08000ff8   0x00000002   Code   RO            9    i.SysTick_Handler   stm32f10x_it.o
    0x08000ffa   0x00000002   PAD
    0x08000ffc   0x00000060   Code   RO         1375    i.SystemInit        system_stm32f10x.o
    0x0800105c   0x00000004   Code   RO           10    i.UsageFault_Handler  stm32f10x_it.o
    0x08001060   0x00000040   Code   RO          517    i.delay_init        delay.o
    0x080010a0   0x00000016   Code   RO          456    i.delay_ms          5110lcd.o
    0x080010b6   0x00000002   PAD
    0x080010b8   0x00000040   Code   RO          518    i.delay_nms         delay.o
    0x080010f8   0x0000001a   Code   RO          519    i.delay_ns          delay.o
    0x08001112   0x00000002   PAD
    0x08001114   0x00000038   Code   RO          520    i.delay_nus         delay.o
    0x0800114c   0x00000070   Code   RO          170    i.main              main.o
    0x080011bc   0x0000002f   Data   RO          325    .constdata          cc2500.o
    0x080011eb   0x00000378   Data   RO          457    .constdata          5110lcd.o
    0x08001563   0x00000001   PAD
    0x08001564   0x00000020   Data   RO         1572    Region$$Table       anon$$obj.o


    Execution Region ER_RW (Base: 0x20000000, Size: 0x00000030, Max: 0xffffffff, ABSOLUTE)

    Base Addr    Size         Type   Attr      Idx    E Section Name        Object

    0x20000000   0x00000022   Data   RW          172    .data               main.o
    0x20000022   0x00000008   Data   RW          326    .data               cc2500.o
    0x2000002a   0x00000004   Data   RW          521    .data               delay.o


    Execution Region ER_ZI (Base: 0x20000030, Size: 0x00000680, Max: 0xffffffff, ABSOLUTE)

    Base Addr    Size         Type   Attr      Idx    E Section Name        Object

    0x20000030   0x00000020   Zero   RW          171    .bss                main.o
    0x20000050   0x00000060   Zero   RW         1446    .bss                c_w.l(libspace.o)
    0x200000b0   0x00000200   Zero   RW         1407    HEAP                startup_stm32f10x_md.o
    0x200002b0   0x00000400   Zero   RW         1406    STACK               startup_stm32f10x_md.o


==============================================================================

Image component sizes


      Code (inc. data)   RO Data    RW Data    ZI Data      Debug   Object Name

       512         24        888          0          0       4608   5110lcd.o
      1334         64         47          8          0      26343   cc2500.o
         0          0          0          0          0         32   core_cm3.o
       210         18          0          4          0       1948   delay.o
       228         22          0          0          0       1420   gpio.o
       246         18          0         34         32       3554   main.o
       180          8          0          0          0       1111   spi.o
        64         26        236          0       1536        868   startup_stm32f10x_md.o
        52         12          0          0          0       1092   stm32f10x_exti.o
       304          0          0          0          0       3548   stm32f10x_gpio.o
        94          6          0          0          0     228927   stm32f10x_it.o
       452         66          0          0          0       8701   stm32f10x_rcc.o
       328         28          0          0          0       2065   system_stm32f10x.o

    ----------------------------------------------------------------------
      4026        292       1204         48       1568     284217   Object Totals
         0          0         32          0          0          0   (incl. Generated)
        22          0          1          2          0          0   (incl. Padding)

    ----------------------------------------------------------------------

      Code (inc. data)   RO Data    RW Data    ZI Data      Debug   Library Member Name

         8          0          0          0          0         68   __main.o
         0          0          0          0          0          0   __rtentry.o
        12          0          0          0          0          0   __rtentry2.o
         6          0          0          0          0          0   __rtentry4.o
        52          8          0          0          0          0   __scatter.o
        26          0          0          0          0          0   __scatter_copy.o
        28          0          0          0          0          0   __scatter_zi.o
        18          0          0          0          0         80   exit.o
         6          0          0          0          0        152   heapauxi.o
         0          0          0          0          0          0   indicate_semi.o
         2          0          0          0          0          0   libinit.o
         2          0          0          0          0          0   libinit2.o
         2          0          0          0          0          0   libshutdown.o
         2          0          0          0          0          0   libshutdown2.o
         8          4          0          0         96         68   libspace.o
         2          0          0          0          0          0   rtexit.o
        10          0          0          0          0          0   rtexit2.o
        12          4          0          0          0         68   sys_exit.o
        74          0          0          0          0         80   sys_stackheap_outer.o
         2          0          0          0          0         68   use_no_semi.o

    ----------------------------------------------------------------------
       278         16          0          0         96        584   Library Totals
         6          0          0          0          0          0   (incl. Padding)

    ----------------------------------------------------------------------

      Code (inc. data)   RO Data    RW Data    ZI Data      Debug   Library Name

       272         16          0          0         96        584   c_w.l

    ----------------------------------------------------------------------
       278         16          0          0         96        584   Library Totals

    ----------------------------------------------------------------------

==============================================================================


      Code (inc. data)   RO Data    RW Data    ZI Data      Debug   

      4304        308       1204         48       1664     281365   Grand Totals
      4304        308       1204         48       1664     281365   ELF Image Totals
      4304        308       1204         48          0          0   ROM Totals

==============================================================================

    Total RO  Size (Code + RO Data)                 5508 (   5.38kB)
    Total RW  Size (RW Data + ZI Data)              1712 (   1.67kB)
    Total ROM Size (Code + RO Data + RW Data)       5556 (   5.43kB)

==============================================================================

