Product: MDK-ARM Standard 5.10
Component: ARM Compiler 5.04 update 1 (build 49)
Tool: armlink [5040049]

==============================================================================

Section Cross References

    main.o(.text) refers to stm32f0xx_rcc.o(.text) for RCC_AHBPeriphClockCmd
    main.o(.text) refers to stm32f0xx_gpio.o(.text) for GPIO_Init
    main.o(.text) refers to stm32f0xx_tim.o(.text) for TIM_DeInit
    main.o(.text) refers to stm32f0xx_misc.o(.text) for NVIC_Init
    main.o(.text) refers to stm32f0xx_usart.o(.text) for USART_Init
    main.o(.text) refers to printf8.o(i.__0printf$8) for __2printf
    main.o(.text) refers to cc2500b.o(.text) for Rf_SendMode
    main.o(.text) refers to main.o(.data) for CC2500
    main.o(.text) refers to key.o(.text) for lcd1602key_Scan
    main.o(.text) refers to lcd1602.o(.text) for LCD_write_string
    main.o(.text) refers to system.o(.text) for Delay_ms
    main.o(.text) refers to system_stm32f0xx.o(.text) for SystemInit
    system.o(.text) refers to stm32f0xx_usart.o(.text) for USART_SendData
    stm32f0xx_adc.o(.text) refers to stm32f0xx_rcc.o(.text) for RCC_APB2PeriphResetCmd
    stm32f0xx_can.o(.text) refers to stm32f0xx_rcc.o(.text) for RCC_APB1PeriphResetCmd
    stm32f0xx_cec.o(.text) refers to stm32f0xx_rcc.o(.text) for RCC_APB1PeriphResetCmd
    stm32f0xx_crs.o(.text) refers to stm32f0xx_rcc.o(.text) for RCC_APB1PeriphResetCmd
    stm32f0xx_dac.o(.text) refers to stm32f0xx_rcc.o(.text) for RCC_APB1PeriphResetCmd
    stm32f0xx_gpio.o(.text) refers to stm32f0xx_rcc.o(.text) for RCC_AHBPeriphResetCmd
    stm32f0xx_i2c.o(.text) refers to stm32f0xx_rcc.o(.text) for RCC_APB1PeriphResetCmd
    stm32f0xx_pwr.o(.text) refers to stm32f0xx_rcc.o(.text) for RCC_APB1PeriphResetCmd
    stm32f0xx_rcc.o(.text) refers to uidiv.o(.text) for __aeabi_uidivmod
    stm32f0xx_rcc.o(.text) refers to stm32f0xx_rcc.o(.data) for APBAHBPrescTable
    stm32f0xx_spi.o(.text) refers to stm32f0xx_rcc.o(.text) for RCC_APB2PeriphResetCmd
    stm32f0xx_spi.o(.text) refers to uidiv.o(.text) for __aeabi_uidivmod
    stm32f0xx_tim.o(.text) refers to stm32f0xx_rcc.o(.text) for RCC_APB2PeriphResetCmd
    stm32f0xx_usart.o(.text) refers to stm32f0xx_rcc.o(.text) for RCC_APB2PeriphResetCmd
    stm32f0xx_usart.o(.text) refers to uidiv.o(.text) for __aeabi_uidivmod
    stm32f0xx_wwdg.o(.text) refers to stm32f0xx_rcc.o(.text) for RCC_APB1PeriphResetCmd
    startup_stm32f030.o(RESET) refers to startup_stm32f030.o(STACK) for __initial_sp
    startup_stm32f030.o(RESET) refers to startup_stm32f030.o(.text) for Reset_Handler
    startup_stm32f030.o(RESET) refers to stm32f0xx_it.o(.text) for NMI_Handler
    startup_stm32f030.o(RESET) refers to main.o(.text) for TIM3_IRQHandler
    startup_stm32f030.o(.text) refers to system_stm32f0xx.o(.text) for SystemInit
    startup_stm32f030.o(.text) refers to entry.o(.ARM.Collect$$$$00000000) for __main
    system_stm32f0xx.o(.text) refers to uidiv.o(.text) for __aeabi_uidivmod
    system_stm32f0xx.o(.text) refers to system_stm32f0xx.o(.data) for SystemCoreClock
    lcd1602.o(.text) refers to stm32f0xx_gpio.o(.text) for GPIO_SetBits
    lcd1602.o(.text) refers to system.o(.text) for Delay_us
    lcd1602.o(.text) refers to stm32f0xx_rcc.o(.text) for RCC_AHBPeriphClockCmd
    lcd1602.o(.text) refers to lcd1602.o(.data) for GPIO_PINS
    key.o(.text) refers to stm32f0xx_rcc.o(.text) for RCC_AHBPeriphClockCmd
    key.o(.text) refers to stm32f0xx_gpio.o(.text) for GPIO_Init
    key.o(.text) refers to system.o(.text) for Delay_ms
    cc2500b.o(.text) refers to stm32f0xx_rcc.o(.text) for RCC_AHBPeriphClockCmd
    cc2500b.o(.text) refers to stm32f0xx_gpio.o(.text) for GPIO_Init
    cc2500b.o(.text) refers to memcpya.o(.text) for __aeabi_memcpy4
    cc2500b.o(.text) refers to system.o(.text) for Delay_us
    cc2500b.o(.text) refers to cc2500b.o(.constdata) for .constdata
    entry.o(.ARM.Collect$$$$00000000) refers (Special) to entry10a.o(.ARM.Collect$$$$0000000D) for __rt_final_cpp
    entry.o(.ARM.Collect$$$$00000000) refers (Special) to entry11a.o(.ARM.Collect$$$$0000000F) for __rt_final_exit
    entry.o(.ARM.Collect$$$$00000000) refers (Special) to entry7b.o(.ARM.Collect$$$$00000008) for _main_clock
    entry.o(.ARM.Collect$$$$00000000) refers (Special) to entry8b.o(.ARM.Collect$$$$0000000A) for _main_cpp_init
    entry.o(.ARM.Collect$$$$00000000) refers (Special) to entry9a.o(.ARM.Collect$$$$0000000B) for _main_init
    entry.o(.ARM.Collect$$$$00000000) refers (Special) to entry5.o(.ARM.Collect$$$$00000004) for _main_scatterload
    entry.o(.ARM.Collect$$$$00000000) refers (Special) to entry2.o(.ARM.Collect$$$$00000001) for _main_stk
    printfb.o(i.__0fprintf$bare) refers to printfb.o(i._printf_core) for _printf_core
    printfb.o(i.__0fprintf$bare) refers to system.o(.text) for fputc
    printfb.o(i.__0printf$bare) refers to printfb.o(i._printf_core) for _printf_core
    printfb.o(i.__0printf$bare) refers to system.o(.text) for fputc
    printfb.o(i.__0printf$bare) refers to stdout.o(.data) for __stdout
    printfb.o(i.__0snprintf$bare) refers to printfb.o(i._printf_core) for _printf_core
    printfb.o(i.__0snprintf$bare) refers to printfb.o(i._snputc) for _snputc
    printfb.o(i.__0sprintf$bare) refers to printfb.o(i._printf_core) for _printf_core
    printfb.o(i.__0sprintf$bare) refers to printfb.o(i._sputc) for _sputc
    printfb.o(i.__0vfprintf$bare) refers to printfb.o(i._printf_core) for _printf_core
    printfb.o(i.__0vfprintf$bare) refers to system.o(.text) for fputc
    printfb.o(i.__0vprintf$bare) refers to printfb.o(i._printf_core) for _printf_core
    printfb.o(i.__0vprintf$bare) refers to system.o(.text) for fputc
    printfb.o(i.__0vprintf$bare) refers to stdout.o(.data) for __stdout
    printfb.o(i.__0vsnprintf$bare) refers to printfb.o(i._printf_core) for _printf_core
    printfb.o(i.__0vsnprintf$bare) refers to printfb.o(i._snputc) for _snputc
    printfb.o(i.__0vsprintf$bare) refers to printfb.o(i._printf_core) for _printf_core
    printfb.o(i.__0vsprintf$bare) refers to printfb.o(i._sputc) for _sputc
    printf0.o(i.__0fprintf$0) refers to printf0.o(i._printf_core) for _printf_core
    printf0.o(i.__0fprintf$0) refers to system.o(.text) for fputc
    printf0.o(i.__0printf$0) refers to printf0.o(i._printf_core) for _printf_core
    printf0.o(i.__0printf$0) refers to system.o(.text) for fputc
    printf0.o(i.__0printf$0) refers to stdout.o(.data) for __stdout
    printf0.o(i.__0snprintf$0) refers to printf0.o(i._printf_core) for _printf_core
    printf0.o(i.__0snprintf$0) refers to printf0.o(i._snputc) for _snputc
    printf0.o(i.__0sprintf$0) refers to printf0.o(i._printf_core) for _printf_core
    printf0.o(i.__0sprintf$0) refers to printf0.o(i._sputc) for _sputc
    printf0.o(i.__0vfprintf$0) refers to printf0.o(i._printf_core) for _printf_core
    printf0.o(i.__0vfprintf$0) refers to system.o(.text) for fputc
    printf0.o(i.__0vprintf$0) refers to printf0.o(i._printf_core) for _printf_core
    printf0.o(i.__0vprintf$0) refers to system.o(.text) for fputc
    printf0.o(i.__0vprintf$0) refers to stdout.o(.data) for __stdout
    printf0.o(i.__0vsnprintf$0) refers to printf0.o(i._printf_core) for _printf_core
    printf0.o(i.__0vsnprintf$0) refers to printf0.o(i._snputc) for _snputc
    printf0.o(i.__0vsprintf$0) refers to printf0.o(i._printf_core) for _printf_core
    printf0.o(i.__0vsprintf$0) refers to printf0.o(i._sputc) for _sputc
    printf1.o(i.__0fprintf$1) refers to printf1.o(i._printf_core) for _printf_core
    printf1.o(i.__0fprintf$1) refers to system.o(.text) for fputc
    printf1.o(i.__0printf$1) refers to printf1.o(i._printf_core) for _printf_core
    printf1.o(i.__0printf$1) refers to system.o(.text) for fputc
    printf1.o(i.__0printf$1) refers to stdout.o(.data) for __stdout
    printf1.o(i.__0snprintf$1) refers to printf1.o(i._printf_core) for _printf_core
    printf1.o(i.__0snprintf$1) refers to printf1.o(i._snputc) for _snputc
    printf1.o(i.__0sprintf$1) refers to printf1.o(i._printf_core) for _printf_core
    printf1.o(i.__0sprintf$1) refers to printf1.o(i._sputc) for _sputc
    printf1.o(i.__0vfprintf$1) refers to printf1.o(i._printf_core) for _printf_core
    printf1.o(i.__0vfprintf$1) refers to system.o(.text) for fputc
    printf1.o(i.__0vprintf$1) refers to printf1.o(i._printf_core) for _printf_core
    printf1.o(i.__0vprintf$1) refers to system.o(.text) for fputc
    printf1.o(i.__0vprintf$1) refers to stdout.o(.data) for __stdout
    printf1.o(i.__0vsnprintf$1) refers to printf1.o(i._printf_core) for _printf_core
    printf1.o(i.__0vsnprintf$1) refers to printf1.o(i._snputc) for _snputc
    printf1.o(i.__0vsprintf$1) refers to printf1.o(i._printf_core) for _printf_core
    printf1.o(i.__0vsprintf$1) refers to printf1.o(i._sputc) for _sputc
    printf1.o(i._printf_core) refers to uidiv.o(.text) for __aeabi_uidivmod
    printf2.o(i.__0fprintf$2) refers to printf2.o(i._printf_core) for _printf_core
    printf2.o(i.__0fprintf$2) refers to system.o(.text) for fputc
    printf2.o(i.__0printf$2) refers to printf2.o(i._printf_core) for _printf_core
    printf2.o(i.__0printf$2) refers to system.o(.text) for fputc
    printf2.o(i.__0printf$2) refers to stdout.o(.data) for __stdout
    printf2.o(i.__0snprintf$2) refers to printf2.o(i._printf_core) for _printf_core
    printf2.o(i.__0snprintf$2) refers to printf2.o(i._snputc) for _snputc
    printf2.o(i.__0sprintf$2) refers to printf2.o(i._printf_core) for _printf_core
    printf2.o(i.__0sprintf$2) refers to printf2.o(i._sputc) for _sputc
    printf2.o(i.__0vfprintf$2) refers to printf2.o(i._printf_core) for _printf_core
    printf2.o(i.__0vfprintf$2) refers to system.o(.text) for fputc
    printf2.o(i.__0vprintf$2) refers to printf2.o(i._printf_core) for _printf_core
    printf2.o(i.__0vprintf$2) refers to system.o(.text) for fputc
    printf2.o(i.__0vprintf$2) refers to stdout.o(.data) for __stdout
    printf2.o(i.__0vsnprintf$2) refers to printf2.o(i._printf_core) for _printf_core
    printf2.o(i.__0vsnprintf$2) refers to printf2.o(i._snputc) for _snputc
    printf2.o(i.__0vsprintf$2) refers to printf2.o(i._printf_core) for _printf_core
    printf2.o(i.__0vsprintf$2) refers to printf2.o(i._sputc) for _sputc
    printf3.o(i.__0fprintf$3) refers to printf3.o(i._printf_core) for _printf_core
    printf3.o(i.__0fprintf$3) refers to system.o(.text) for fputc
    printf3.o(i.__0printf$3) refers to printf3.o(i._printf_core) for _printf_core
    printf3.o(i.__0printf$3) refers to system.o(.text) for fputc
    printf3.o(i.__0printf$3) refers to stdout.o(.data) for __stdout
    printf3.o(i.__0snprintf$3) refers to printf3.o(i._printf_core) for _printf_core
    printf3.o(i.__0snprintf$3) refers to printf3.o(i._snputc) for _snputc
    printf3.o(i.__0sprintf$3) refers to printf3.o(i._printf_core) for _printf_core
    printf3.o(i.__0sprintf$3) refers to printf3.o(i._sputc) for _sputc
    printf3.o(i.__0vfprintf$3) refers to printf3.o(i._printf_core) for _printf_core
    printf3.o(i.__0vfprintf$3) refers to system.o(.text) for fputc
    printf3.o(i.__0vprintf$3) refers to printf3.o(i._printf_core) for _printf_core
    printf3.o(i.__0vprintf$3) refers to system.o(.text) for fputc
    printf3.o(i.__0vprintf$3) refers to stdout.o(.data) for __stdout
    printf3.o(i.__0vsnprintf$3) refers to printf3.o(i._printf_core) for _printf_core
    printf3.o(i.__0vsnprintf$3) refers to printf3.o(i._snputc) for _snputc
    printf3.o(i.__0vsprintf$3) refers to printf3.o(i._printf_core) for _printf_core
    printf3.o(i.__0vsprintf$3) refers to printf3.o(i._sputc) for _sputc
    printf3.o(i._printf_core) refers to uidiv.o(.text) for __aeabi_uidivmod
    printf4.o(i.__0fprintf$4) refers to printf4.o(i._printf_core) for _printf_core
    printf4.o(i.__0fprintf$4) refers to system.o(.text) for fputc
    printf4.o(i.__0printf$4) refers to printf4.o(i._printf_core) for _printf_core
    printf4.o(i.__0printf$4) refers to system.o(.text) for fputc
    printf4.o(i.__0printf$4) refers to stdout.o(.data) for __stdout
    printf4.o(i.__0snprintf$4) refers to printf4.o(i._printf_core) for _printf_core
    printf4.o(i.__0snprintf$4) refers to printf4.o(i._snputc) for _snputc
    printf4.o(i.__0sprintf$4) refers to printf4.o(i._printf_core) for _printf_core
    printf4.o(i.__0sprintf$4) refers to printf4.o(i._sputc) for _sputc
    printf4.o(i.__0vfprintf$4) refers to printf4.o(i._printf_core) for _printf_core
    printf4.o(i.__0vfprintf$4) refers to system.o(.text) for fputc
    printf4.o(i.__0vprintf$4) refers to printf4.o(i._printf_core) for _printf_core
    printf4.o(i.__0vprintf$4) refers to system.o(.text) for fputc
    printf4.o(i.__0vprintf$4) refers to stdout.o(.data) for __stdout
    printf4.o(i.__0vsnprintf$4) refers to printf4.o(i._printf_core) for _printf_core
    printf4.o(i.__0vsnprintf$4) refers to printf4.o(i._snputc) for _snputc
    printf4.o(i.__0vsprintf$4) refers to printf4.o(i._printf_core) for _printf_core
    printf4.o(i.__0vsprintf$4) refers to printf4.o(i._sputc) for _sputc
    printf4.o(i._printf_core) refers to uldiv.o(.text) for __aeabi_uldivmod
    printf5.o(i.__0fprintf$5) refers to printf5.o(i._printf_core) for _printf_core
    printf5.o(i.__0fprintf$5) refers to system.o(.text) for fputc
    printf5.o(i.__0printf$5) refers to printf5.o(i._printf_core) for _printf_core
    printf5.o(i.__0printf$5) refers to system.o(.text) for fputc
    printf5.o(i.__0printf$5) refers to stdout.o(.data) for __stdout
    printf5.o(i.__0snprintf$5) refers to printf5.o(i._printf_core) for _printf_core
    printf5.o(i.__0snprintf$5) refers to printf5.o(i._snputc) for _snputc
    printf5.o(i.__0sprintf$5) refers to printf5.o(i._printf_core) for _printf_core
    printf5.o(i.__0sprintf$5) refers to printf5.o(i._sputc) for _sputc
    printf5.o(i.__0vfprintf$5) refers to printf5.o(i._printf_core) for _printf_core
    printf5.o(i.__0vfprintf$5) refers to system.o(.text) for fputc
    printf5.o(i.__0vprintf$5) refers to printf5.o(i._printf_core) for _printf_core
    printf5.o(i.__0vprintf$5) refers to system.o(.text) for fputc
    printf5.o(i.__0vprintf$5) refers to stdout.o(.data) for __stdout
    printf5.o(i.__0vsnprintf$5) refers to printf5.o(i._printf_core) for _printf_core
    printf5.o(i.__0vsnprintf$5) refers to printf5.o(i._snputc) for _snputc
    printf5.o(i.__0vsprintf$5) refers to printf5.o(i._printf_core) for _printf_core
    printf5.o(i.__0vsprintf$5) refers to printf5.o(i._sputc) for _sputc
    printf5.o(i._printf_core) refers to uldiv.o(.text) for __aeabi_uldivmod
    printf6.o(i.__0fprintf$6) refers to printf6.o(i._printf_core) for _printf_core
    printf6.o(i.__0fprintf$6) refers to system.o(.text) for fputc
    printf6.o(i.__0printf$6) refers to printf6.o(i._printf_core) for _printf_core
    printf6.o(i.__0printf$6) refers to system.o(.text) for fputc
    printf6.o(i.__0printf$6) refers to stdout.o(.data) for __stdout
    printf6.o(i.__0snprintf$6) refers to printf6.o(i._printf_core) for _printf_core
    printf6.o(i.__0snprintf$6) refers to printf6.o(i._snputc) for _snputc
    printf6.o(i.__0sprintf$6) refers to printf6.o(i._printf_core) for _printf_core
    printf6.o(i.__0sprintf$6) refers to printf6.o(i._sputc) for _sputc
    printf6.o(i.__0vfprintf$6) refers to printf6.o(i._printf_core) for _printf_core
    printf6.o(i.__0vfprintf$6) refers to system.o(.text) for fputc
    printf6.o(i.__0vprintf$6) refers to printf6.o(i._printf_core) for _printf_core
    printf6.o(i.__0vprintf$6) refers to system.o(.text) for fputc
    printf6.o(i.__0vprintf$6) refers to stdout.o(.data) for __stdout
    printf6.o(i.__0vsnprintf$6) refers to printf6.o(i._printf_core) for _printf_core
    printf6.o(i.__0vsnprintf$6) refers to printf6.o(i._snputc) for _snputc
    printf6.o(i.__0vsprintf$6) refers to printf6.o(i._printf_core) for _printf_core
    printf6.o(i.__0vsprintf$6) refers to printf6.o(i._sputc) for _sputc
    printf6.o(i._printf_core) refers to printf6.o(i._printf_pre_padding) for _printf_pre_padding
    printf6.o(i._printf_core) refers to printf6.o(i._printf_post_padding) for _printf_post_padding
    printf6.o(i._printf_core) refers to uidiv.o(.text) for __aeabi_uidivmod
    printf7.o(i.__0fprintf$7) refers to printf7.o(i._printf_core) for _printf_core
    printf7.o(i.__0fprintf$7) refers to system.o(.text) for fputc
    printf7.o(i.__0printf$7) refers to printf7.o(i._printf_core) for _printf_core
    printf7.o(i.__0printf$7) refers to system.o(.text) for fputc
    printf7.o(i.__0printf$7) refers to stdout.o(.data) for __stdout
    printf7.o(i.__0snprintf$7) refers to printf7.o(i._printf_core) for _printf_core
    printf7.o(i.__0snprintf$7) refers to printf7.o(i._snputc) for _snputc
    printf7.o(i.__0sprintf$7) refers to printf7.o(i._printf_core) for _printf_core
    printf7.o(i.__0sprintf$7) refers to printf7.o(i._sputc) for _sputc
    printf7.o(i.__0vfprintf$7) refers to printf7.o(i._printf_core) for _printf_core
    printf7.o(i.__0vfprintf$7) refers to system.o(.text) for fputc
    printf7.o(i.__0vprintf$7) refers to printf7.o(i._printf_core) for _printf_core
    printf7.o(i.__0vprintf$7) refers to system.o(.text) for fputc
    printf7.o(i.__0vprintf$7) refers to stdout.o(.data) for __stdout
    printf7.o(i.__0vsnprintf$7) refers to printf7.o(i._printf_core) for _printf_core
    printf7.o(i.__0vsnprintf$7) refers to printf7.o(i._snputc) for _snputc
    printf7.o(i.__0vsprintf$7) refers to printf7.o(i._printf_core) for _printf_core
    printf7.o(i.__0vsprintf$7) refers to printf7.o(i._sputc) for _sputc
    printf7.o(i._printf_core) refers to printf7.o(i._printf_pre_padding) for _printf_pre_padding
    printf7.o(i._printf_core) refers to printf7.o(i._printf_post_padding) for _printf_post_padding
    printf7.o(i._printf_core) refers to uldiv.o(.text) for __aeabi_uldivmod
    printf8.o(i.__0fprintf$8) refers to printf8.o(i._printf_core) for _printf_core
    printf8.o(i.__0fprintf$8) refers to system.o(.text) for fputc
    printf8.o(i.__0printf$8) refers to printf8.o(i._printf_core) for _printf_core
    printf8.o(i.__0printf$8) refers to system.o(.text) for fputc
    printf8.o(i.__0printf$8) refers to stdout.o(.data) for __stdout
    printf8.o(i.__0snprintf$8) refers to printf8.o(i._printf_core) for _printf_core
    printf8.o(i.__0snprintf$8) refers to printf8.o(i._snputc) for _snputc
    printf8.o(i.__0sprintf$8) refers to printf8.o(i._printf_core) for _printf_core
    printf8.o(i.__0sprintf$8) refers to printf8.o(i._sputc) for _sputc
    printf8.o(i.__0vfprintf$8) refers to printf8.o(i._printf_core) for _printf_core
    printf8.o(i.__0vfprintf$8) refers to system.o(.text) for fputc
    printf8.o(i.__0vprintf$8) refers to printf8.o(i._printf_core) for _printf_core
    printf8.o(i.__0vprintf$8) refers to system.o(.text) for fputc
    printf8.o(i.__0vprintf$8) refers to stdout.o(.data) for __stdout
    printf8.o(i.__0vsnprintf$8) refers to printf8.o(i._printf_core) for _printf_core
    printf8.o(i.__0vsnprintf$8) refers to printf8.o(i._snputc) for _snputc
    printf8.o(i.__0vsprintf$8) refers to printf8.o(i._printf_core) for _printf_core
    printf8.o(i.__0vsprintf$8) refers to printf8.o(i._sputc) for _sputc
    printf8.o(i._printf_core) refers to printf8.o(i._printf_pre_padding) for _printf_pre_padding
    printf8.o(i._printf_core) refers to printf8.o(i._printf_post_padding) for _printf_post_padding
    printf8.o(i._printf_core) refers to uldiv.o(.text) for __aeabi_uldivmod
    printfa.o(i.__0fprintf) refers (Special) to iusefp.o(.text) for __I$use$fp
    printfa.o(i.__0fprintf) refers to printfa.o(i._printf_core) for _printf_core
    printfa.o(i.__0fprintf) refers to system.o(.text) for fputc
    printfa.o(i.__0printf) refers (Special) to iusefp.o(.text) for __I$use$fp
    printfa.o(i.__0printf) refers to printfa.o(i._printf_core) for _printf_core
    printfa.o(i.__0printf) refers to system.o(.text) for fputc
    printfa.o(i.__0printf) refers to stdout.o(.data) for __stdout
    printfa.o(i.__0snprintf) refers (Special) to iusefp.o(.text) for __I$use$fp
    printfa.o(i.__0snprintf) refers to printfa.o(i._printf_core) for _printf_core
    printfa.o(i.__0snprintf) refers to printfa.o(i._snputc) for _snputc
    printfa.o(i.__0sprintf) refers (Special) to iusefp.o(.text) for __I$use$fp
    printfa.o(i.__0sprintf) refers to printfa.o(i._printf_core) for _printf_core
    printfa.o(i.__0sprintf) refers to printfa.o(i._sputc) for _sputc
    printfa.o(i.__0vfprintf) refers (Special) to iusefp.o(.text) for __I$use$fp
    printfa.o(i.__0vfprintf) refers to printfa.o(i._printf_core) for _printf_core
    printfa.o(i.__0vfprintf) refers to system.o(.text) for fputc
    printfa.o(i.__0vprintf) refers (Special) to iusefp.o(.text) for __I$use$fp
    printfa.o(i.__0vprintf) refers to printfa.o(i._printf_core) for _printf_core
    printfa.o(i.__0vprintf) refers to system.o(.text) for fputc
    printfa.o(i.__0vprintf) refers to stdout.o(.data) for __stdout
    printfa.o(i.__0vsnprintf) refers (Special) to iusefp.o(.text) for __I$use$fp
    printfa.o(i.__0vsnprintf) refers to printfa.o(i._printf_core) for _printf_core
    printfa.o(i.__0vsnprintf) refers to printfa.o(i._snputc) for _snputc
    printfa.o(i.__0vsprintf) refers (Special) to iusefp.o(.text) for __I$use$fp
    printfa.o(i.__0vsprintf) refers to printfa.o(i._printf_core) for _printf_core
    printfa.o(i.__0vsprintf) refers to printfa.o(i._sputc) for _sputc
    printfa.o(i._fp_digits) refers (Special) to iusefp.o(.text) for __I$use$fp
    printfa.o(i._fp_digits) refers to dmul.o(.text) for __aeabi_dmul
    printfa.o(i._fp_digits) refers to ddiv.o(.text) for __aeabi_ddiv
    printfa.o(i._fp_digits) refers to cdrcmple.o(.text) for __aeabi_cdrcmple
    printfa.o(i._fp_digits) refers to dadd.o(.text) for __aeabi_dadd
    printfa.o(i._fp_digits) refers to dfixul.o(.text) for __aeabi_d2ulz
    printfa.o(i._fp_digits) refers to uldiv.o(.text) for __aeabi_uldivmod
    printfa.o(i._printf_core) refers (Special) to iusefp.o(.text) for __I$use$fp
    printfa.o(i._printf_core) refers to printfa.o(i._printf_pre_padding) for _printf_pre_padding
    printfa.o(i._printf_core) refers to uldiv.o(.text) for __aeabi_uldivmod
    printfa.o(i._printf_core) refers to printfa.o(i._printf_post_padding) for _printf_post_padding
    printfa.o(i._printf_core) refers to printfa.o(i._fp_digits) for _fp_digits
    printfa.o(i._printf_core) refers to uidiv.o(.text) for __aeabi_uidivmod
    printfa.o(i._printf_post_padding) refers (Special) to iusefp.o(.text) for __I$use$fp
    printfa.o(i._printf_pre_padding) refers (Special) to iusefp.o(.text) for __I$use$fp
    printfa.o(i._snputc) refers (Special) to iusefp.o(.text) for __I$use$fp
    printfa.o(i._sputc) refers (Special) to iusefp.o(.text) for __I$use$fp
    entry2.o(.ARM.Collect$$$$00000001) refers to entry2.o(.ARM.Collect$$$$00002712) for __lit__00000000
    entry2.o(.ARM.Collect$$$$00002712) refers to startup_stm32f030.o(STACK) for __initial_sp
    entry2.o(__vectab_stack_and_reset_area) refers to startup_stm32f030.o(STACK) for __initial_sp
    entry2.o(__vectab_stack_and_reset_area) refers to entry.o(.ARM.Collect$$$$00000000) for __main
    entry5.o(.ARM.Collect$$$$00000004) refers to init.o(.text) for __scatterload
    entry9a.o(.ARM.Collect$$$$0000000B) refers to main.o(.text) for main
    entry9b.o(.ARM.Collect$$$$0000000C) refers to main.o(.text) for main
    uldiv.o(.text) refers to llushr.o(.text) for __aeabi_llsr
    uldiv.o(.text) refers to llshl.o(.text) for __aeabi_llsl
    dadd.o(.text) refers to llshl.o(.text) for __aeabi_llsl
    dadd.o(.text) refers to llsshr.o(.text) for __aeabi_lasr
    dadd.o(.text) refers to depilogue.o(.text) for _double_epilogue
    dmul.o(.text) refers to depilogue.o(.text) for _double_epilogue
    ddiv.o(.text) refers to depilogue.o(.text) for _double_round
    dfixul.o(.text) refers to llushr.o(.text) for __aeabi_llsr
    dfixul.o(.text) refers to llshl.o(.text) for __aeabi_llsl
    init.o(.text) refers to entry5.o(.ARM.Collect$$$$00000004) for __main_after_scatterload
    depilogue.o(.text) refers to depilogue.o(i.__ARM_clz) for __ARM_clz
    depilogue.o(.text) refers to llshl.o(.text) for __aeabi_llsl
    depilogue.o(.text) refers to llushr.o(.text) for __aeabi_llsr


==============================================================================

Removing Unused input sections from the image.

    Removing main.o(.rev16_text), (4 bytes).
    Removing main.o(.revsh_text), (4 bytes).
    Removing stm32f0xx_it.o(.rev16_text), (4 bytes).
    Removing stm32f0xx_it.o(.revsh_text), (4 bytes).
    Removing system.o(.rev16_text), (4 bytes).
    Removing system.o(.revsh_text), (4 bytes).
    Removing stm32f0xx_adc.o(.rev16_text), (4 bytes).
    Removing stm32f0xx_adc.o(.revsh_text), (4 bytes).
    Removing stm32f0xx_adc.o(.text), (748 bytes).
    Removing stm32f0xx_can.o(.rev16_text), (4 bytes).
    Removing stm32f0xx_can.o(.revsh_text), (4 bytes).
    Removing stm32f0xx_can.o(.text), (2696 bytes).
    Removing stm32f0xx_cec.o(.rev16_text), (4 bytes).
    Removing stm32f0xx_cec.o(.revsh_text), (4 bytes).
    Removing stm32f0xx_cec.o(.text), (336 bytes).
    Removing stm32f0xx_comp.o(.rev16_text), (4 bytes).
    Removing stm32f0xx_comp.o(.revsh_text), (4 bytes).
    Removing stm32f0xx_comp.o(.text), (232 bytes).
    Removing stm32f0xx_crc.o(.rev16_text), (4 bytes).
    Removing stm32f0xx_crc.o(.revsh_text), (4 bytes).
    Removing stm32f0xx_crc.o(.text), (228 bytes).
    Removing stm32f0xx_crs.o(.rev16_text), (4 bytes).
    Removing stm32f0xx_crs.o(.revsh_text), (4 bytes).
    Removing stm32f0xx_crs.o(.text), (416 bytes).
    Removing stm32f0xx_dac.o(.rev16_text), (4 bytes).
    Removing stm32f0xx_dac.o(.revsh_text), (4 bytes).
    Removing stm32f0xx_dac.o(.text), (528 bytes).
    Removing stm32f0xx_dbgmcu.o(.rev16_text), (4 bytes).
    Removing stm32f0xx_dbgmcu.o(.revsh_text), (4 bytes).
    Removing stm32f0xx_dbgmcu.o(.text), (108 bytes).
    Removing stm32f0xx_dma.o(.rev16_text), (4 bytes).
    Removing stm32f0xx_dma.o(.revsh_text), (4 bytes).
    Removing stm32f0xx_dma.o(.text), (424 bytes).
    Removing stm32f0xx_exti.o(.rev16_text), (4 bytes).
    Removing stm32f0xx_exti.o(.revsh_text), (4 bytes).
    Removing stm32f0xx_exti.o(.text), (248 bytes).
    Removing stm32f0xx_flash.o(.rev16_text), (4 bytes).
    Removing stm32f0xx_flash.o(.revsh_text), (4 bytes).
    Removing stm32f0xx_flash.o(.text), (1712 bytes).
    Removing stm32f0xx_gpio.o(.rev16_text), (4 bytes).
    Removing stm32f0xx_gpio.o(.revsh_text), (4 bytes).
    Removing stm32f0xx_i2c.o(.rev16_text), (4 bytes).
    Removing stm32f0xx_i2c.o(.revsh_text), (4 bytes).
    Removing stm32f0xx_i2c.o(.text), (1174 bytes).
    Removing stm32f0xx_iwdg.o(.rev16_text), (4 bytes).
    Removing stm32f0xx_iwdg.o(.revsh_text), (4 bytes).
    Removing stm32f0xx_iwdg.o(.text), (76 bytes).
    Removing stm32f0xx_misc.o(.rev16_text), (4 bytes).
    Removing stm32f0xx_misc.o(.revsh_text), (4 bytes).
    Removing stm32f0xx_pwr.o(.rev16_text), (4 bytes).
    Removing stm32f0xx_pwr.o(.revsh_text), (4 bytes).
    Removing stm32f0xx_pwr.o(.text), (344 bytes).
    Removing stm32f0xx_rcc.o(.rev16_text), (4 bytes).
    Removing stm32f0xx_rcc.o(.revsh_text), (4 bytes).
    Removing stm32f0xx_rtc.o(.rev16_text), (4 bytes).
    Removing stm32f0xx_rtc.o(.revsh_text), (4 bytes).
    Removing stm32f0xx_rtc.o(.text), (3136 bytes).
    Removing stm32f0xx_spi.o(.rev16_text), (4 bytes).
    Removing stm32f0xx_spi.o(.revsh_text), (4 bytes).
    Removing stm32f0xx_spi.o(.text), (956 bytes).
    Removing stm32f0xx_syscfg.o(.rev16_text), (4 bytes).
    Removing stm32f0xx_syscfg.o(.revsh_text), (4 bytes).
    Removing stm32f0xx_syscfg.o(.text), (240 bytes).
    Removing stm32f0xx_tim.o(.rev16_text), (4 bytes).
    Removing stm32f0xx_tim.o(.revsh_text), (4 bytes).
    Removing stm32f0xx_usart.o(.rev16_text), (4 bytes).
    Removing stm32f0xx_usart.o(.revsh_text), (4 bytes).
    Removing stm32f0xx_wwdg.o(.rev16_text), (4 bytes).
    Removing stm32f0xx_wwdg.o(.revsh_text), (4 bytes).
    Removing stm32f0xx_wwdg.o(.text), (148 bytes).
    Removing startup_stm32f030.o(HEAP), (1024 bytes).
    Removing system_stm32f0xx.o(.rev16_text), (4 bytes).
    Removing system_stm32f0xx.o(.revsh_text), (4 bytes).
    Removing lcd1602.o(.rev16_text), (4 bytes).
    Removing lcd1602.o(.revsh_text), (4 bytes).
    Removing key.o(.rev16_text), (4 bytes).
    Removing key.o(.revsh_text), (4 bytes).
    Removing cc2500b.o(.rev16_text), (4 bytes).
    Removing cc2500b.o(.revsh_text), (4 bytes).
    Removing dadd.o(.text), (356 bytes).
    Removing dmul.o(.text), (208 bytes).
    Removing ddiv.o(.text), (240 bytes).
    Removing dfixul.o(.text), (64 bytes).
    Removing cdrcmple.o(.text), (40 bytes).
    Removing depilogue.o(.text), (190 bytes).
    Removing depilogue.o(i.__ARM_clz), (46 bytes).

86 unused section(s) (total 16158 bytes) removed from the image.

==============================================================================

Image Symbol Table

    Local Symbols

    Symbol Name                              Value     Ov Type        Size  Object(Section)

    ../clib/microlib/division.c              0x00000000   Number         0  uldiv.o ABSOLUTE
    ../clib/microlib/division.c              0x00000000   Number         0  uidiv.o ABSOLUTE
    ../clib/microlib/init/entry.s            0x00000000   Number         0  entry9a.o ABSOLUTE
    ../clib/microlib/init/entry.s            0x00000000   Number         0  entry9b.o ABSOLUTE
    ../clib/microlib/init/entry.s            0x00000000   Number         0  entry7a.o ABSOLUTE
    ../clib/microlib/init/entry.s            0x00000000   Number         0  entry7b.o ABSOLUTE
    ../clib/microlib/init/entry.s            0x00000000   Number         0  entry8a.o ABSOLUTE
    ../clib/microlib/init/entry.s            0x00000000   Number         0  entry5.o ABSOLUTE
    ../clib/microlib/init/entry.s            0x00000000   Number         0  entry2.o ABSOLUTE
    ../clib/microlib/init/entry.s            0x00000000   Number         0  entry8b.o ABSOLUTE
    ../clib/microlib/init/entry.s            0x00000000   Number         0  entry.o ABSOLUTE
    ../clib/microlib/init/entry.s            0x00000000   Number         0  entry10a.o ABSOLUTE
    ../clib/microlib/init/entry.s            0x00000000   Number         0  entry10b.o ABSOLUTE
    ../clib/microlib/init/entry.s            0x00000000   Number         0  entry11a.o ABSOLUTE
    ../clib/microlib/init/entry.s            0x00000000   Number         0  entry11b.o ABSOLUTE
    ../clib/microlib/longlong.c              0x00000000   Number         0  llsshr.o ABSOLUTE
    ../clib/microlib/longlong.c              0x00000000   Number         0  llshl.o ABSOLUTE
    ../clib/microlib/longlong.c              0x00000000   Number         0  llushr.o ABSOLUTE
    ../clib/microlib/printf/printf.c         0x00000000   Number         0  printf4.o ABSOLUTE
    ../clib/microlib/printf/printf.c         0x00000000   Number         0  printf3.o ABSOLUTE
    ../clib/microlib/printf/printf.c         0x00000000   Number         0  printf2.o ABSOLUTE
    ../clib/microlib/printf/printf.c         0x00000000   Number         0  printf0.o ABSOLUTE
    ../clib/microlib/printf/printf.c         0x00000000   Number         0  printfb.o ABSOLUTE
    ../clib/microlib/printf/printf.c         0x00000000   Number         0  printfa.o ABSOLUTE
    ../clib/microlib/printf/printf.c         0x00000000   Number         0  printf1.o ABSOLUTE
    ../clib/microlib/printf/printf.c         0x00000000   Number         0  printf8.o ABSOLUTE
    ../clib/microlib/printf/printf.c         0x00000000   Number         0  printf7.o ABSOLUTE
    ../clib/microlib/printf/printf.c         0x00000000   Number         0  printf6.o ABSOLUTE
    ../clib/microlib/printf/printf.c         0x00000000   Number         0  printf5.o ABSOLUTE
    ../clib/microlib/printf/stubs.s          0x00000000   Number         0  stubs.o ABSOLUTE
    ../clib/microlib/stdio/streams.c         0x00000000   Number         0  stdout.o ABSOLUTE
    ../clib/microlib/string/memcpy.c         0x00000000   Number         0  memcpyb.o ABSOLUTE
    ../clib/microlib/string/memcpy.c         0x00000000   Number         0  memcpya.o ABSOLUTE
    ../clib/microlib/stubs.s                 0x00000000   Number         0  iusefp.o ABSOLUTE
    ../fplib/microlib/fpadd.c                0x00000000   Number         0  dadd.o ABSOLUTE
    ../fplib/microlib/fpdiv.c                0x00000000   Number         0  ddiv.o ABSOLUTE
    ../fplib/microlib/fpepilogue.c           0x00000000   Number         0  depilogue.o ABSOLUTE
    ../fplib/microlib/fpfix.c                0x00000000   Number         0  dfixul.o ABSOLUTE
    ../fplib/microlib/fpmul.c                0x00000000   Number         0  dmul.o ABSOLUTE
    APP\CC2500B\cc2500b.c                    0x00000000   Number         0  cc2500b.o ABSOLUTE
    APP\KEY\key.c                            0x00000000   Number         0  key.o ABSOLUTE
    APP\LCD1602\lcd1602.c                    0x00000000   Number         0  lcd1602.o ABSOLUTE
    APP\\CC2500B\\cc2500b.c                  0x00000000   Number         0  cc2500b.o ABSOLUTE
    APP\\KEY\\key.c                          0x00000000   Number         0  key.o ABSOLUTE
    APP\\LCD1602\\lcd1602.c                  0x00000000   Number         0  lcd1602.o ABSOLUTE
    CMSIS\\system_stm32f0xx.c                0x00000000   Number         0  system_stm32f0xx.o ABSOLUTE
    CMSIS\startup_stm32f030.s                0x00000000   Number         0  startup_stm32f030.o ABSOLUTE
    CMSIS\system_stm32f0xx.c                 0x00000000   Number         0  system_stm32f0xx.o ABSOLUTE
    Libraries\\src\\stm32f0xx_adc.c          0x00000000   Number         0  stm32f0xx_adc.o ABSOLUTE
    Libraries\\src\\stm32f0xx_can.c          0x00000000   Number         0  stm32f0xx_can.o ABSOLUTE
    Libraries\\src\\stm32f0xx_cec.c          0x00000000   Number         0  stm32f0xx_cec.o ABSOLUTE
    Libraries\\src\\stm32f0xx_comp.c         0x00000000   Number         0  stm32f0xx_comp.o ABSOLUTE
    Libraries\\src\\stm32f0xx_crc.c          0x00000000   Number         0  stm32f0xx_crc.o ABSOLUTE
    Libraries\\src\\stm32f0xx_crs.c          0x00000000   Number         0  stm32f0xx_crs.o ABSOLUTE
    Libraries\\src\\stm32f0xx_dac.c          0x00000000   Number         0  stm32f0xx_dac.o ABSOLUTE
    Libraries\\src\\stm32f0xx_dbgmcu.c       0x00000000   Number         0  stm32f0xx_dbgmcu.o ABSOLUTE
    Libraries\\src\\stm32f0xx_dma.c          0x00000000   Number         0  stm32f0xx_dma.o ABSOLUTE
    Libraries\\src\\stm32f0xx_exti.c         0x00000000   Number         0  stm32f0xx_exti.o ABSOLUTE
    Libraries\\src\\stm32f0xx_flash.c        0x00000000   Number         0  stm32f0xx_flash.o ABSOLUTE
    Libraries\\src\\stm32f0xx_gpio.c         0x00000000   Number         0  stm32f0xx_gpio.o ABSOLUTE
    Libraries\\src\\stm32f0xx_i2c.c          0x00000000   Number         0  stm32f0xx_i2c.o ABSOLUTE
    Libraries\\src\\stm32f0xx_iwdg.c         0x00000000   Number         0  stm32f0xx_iwdg.o ABSOLUTE
    Libraries\\src\\stm32f0xx_misc.c         0x00000000   Number         0  stm32f0xx_misc.o ABSOLUTE
    Libraries\\src\\stm32f0xx_pwr.c          0x00000000   Number         0  stm32f0xx_pwr.o ABSOLUTE
    Libraries\\src\\stm32f0xx_rcc.c          0x00000000   Number         0  stm32f0xx_rcc.o ABSOLUTE
    Libraries\\src\\stm32f0xx_rtc.c          0x00000000   Number         0  stm32f0xx_rtc.o ABSOLUTE
    Libraries\\src\\stm32f0xx_spi.c          0x00000000   Number         0  stm32f0xx_spi.o ABSOLUTE
    Libraries\\src\\stm32f0xx_syscfg.c       0x00000000   Number         0  stm32f0xx_syscfg.o ABSOLUTE
    Libraries\\src\\stm32f0xx_tim.c          0x00000000   Number         0  stm32f0xx_tim.o ABSOLUTE
    Libraries\\src\\stm32f0xx_usart.c        0x00000000   Number         0  stm32f0xx_usart.o ABSOLUTE
    Libraries\\src\\stm32f0xx_wwdg.c         0x00000000   Number         0  stm32f0xx_wwdg.o ABSOLUTE
    Libraries\src\stm32f0xx_adc.c            0x00000000   Number         0  stm32f0xx_adc.o ABSOLUTE
    Libraries\src\stm32f0xx_can.c            0x00000000   Number         0  stm32f0xx_can.o ABSOLUTE
    Libraries\src\stm32f0xx_cec.c            0x00000000   Number         0  stm32f0xx_cec.o ABSOLUTE
    Libraries\src\stm32f0xx_comp.c           0x00000000   Number         0  stm32f0xx_comp.o ABSOLUTE
    Libraries\src\stm32f0xx_crc.c            0x00000000   Number         0  stm32f0xx_crc.o ABSOLUTE
    Libraries\src\stm32f0xx_crs.c            0x00000000   Number         0  stm32f0xx_crs.o ABSOLUTE
    Libraries\src\stm32f0xx_dac.c            0x00000000   Number         0  stm32f0xx_dac.o ABSOLUTE
    Libraries\src\stm32f0xx_dbgmcu.c         0x00000000   Number         0  stm32f0xx_dbgmcu.o ABSOLUTE
    Libraries\src\stm32f0xx_dma.c            0x00000000   Number         0  stm32f0xx_dma.o ABSOLUTE
    Libraries\src\stm32f0xx_exti.c           0x00000000   Number         0  stm32f0xx_exti.o ABSOLUTE
    Libraries\src\stm32f0xx_flash.c          0x00000000   Number         0  stm32f0xx_flash.o ABSOLUTE
    Libraries\src\stm32f0xx_gpio.c           0x00000000   Number         0  stm32f0xx_gpio.o ABSOLUTE
    Libraries\src\stm32f0xx_i2c.c            0x00000000   Number         0  stm32f0xx_i2c.o ABSOLUTE
    Libraries\src\stm32f0xx_iwdg.c           0x00000000   Number         0  stm32f0xx_iwdg.o ABSOLUTE
    Libraries\src\stm32f0xx_misc.c           0x00000000   Number         0  stm32f0xx_misc.o ABSOLUTE
    Libraries\src\stm32f0xx_pwr.c            0x00000000   Number         0  stm32f0xx_pwr.o ABSOLUTE
    Libraries\src\stm32f0xx_rcc.c            0x00000000   Number         0  stm32f0xx_rcc.o ABSOLUTE
    Libraries\src\stm32f0xx_rtc.c            0x00000000   Number         0  stm32f0xx_rtc.o ABSOLUTE
    Libraries\src\stm32f0xx_spi.c            0x00000000   Number         0  stm32f0xx_spi.o ABSOLUTE
    Libraries\src\stm32f0xx_syscfg.c         0x00000000   Number         0  stm32f0xx_syscfg.o ABSOLUTE
    Libraries\src\stm32f0xx_tim.c            0x00000000   Number         0  stm32f0xx_tim.o ABSOLUTE
    Libraries\src\stm32f0xx_usart.c          0x00000000   Number         0  stm32f0xx_usart.o ABSOLUTE
    Libraries\src\stm32f0xx_wwdg.c           0x00000000   Number         0  stm32f0xx_wwdg.o ABSOLUTE
    User\\main.c                             0x00000000   Number         0  main.o ABSOLUTE
    User\\stm32f0xx_it.c                     0x00000000   Number         0  stm32f0xx_it.o ABSOLUTE
    User\\system.c                           0x00000000   Number         0  system.o ABSOLUTE
    User\main.c                              0x00000000   Number         0  main.o ABSOLUTE
    User\stm32f0xx_it.c                      0x00000000   Number         0  stm32f0xx_it.o ABSOLUTE
    User\system.c                            0x00000000   Number         0  system.o ABSOLUTE
    cdrcmple.s                               0x00000000   Number         0  cdrcmple.o ABSOLUTE
    dc.s                                     0x00000000   Number         0  dc.o ABSOLUTE
    handlers.s                               0x00000000   Number         0  handlers.o ABSOLUTE
    init.s                                   0x00000000   Number         0  init.o ABSOLUTE
    RESET                                    0x08000000   Section      180  startup_stm32f030.o(RESET)
    .ARM.Collect$$$$00000000                 0x080000b4   Section        0  entry.o(.ARM.Collect$$$$00000000)
    .ARM.Collect$$$$00000001                 0x080000b4   Section        4  entry2.o(.ARM.Collect$$$$00000001)
    .ARM.Collect$$$$00000004                 0x080000b8   Section        4  entry5.o(.ARM.Collect$$$$00000004)
    .ARM.Collect$$$$00000008                 0x080000bc   Section        0  entry7b.o(.ARM.Collect$$$$00000008)
    .ARM.Collect$$$$0000000A                 0x080000bc   Section        0  entry8b.o(.ARM.Collect$$$$0000000A)
    .ARM.Collect$$$$0000000B                 0x080000bc   Section        8  entry9a.o(.ARM.Collect$$$$0000000B)
    .ARM.Collect$$$$0000000D                 0x080000c4   Section        0  entry10a.o(.ARM.Collect$$$$0000000D)
    .ARM.Collect$$$$0000000F                 0x080000c4   Section        0  entry11a.o(.ARM.Collect$$$$0000000F)
    .ARM.Collect$$$$00002712                 0x080000c4   Section        4  entry2.o(.ARM.Collect$$$$00002712)
    __lit__00000000                          0x080000c4   Data           4  entry2.o(.ARM.Collect$$$$00002712)
    .text                                    0x080000c8   Section        0  main.o(.text)
    .text                                    0x08000a50   Section        0  stm32f0xx_it.o(.text)
    .text                                    0x08000a5c   Section        0  system.o(.text)
    .text                                    0x08000ad0   Section        0  stm32f0xx_gpio.o(.text)
    .text                                    0x08000cdc   Section        0  stm32f0xx_misc.o(.text)
    .text                                    0x08000d90   Section        0  stm32f0xx_rcc.o(.text)
    .text                                    0x08001460   Section        0  stm32f0xx_tim.o(.text)
    TI4_Config                               0x08001bc9   Thumb Code    66  stm32f0xx_tim.o(.text)
    TI3_Config                               0x08001c1d   Thumb Code    66  stm32f0xx_tim.o(.text)
    TI2_Config                               0x08001cad   Thumb Code    66  stm32f0xx_tim.o(.text)
    TI1_Config                               0x08001d01   Thumb Code    54  stm32f0xx_tim.o(.text)
    .text                                    0x08002060   Section        0  stm32f0xx_usart.o(.text)
    .text                                    0x080025f8   Section       28  startup_stm32f030.o(.text)
    .text                                    0x08002614   Section        0  system_stm32f0xx.o(.text)
    SetSysClock                              0x08002615   Thumb Code   118  system_stm32f0xx.o(.text)
    .text                                    0x080027b4   Section        0  lcd1602.o(.text)
    .text                                    0x08002ab0   Section        0  key.o(.text)
    .text                                    0x08002c8c   Section        0  cc2500b.o(.text)
    .text                                    0x080030e8   Section        0  uidiv.o(.text)
    .text                                    0x08003114   Section        0  memcpya.o(.text)
    .text                                    0x08003138   Section        0  uldiv.o(.text)
    .text                                    0x08003198   Section       36  init.o(.text)
    .text                                    0x080031bc   Section        0  llshl.o(.text)
    .text                                    0x080031dc   Section        0  llushr.o(.text)
    i.__0printf$8                            0x08003200   Section        0  printf8.o(i.__0printf$8)
    i.__scatterload_copy                     0x08003220   Section       14  handlers.o(i.__scatterload_copy)
    i.__scatterload_null                     0x0800322e   Section        2  handlers.o(i.__scatterload_null)
    i.__scatterload_zeroinit                 0x08003230   Section       14  handlers.o(i.__scatterload_zeroinit)
    i._printf_core                           0x08003240   Section        0  printf8.o(i._printf_core)
    _printf_core                             0x08003241   Thumb Code  1020  printf8.o(i._printf_core)
    i._printf_post_padding                   0x08003668   Section        0  printf8.o(i._printf_post_padding)
    _printf_post_padding                     0x08003669   Thumb Code    32  printf8.o(i._printf_post_padding)
    i._printf_pre_padding                    0x08003688   Section        0  printf8.o(i._printf_pre_padding)
    _printf_pre_padding                      0x08003689   Thumb Code    44  printf8.o(i._printf_pre_padding)
    .constdata                               0x080036b4   Section       68  cc2500b.o(.constdata)
    .data                                    0x20000000   Section       41  main.o(.data)
    k                                        0x20000028   Data           1  main.o(.data)
    .data                                    0x20000029   Section       16  stm32f0xx_rcc.o(.data)
    APBAHBPrescTable                         0x20000029   Data          16  stm32f0xx_rcc.o(.data)
    .data                                    0x2000003c   Section       20  system_stm32f0xx.o(.data)
    .data                                    0x20000050   Section       16  lcd1602.o(.data)
    .data                                    0x20000060   Section        4  stdout.o(.data)
    STACK                                    0x20000068   Section     2048  startup_stm32f030.o(STACK)

    Global Symbols

    Symbol Name                              Value     Ov Type        Size  Object(Section)

    BuildAttributes$$THM_ISAv3M$S$PE$A:L22$X:L11$S22$IEEE1$IW$USESV6$~STKCKD$USESV7$~SHL$OSPACE$ROPI$EBA8$MICROLIB$REQ8$PRES8$EABIv2 0x00000000   Number         0  anon$$obj.o ABSOLUTE
    __ARM_use_no_argv                        0x00000000   Number         0  main.o ABSOLUTE
    _printf_a                                0x00000000   Number         0  stubs.o ABSOLUTE
    _printf_c                                0x00000000   Number         0  stubs.o ABSOLUTE
    _printf_charcount                        0x00000000   Number         0  stubs.o ABSOLUTE
    _printf_d                                0x00000000   Number         0  stubs.o ABSOLUTE
    _printf_e                                0x00000000   Number         0  stubs.o ABSOLUTE
    _printf_f                                0x00000000   Number         0  stubs.o ABSOLUTE
    _printf_flags                            0x00000000   Number         0  stubs.o ABSOLUTE
    _printf_fp_dec                           0x00000000   Number         0  stubs.o ABSOLUTE
    _printf_fp_hex                           0x00000000   Number         0  stubs.o ABSOLUTE
    _printf_g                                0x00000000   Number         0  stubs.o ABSOLUTE
    _printf_i                                0x00000000   Number         0  stubs.o ABSOLUTE
    _printf_int_dec                          0x00000000   Number         0  stubs.o ABSOLUTE
    _printf_l                                0x00000000   Number         0  stubs.o ABSOLUTE
    _printf_lc                               0x00000000   Number         0  stubs.o ABSOLUTE
    _printf_ll                               0x00000000   Number         0  stubs.o ABSOLUTE
    _printf_lld                              0x00000000   Number         0  stubs.o ABSOLUTE
    _printf_lli                              0x00000000   Number         0  stubs.o ABSOLUTE
    _printf_llo                              0x00000000   Number         0  stubs.o ABSOLUTE
    _printf_llu                              0x00000000   Number         0  stubs.o ABSOLUTE
    _printf_llx                              0x00000000   Number         0  stubs.o ABSOLUTE
    _printf_longlong_dec                     0x00000000   Number         0  stubs.o ABSOLUTE
    _printf_longlong_hex                     0x00000000   Number         0  stubs.o ABSOLUTE
    _printf_longlong_oct                     0x00000000   Number         0  stubs.o ABSOLUTE
    _printf_ls                               0x00000000   Number         0  stubs.o ABSOLUTE
    _printf_mbtowc                           0x00000000   Number         0  stubs.o ABSOLUTE
    _printf_n                                0x00000000   Number         0  stubs.o ABSOLUTE
    _printf_o                                0x00000000   Number         0  stubs.o ABSOLUTE
    _printf_p                                0x00000000   Number         0  stubs.o ABSOLUTE
    _printf_percent                          0x00000000   Number         0  stubs.o ABSOLUTE
    _printf_pre_padding                      0x00000000   Number         0  stubs.o ABSOLUTE
    _printf_return_value                     0x00000000   Number         0  stubs.o ABSOLUTE
    _printf_s                                0x00000000   Number         0  stubs.o ABSOLUTE
    _printf_sizespec                         0x00000000   Number         0  stubs.o ABSOLUTE
    _printf_str                              0x00000000   Number         0  stubs.o ABSOLUTE
    _printf_truncate_signed                  0x00000000   Number         0  stubs.o ABSOLUTE
    _printf_truncate_unsigned                0x00000000   Number         0  stubs.o ABSOLUTE
    _printf_u                                0x00000000   Number         0  stubs.o ABSOLUTE
    _printf_wc                               0x00000000   Number         0  stubs.o ABSOLUTE
    _printf_wctomb                           0x00000000   Number         0  stubs.o ABSOLUTE
    _printf_widthprec                        0x00000000   Number         0  stubs.o ABSOLUTE
    _printf_x                                0x00000000   Number         0  stubs.o ABSOLUTE
    __cpp_initialize__aeabi_                  - Undefined Weak Reference
    __cxa_finalize                            - Undefined Weak Reference
    __decompress                              - Undefined Weak Reference
    _clock_init                               - Undefined Weak Reference
    _microlib_exit                            - Undefined Weak Reference
    __Vectors_Size                           0x000000b4   Number         0  startup_stm32f030.o ABSOLUTE
    __Vectors                                0x08000000   Data           4  startup_stm32f030.o(RESET)
    __Vectors_End                            0x080000b4   Data           0  startup_stm32f030.o(RESET)
    __main                                   0x080000b5   Thumb Code     0  entry.o(.ARM.Collect$$$$00000000)
    _main_stk                                0x080000b5   Thumb Code     0  entry2.o(.ARM.Collect$$$$00000001)
    _main_scatterload                        0x080000b9   Thumb Code     0  entry5.o(.ARM.Collect$$$$00000004)
    __main_after_scatterload                 0x080000bd   Thumb Code     0  entry5.o(.ARM.Collect$$$$00000004)
    _main_clock                              0x080000bd   Thumb Code     0  entry7b.o(.ARM.Collect$$$$00000008)
    _main_cpp_init                           0x080000bd   Thumb Code     0  entry8b.o(.ARM.Collect$$$$0000000A)
    _main_init                               0x080000bd   Thumb Code     0  entry9a.o(.ARM.Collect$$$$0000000B)
    __rt_final_cpp                           0x080000c5   Thumb Code     0  entry10a.o(.ARM.Collect$$$$0000000D)
    __rt_final_exit                          0x080000c5   Thumb Code     0  entry11a.o(.ARM.Collect$$$$0000000F)
    CC2500_PA_Init                           0x080000c9   Thumb Code    62  main.o(.text)
    TIM14_Configuration                      0x08000107   Thumb Code    78  main.o(.text)
    TIM14_IRQHandler                         0x08000155   Thumb Code   148  main.o(.text)
    TIM3_Configuration                       0x080001e9   Thumb Code    72  main.o(.text)
    TIM3_IRQHandler                          0x08000231   Thumb Code    20  main.o(.text)
    USART1_Configuration                     0x08000245   Thumb Code   174  main.o(.text)
    USART1_IRQHandler                        0x080002f3   Thumb Code    58  main.o(.text)
    Read_STM32ID                             0x0800032d   Thumb Code    52  main.o(.text)
    Rf_CheckData                             0x08000361   Thumb Code   118  main.o(.text)
    Rf_SendStudyId                           0x080003d7   Thumb Code   164  main.o(.text)
    Rf_StudyWithControl                      0x0800047b   Thumb Code    20  main.o(.text)
    Rf_SendKeyValue                          0x0800048f   Thumb Code   274  main.o(.text)
    lcd1602key_Handle                        0x080005a1   Thumb Code   834  main.o(.text)
    PWR_DOWNmode                             0x080008e3   Thumb Code    36  main.o(.text)
    main                                     0x08000907   Thumb Code   296  main.o(.text)
    NMI_Handler                              0x08000a51   Thumb Code     2  stm32f0xx_it.o(.text)
    HardFault_Handler                        0x08000a53   Thumb Code     4  stm32f0xx_it.o(.text)
    SVC_Handler                              0x08000a57   Thumb Code     2  stm32f0xx_it.o(.text)
    PendSV_Handler                           0x08000a59   Thumb Code     2  stm32f0xx_it.o(.text)
    SysTick_Handler                          0x08000a5b   Thumb Code     2  stm32f0xx_it.o(.text)
    fputc                                    0x08000a5d   Thumb Code    32  system.o(.text)
    Delay_us                                 0x08000a7d   Thumb Code    46  system.o(.text)
    Delay_ms                                 0x08000aab   Thumb Code    30  system.o(.text)
    GPIO_DeInit                              0x08000ad1   Thumb Code   156  stm32f0xx_gpio.o(.text)
    GPIO_Init                                0x08000b6d   Thumb Code   144  stm32f0xx_gpio.o(.text)
    GPIO_StructInit                          0x08000bfd   Thumb Code    20  stm32f0xx_gpio.o(.text)
    GPIO_PinLockConfig                       0x08000c11   Thumb Code    34  stm32f0xx_gpio.o(.text)
    GPIO_ReadInputDataBit                    0x08000c33   Thumb Code    20  stm32f0xx_gpio.o(.text)
    GPIO_ReadInputData                       0x08000c47   Thumb Code     6  stm32f0xx_gpio.o(.text)
    GPIO_ReadOutputDataBit                   0x08000c4d   Thumb Code    20  stm32f0xx_gpio.o(.text)
    GPIO_ReadOutputData                      0x08000c61   Thumb Code     6  stm32f0xx_gpio.o(.text)
    GPIO_SetBits                             0x08000c67   Thumb Code     4  stm32f0xx_gpio.o(.text)
    GPIO_ResetBits                           0x08000c6b   Thumb Code     4  stm32f0xx_gpio.o(.text)
    GPIO_WriteBit                            0x08000c6f   Thumb Code    12  stm32f0xx_gpio.o(.text)
    GPIO_Write                               0x08000c7b   Thumb Code     4  stm32f0xx_gpio.o(.text)
    GPIO_PinAFConfig                         0x08000c7f   Thumb Code    68  stm32f0xx_gpio.o(.text)
    NVIC_Init                                0x08000cdd   Thumb Code   106  stm32f0xx_misc.o(.text)
    NVIC_SystemLPConfig                      0x08000d47   Thumb Code    28  stm32f0xx_misc.o(.text)
    SysTick_CLKSourceConfig                  0x08000d63   Thumb Code    32  stm32f0xx_misc.o(.text)
    RCC_DeInit                               0x08000d91   Thumb Code   104  stm32f0xx_rcc.o(.text)
    RCC_HSEConfig                            0x08000df9   Thumb Code    12  stm32f0xx_rcc.o(.text)
    RCC_GetFlagStatus                        0x08000e05   Thumb Code    68  stm32f0xx_rcc.o(.text)
    RCC_WaitForHSEStartUp                    0x08000e49   Thumb Code    60  stm32f0xx_rcc.o(.text)
    RCC_AdjustHSICalibrationValue            0x08000e85   Thumb Code    26  stm32f0xx_rcc.o(.text)
    RCC_HSICmd                               0x08000e9f   Thumb Code    32  stm32f0xx_rcc.o(.text)
    RCC_AdjustHSI14CalibrationValue          0x08000ebf   Thumb Code    26  stm32f0xx_rcc.o(.text)
    RCC_HSI14Cmd                             0x08000ed9   Thumb Code    32  stm32f0xx_rcc.o(.text)
    RCC_HSI14ADCRequestCmd                   0x08000ef9   Thumb Code    32  stm32f0xx_rcc.o(.text)
    RCC_LSEConfig                            0x08000f19   Thumb Code    34  stm32f0xx_rcc.o(.text)
    RCC_LSEDriveConfig                       0x08000f3b   Thumb Code    22  stm32f0xx_rcc.o(.text)
    RCC_LSICmd                               0x08000f51   Thumb Code    32  stm32f0xx_rcc.o(.text)
    RCC_PLLConfig                            0x08000f71   Thumb Code    30  stm32f0xx_rcc.o(.text)
    RCC_PLLCmd                               0x08000f8f   Thumb Code    36  stm32f0xx_rcc.o(.text)
    RCC_HSI48Cmd                             0x08000fb3   Thumb Code    36  stm32f0xx_rcc.o(.text)
    RCC_PREDIV1Config                        0x08000fd7   Thumb Code    24  stm32f0xx_rcc.o(.text)
    RCC_ClockSecuritySystemCmd               0x08000fef   Thumb Code    36  stm32f0xx_rcc.o(.text)
    RCC_MCOConfig                            0x08001013   Thumb Code     6  stm32f0xx_rcc.o(.text)
    RCC_SYSCLKConfig                         0x08001019   Thumb Code    24  stm32f0xx_rcc.o(.text)
    RCC_GetSYSCLKSource                      0x08001031   Thumb Code    10  stm32f0xx_rcc.o(.text)
    RCC_HCLKConfig                           0x0800103b   Thumb Code    28  stm32f0xx_rcc.o(.text)
    RCC_PCLKConfig                           0x08001057   Thumb Code    30  stm32f0xx_rcc.o(.text)
    RCC_ADCCLKConfig                         0x08001075   Thumb Code    52  stm32f0xx_rcc.o(.text)
    RCC_CECCLKConfig                         0x080010a9   Thumb Code    22  stm32f0xx_rcc.o(.text)
    RCC_I2CCLKConfig                         0x080010bf   Thumb Code    22  stm32f0xx_rcc.o(.text)
    RCC_USARTCLKConfig                       0x080010d5   Thumb Code    48  stm32f0xx_rcc.o(.text)
    RCC_USBCLKConfig                         0x08001105   Thumb Code    22  stm32f0xx_rcc.o(.text)
    RCC_GetClocksFreq                        0x0800111b   Thumb Code   490  stm32f0xx_rcc.o(.text)
    RCC_RTCCLKConfig                         0x08001305   Thumb Code    12  stm32f0xx_rcc.o(.text)
    RCC_RTCCLKCmd                            0x08001311   Thumb Code    36  stm32f0xx_rcc.o(.text)
    RCC_BackupResetCmd                       0x08001335   Thumb Code    36  stm32f0xx_rcc.o(.text)
    RCC_AHBPeriphClockCmd                    0x08001359   Thumb Code    28  stm32f0xx_rcc.o(.text)
    RCC_APB2PeriphClockCmd                   0x08001375   Thumb Code    28  stm32f0xx_rcc.o(.text)
    RCC_APB1PeriphClockCmd                   0x08001391   Thumb Code    28  stm32f0xx_rcc.o(.text)
    RCC_AHBPeriphResetCmd                    0x080013ad   Thumb Code    28  stm32f0xx_rcc.o(.text)
    RCC_APB2PeriphResetCmd                   0x080013c9   Thumb Code    28  stm32f0xx_rcc.o(.text)
    RCC_APB1PeriphResetCmd                   0x080013e5   Thumb Code    28  stm32f0xx_rcc.o(.text)
    RCC_ITConfig                             0x08001401   Thumb Code    28  stm32f0xx_rcc.o(.text)
    RCC_ClearFlag                            0x0800141d   Thumb Code    16  stm32f0xx_rcc.o(.text)
    RCC_GetITStatus                          0x0800142d   Thumb Code    22  stm32f0xx_rcc.o(.text)
    RCC_ClearITPendingBit                    0x08001443   Thumb Code     6  stm32f0xx_rcc.o(.text)
    TIM_DeInit                               0x08001461   Thumb Code   228  stm32f0xx_tim.o(.text)
    TIM_TimeBaseInit                         0x08001545   Thumb Code    90  stm32f0xx_tim.o(.text)
    TIM_TimeBaseStructInit                   0x0800159f   Thumb Code    18  stm32f0xx_tim.o(.text)
    TIM_PrescalerConfig                      0x080015b1   Thumb Code     6  stm32f0xx_tim.o(.text)
    TIM_CounterModeConfig                    0x080015b7   Thumb Code    20  stm32f0xx_tim.o(.text)
    TIM_SetCounter                           0x080015cb   Thumb Code     4  stm32f0xx_tim.o(.text)
    TIM_SetAutoreload                        0x080015cf   Thumb Code     4  stm32f0xx_tim.o(.text)
    TIM_GetCounter                           0x080015d3   Thumb Code     6  stm32f0xx_tim.o(.text)
    TIM_GetPrescaler                         0x080015d9   Thumb Code     6  stm32f0xx_tim.o(.text)
    TIM_UpdateDisableConfig                  0x080015df   Thumb Code    26  stm32f0xx_tim.o(.text)
    TIM_UpdateRequestConfig                  0x080015f9   Thumb Code    26  stm32f0xx_tim.o(.text)
    TIM_ARRPreloadConfig                     0x08001613   Thumb Code    26  stm32f0xx_tim.o(.text)
    TIM_SelectOnePulseMode                   0x0800162d   Thumb Code    18  stm32f0xx_tim.o(.text)
    TIM_SetClockDivision                     0x0800163f   Thumb Code    16  stm32f0xx_tim.o(.text)
    TIM_Cmd                                  0x0800164f   Thumb Code    26  stm32f0xx_tim.o(.text)
    TIM_BDTRConfig                           0x08001669   Thumb Code    32  stm32f0xx_tim.o(.text)
    TIM_BDTRStructInit                       0x08001689   Thumb Code    18  stm32f0xx_tim.o(.text)
    TIM_CtrlPWMOutputs                       0x0800169b   Thumb Code    34  stm32f0xx_tim.o(.text)
    TIM_OC1Init                              0x080016bd   Thumb Code   122  stm32f0xx_tim.o(.text)
    TIM_OC2Init                              0x08001737   Thumb Code   144  stm32f0xx_tim.o(.text)
    TIM_OC3Init                              0x080017c7   Thumb Code   190  stm32f0xx_tim.o(.text)
    TIM_OC4Init                              0x08001885   Thumb Code    88  stm32f0xx_tim.o(.text)
    TIM_OCStructInit                         0x080018dd   Thumb Code    20  stm32f0xx_tim.o(.text)
    TIM_SelectOCxM                           0x080018f1   Thumb Code    82  stm32f0xx_tim.o(.text)
    TIM_SetCompare1                          0x08001943   Thumb Code     4  stm32f0xx_tim.o(.text)
    TIM_SetCompare2                          0x08001947   Thumb Code     4  stm32f0xx_tim.o(.text)
    TIM_SetCompare3                          0x0800194b   Thumb Code     4  stm32f0xx_tim.o(.text)
    TIM_SetCompare4                          0x0800194f   Thumb Code     4  stm32f0xx_tim.o(.text)
    TIM_ForcedOC1Config                      0x08001953   Thumb Code    20  stm32f0xx_tim.o(.text)
    TIM_ForcedOC2Config                      0x08001967   Thumb Code    20  stm32f0xx_tim.o(.text)
    TIM_ForcedOC3Config                      0x0800197b   Thumb Code    20  stm32f0xx_tim.o(.text)
    TIM_ForcedOC4Config                      0x0800198f   Thumb Code    20  stm32f0xx_tim.o(.text)
    TIM_CCPreloadControl                     0x080019a3   Thumb Code    26  stm32f0xx_tim.o(.text)
    TIM_OC1PreloadConfig                     0x080019bd   Thumb Code    22  stm32f0xx_tim.o(.text)
    TIM_OC2PreloadConfig                     0x080019d3   Thumb Code    20  stm32f0xx_tim.o(.text)
    TIM_OC3PreloadConfig                     0x080019e7   Thumb Code    22  stm32f0xx_tim.o(.text)
    TIM_OC4PreloadConfig                     0x080019fd   Thumb Code    20  stm32f0xx_tim.o(.text)
    TIM_OC1FastConfig                        0x08001a11   Thumb Code    22  stm32f0xx_tim.o(.text)
    TIM_OC2FastConfig                        0x08001a27   Thumb Code    20  stm32f0xx_tim.o(.text)
    TIM_OC3FastConfig                        0x08001a3b   Thumb Code    22  stm32f0xx_tim.o(.text)
    TIM_OC4FastConfig                        0x08001a51   Thumb Code    20  stm32f0xx_tim.o(.text)
    TIM_ClearOC1Ref                          0x08001a65   Thumb Code    22  stm32f0xx_tim.o(.text)
    TIM_ClearOC2Ref                          0x08001a7b   Thumb Code    20  stm32f0xx_tim.o(.text)
    TIM_ClearOC3Ref                          0x08001a8f   Thumb Code    22  stm32f0xx_tim.o(.text)
    TIM_ClearOC4Ref                          0x08001aa5   Thumb Code    20  stm32f0xx_tim.o(.text)
    TIM_OC1PolarityConfig                    0x08001ab9   Thumb Code    22  stm32f0xx_tim.o(.text)
    TIM_OC1NPolarityConfig                   0x08001acf   Thumb Code    22  stm32f0xx_tim.o(.text)
    TIM_OC2PolarityConfig                    0x08001ae5   Thumb Code    22  stm32f0xx_tim.o(.text)
    TIM_OC2NPolarityConfig                   0x08001afb   Thumb Code    22  stm32f0xx_tim.o(.text)
    TIM_OC3PolarityConfig                    0x08001b11   Thumb Code    20  stm32f0xx_tim.o(.text)
    TIM_OC3NPolarityConfig                   0x08001b25   Thumb Code    20  stm32f0xx_tim.o(.text)
    TIM_OC4PolarityConfig                    0x08001b39   Thumb Code    20  stm32f0xx_tim.o(.text)
    TIM_SelectOCREFClear                     0x08001b4d   Thumb Code    18  stm32f0xx_tim.o(.text)
    TIM_CCxCmd                               0x08001b5f   Thumb Code    30  stm32f0xx_tim.o(.text)
    TIM_CCxNCmd                              0x08001b7d   Thumb Code    30  stm32f0xx_tim.o(.text)
    TIM_SelectCOM                            0x08001b9b   Thumb Code    26  stm32f0xx_tim.o(.text)
    TIM_SetIC4Prescaler                      0x08001bb5   Thumb Code    20  stm32f0xx_tim.o(.text)
    TIM_SetIC3Prescaler                      0x08001c0b   Thumb Code    18  stm32f0xx_tim.o(.text)
    TIM_SetIC2Prescaler                      0x08001c5f   Thumb Code    78  stm32f0xx_tim.o(.text)
    TIM_SetIC1Prescaler                      0x08001cef   Thumb Code    18  stm32f0xx_tim.o(.text)
    TIM_ICInit                               0x08001d37   Thumb Code   112  stm32f0xx_tim.o(.text)
    TIM_ICStructInit                         0x08001da7   Thumb Code    18  stm32f0xx_tim.o(.text)
    TIM_PWMIConfig                           0x08001db9   Thumb Code   124  stm32f0xx_tim.o(.text)
    TIM_GetCapture1                          0x08001e35   Thumb Code     6  stm32f0xx_tim.o(.text)
    TIM_GetCapture2                          0x08001e3b   Thumb Code     6  stm32f0xx_tim.o(.text)
    TIM_GetCapture3                          0x08001e41   Thumb Code     6  stm32f0xx_tim.o(.text)
    TIM_GetCapture4                          0x08001e47   Thumb Code     6  stm32f0xx_tim.o(.text)
    TIM_ITConfig                             0x08001e4d   Thumb Code    20  stm32f0xx_tim.o(.text)
    TIM_GenerateEvent                        0x08001e61   Thumb Code     4  stm32f0xx_tim.o(.text)
    TIM_GetFlagStatus                        0x08001e65   Thumb Code    20  stm32f0xx_tim.o(.text)
    TIM_ClearFlag                            0x08001e79   Thumb Code     6  stm32f0xx_tim.o(.text)
    TIM_GetITStatus                          0x08001e7f   Thumb Code    38  stm32f0xx_tim.o(.text)
    TIM_ClearITPendingBit                    0x08001ea5   Thumb Code     6  stm32f0xx_tim.o(.text)
    TIM_DMAConfig                            0x08001eab   Thumb Code    12  stm32f0xx_tim.o(.text)
    TIM_DMACmd                               0x08001eb7   Thumb Code    20  stm32f0xx_tim.o(.text)
    TIM_SelectCCDMA                          0x08001ecb   Thumb Code    26  stm32f0xx_tim.o(.text)
    TIM_InternalClockConfig                  0x08001ee5   Thumb Code    12  stm32f0xx_tim.o(.text)
    TIM_SelectInputTrigger                   0x08001ef1   Thumb Code    22  stm32f0xx_tim.o(.text)
    TIM_ITRxExternalClockConfig              0x08001f07   Thumb Code    24  stm32f0xx_tim.o(.text)
    TIM_TIxExternalClockConfig               0x08001f1f   Thumb Code    58  stm32f0xx_tim.o(.text)
    TIM_ETRConfig                            0x08001f59   Thumb Code    24  stm32f0xx_tim.o(.text)
    TIM_ETRClockMode1Config                  0x08001f71   Thumb Code    48  stm32f0xx_tim.o(.text)
    TIM_ETRClockMode2Config                  0x08001fa1   Thumb Code    34  stm32f0xx_tim.o(.text)
    TIM_SelectOutputTrigger                  0x08001fc3   Thumb Code    18  stm32f0xx_tim.o(.text)
    TIM_SelectSlaveMode                      0x08001fd5   Thumb Code    18  stm32f0xx_tim.o(.text)
    TIM_SelectMasterSlaveMode                0x08001fe7   Thumb Code    18  stm32f0xx_tim.o(.text)
    TIM_EncoderInterfaceConfig               0x08001ff9   Thumb Code    60  stm32f0xx_tim.o(.text)
    TIM_SelectHallSensor                     0x08002035   Thumb Code    26  stm32f0xx_tim.o(.text)
    TIM_RemapConfig                          0x0800204f   Thumb Code     6  stm32f0xx_tim.o(.text)
    USART_DeInit                             0x08002061   Thumb Code   108  stm32f0xx_usart.o(.text)
    USART_Init                               0x080020cd   Thumb Code   214  stm32f0xx_usart.o(.text)
    USART_StructInit                         0x080021a3   Thumb Code    24  stm32f0xx_usart.o(.text)
    USART_ClockInit                          0x080021bb   Thumb Code    36  stm32f0xx_usart.o(.text)
    USART_ClockStructInit                    0x080021df   Thumb Code    12  stm32f0xx_usart.o(.text)
    USART_Cmd                                0x080021eb   Thumb Code    24  stm32f0xx_usart.o(.text)
    USART_DirectionModeCmd                   0x08002203   Thumb Code    20  stm32f0xx_usart.o(.text)
    USART_OverSampling8Cmd                   0x08002217   Thumb Code    28  stm32f0xx_usart.o(.text)
    USART_OneBitMethodCmd                    0x08002233   Thumb Code    28  stm32f0xx_usart.o(.text)
    USART_MSBFirstCmd                        0x0800224f   Thumb Code    28  stm32f0xx_usart.o(.text)
    USART_DataInvCmd                         0x0800226b   Thumb Code    28  stm32f0xx_usart.o(.text)
    USART_InvPinCmd                          0x08002287   Thumb Code    20  stm32f0xx_usart.o(.text)
    USART_SWAPPinCmd                         0x0800229b   Thumb Code    28  stm32f0xx_usart.o(.text)
    USART_ReceiverTimeOutCmd                 0x080022b7   Thumb Code    28  stm32f0xx_usart.o(.text)
    USART_SetReceiverTimeOut                 0x080022d3   Thumb Code    16  stm32f0xx_usart.o(.text)
    USART_SetPrescaler                       0x080022e3   Thumb Code    18  stm32f0xx_usart.o(.text)
    USART_STOPModeCmd                        0x080022f5   Thumb Code    24  stm32f0xx_usart.o(.text)
    USART_StopModeWakeUpSourceConfig         0x0800230d   Thumb Code    18  stm32f0xx_usart.o(.text)
    USART_AutoBaudRateCmd                    0x0800231f   Thumb Code    28  stm32f0xx_usart.o(.text)
    USART_AutoBaudRateConfig                 0x0800233b   Thumb Code    18  stm32f0xx_usart.o(.text)
    USART_SendData                           0x0800234d   Thumb Code     8  stm32f0xx_usart.o(.text)
    USART_ReceiveData                        0x08002355   Thumb Code    10  stm32f0xx_usart.o(.text)
    USART_SetAddress                         0x0800235f   Thumb Code    18  stm32f0xx_usart.o(.text)
    USART_MuteModeCmd                        0x08002371   Thumb Code    28  stm32f0xx_usart.o(.text)
    USART_MuteModeWakeUpConfig               0x0800238d   Thumb Code    18  stm32f0xx_usart.o(.text)
    USART_AddressDetectionConfig             0x0800239f   Thumb Code    16  stm32f0xx_usart.o(.text)
    USART_LINBreakDetectLengthConfig         0x080023af   Thumb Code    16  stm32f0xx_usart.o(.text)
    USART_LINCmd                             0x080023bf   Thumb Code    28  stm32f0xx_usart.o(.text)
    USART_HalfDuplexCmd                      0x080023db   Thumb Code    24  stm32f0xx_usart.o(.text)
    USART_SetGuardTime                       0x080023f3   Thumb Code    16  stm32f0xx_usart.o(.text)
    USART_SmartCardCmd                       0x08002403   Thumb Code    24  stm32f0xx_usart.o(.text)
    USART_SmartCardNACKCmd                   0x0800241b   Thumb Code    24  stm32f0xx_usart.o(.text)
    USART_SetAutoRetryCount                  0x08002433   Thumb Code    46  stm32f0xx_usart.o(.text)
    USART_SetBlockLength                     0x08002461   Thumb Code    18  stm32f0xx_usart.o(.text)
    USART_IrDAConfig                         0x08002473   Thumb Code    16  stm32f0xx_usart.o(.text)
    USART_IrDACmd                            0x08002483   Thumb Code    24  stm32f0xx_usart.o(.text)
    USART_DECmd                              0x0800249b   Thumb Code    28  stm32f0xx_usart.o(.text)
    USART_DEPolarityConfig                   0x080024b7   Thumb Code    18  stm32f0xx_usart.o(.text)
    USART_SetDEAssertionTime                 0x080024c9   Thumb Code    20  stm32f0xx_usart.o(.text)
    USART_SetDEDeassertionTime               0x080024dd   Thumb Code    20  stm32f0xx_usart.o(.text)
    USART_DMACmd                             0x080024f1   Thumb Code    20  stm32f0xx_usart.o(.text)
    USART_DMAReceptionErrorConfig            0x08002505   Thumb Code    18  stm32f0xx_usart.o(.text)
    USART_ITConfig                           0x08002517   Thumb Code    66  stm32f0xx_usart.o(.text)
    USART_RequestCmd                         0x08002559   Thumb Code    20  stm32f0xx_usart.o(.text)
    USART_OverrunDetectionConfig             0x0800256d   Thumb Code    18  stm32f0xx_usart.o(.text)
    USART_GetFlagStatus                      0x0800257f   Thumb Code    20  stm32f0xx_usart.o(.text)
    USART_ClearFlag                          0x08002593   Thumb Code     4  stm32f0xx_usart.o(.text)
    USART_GetITStatus                        0x08002597   Thumb Code    78  stm32f0xx_usart.o(.text)
    USART_ClearITPendingBit                  0x080025e5   Thumb Code    18  stm32f0xx_usart.o(.text)
    Reset_Handler                            0x080025f9   Thumb Code     8  startup_stm32f030.o(.text)
    ADC1_IRQHandler                          0x0800260b   Thumb Code     0  startup_stm32f030.o(.text)
    DMA1_Channel1_IRQHandler                 0x0800260b   Thumb Code     0  startup_stm32f030.o(.text)
    DMA1_Channel2_3_IRQHandler               0x0800260b   Thumb Code     0  startup_stm32f030.o(.text)
    DMA1_Channel4_5_IRQHandler               0x0800260b   Thumb Code     0  startup_stm32f030.o(.text)
    EXTI0_1_IRQHandler                       0x0800260b   Thumb Code     0  startup_stm32f030.o(.text)
    EXTI2_3_IRQHandler                       0x0800260b   Thumb Code     0  startup_stm32f030.o(.text)
    EXTI4_15_IRQHandler                      0x0800260b   Thumb Code     0  startup_stm32f030.o(.text)
    FLASH_IRQHandler                         0x0800260b   Thumb Code     0  startup_stm32f030.o(.text)
    I2C1_IRQHandler                          0x0800260b   Thumb Code     0  startup_stm32f030.o(.text)
    I2C2_IRQHandler                          0x0800260b   Thumb Code     0  startup_stm32f030.o(.text)
    RCC_IRQHandler                           0x0800260b   Thumb Code     0  startup_stm32f030.o(.text)
    RTC_IRQHandler                           0x0800260b   Thumb Code     0  startup_stm32f030.o(.text)
    SPI1_IRQHandler                          0x0800260b   Thumb Code     0  startup_stm32f030.o(.text)
    SPI2_IRQHandler                          0x0800260b   Thumb Code     0  startup_stm32f030.o(.text)
    TIM15_IRQHandler                         0x0800260b   Thumb Code     0  startup_stm32f030.o(.text)
    TIM16_IRQHandler                         0x0800260b   Thumb Code     0  startup_stm32f030.o(.text)
    TIM17_IRQHandler                         0x0800260b   Thumb Code     0  startup_stm32f030.o(.text)
    TIM1_BRK_UP_TRG_COM_IRQHandler           0x0800260b   Thumb Code     0  startup_stm32f030.o(.text)
    TIM1_CC_IRQHandler                       0x0800260b   Thumb Code     0  startup_stm32f030.o(.text)
    USART2_IRQHandler                        0x0800260b   Thumb Code     0  startup_stm32f030.o(.text)
    WWDG_IRQHandler                          0x0800260b   Thumb Code     0  startup_stm32f030.o(.text)
    SystemInit                               0x0800268b   Thumb Code   110  system_stm32f0xx.o(.text)
    SystemCoreClockUpdate                    0x080026f9   Thumb Code   154  system_stm32f0xx.o(.text)
    GPIO_Write_8bit                          0x080027b5   Thumb Code    58  lcd1602.o(.text)
    LCD_write_com                            0x080027ef   Thumb Code   108  lcd1602.o(.text)
    LCD_INIT                                 0x0800285b   Thumb Code   106  lcd1602.o(.text)
    LCD_Init                                 0x080028c5   Thumb Code    42  lcd1602.o(.text)
    LCD_check_busy                           0x080028ef   Thumb Code    98  lcd1602.o(.text)
    LCD_initwrite_com                        0x08002951   Thumb Code   108  lcd1602.o(.text)
    LCD_write_data                           0x080029bd   Thumb Code   110  lcd1602.o(.text)
    LCD_Clear                                0x08002a2b   Thumb Code    16  lcd1602.o(.text)
    LCD_write_string                         0x08002a3b   Thumb Code    60  lcd1602.o(.text)
    LCD_write_char                           0x08002a77   Thumb Code    50  lcd1602.o(.text)
    lcd1602key_Init                          0x08002ab1   Thumb Code   112  key.o(.text)
    lcd1602key_Scan                          0x08002b21   Thumb Code   356  key.o(.text)
    SPI_Configuration                        0x08002c8d   Thumb Code   122  cc2500b.o(.text)
    SPI_IN_set                               0x08002d07   Thumb Code    50  cc2500b.o(.text)
    SPI_IN_reset                             0x08002d39   Thumb Code    52  cc2500b.o(.text)
    RF_INT_set                               0x08002d6d   Thumb Code    54  cc2500b.o(.text)
    RF_INT_reset                             0x08002da3   Thumb Code    56  cc2500b.o(.text)
    SpiOpen                                  0x08002ddb   Thumb Code    42  cc2500b.o(.text)
    SpiClose                                 0x08002e05   Thumb Code    16  cc2500b.o(.text)
    SpiWriteByte                             0x08002e15   Thumb Code    64  cc2500b.o(.text)
    SpiReadByte                              0x08002e55   Thumb Code    54  cc2500b.o(.text)
    CC2500_WriteReg                          0x08002e8b   Thumb Code    28  cc2500b.o(.text)
    CC2500_ReadReg                           0x08002ea7   Thumb Code    32  cc2500b.o(.text)
    CC2500_Command                           0x08002ec7   Thumb Code    20  cc2500b.o(.text)
    CC2500_Init                              0x08002edb   Thumb Code    76  cc2500b.o(.text)
    CC2500_PowerUpAndReset                   0x08002f27   Thumb Code   104  cc2500b.o(.text)
    CC2500_WriteBurstReg                     0x08002f8f   Thumb Code    58  cc2500b.o(.text)
    CC2500_ReadBurstReg                      0x08002fc9   Thumb Code    46  cc2500b.o(.text)
    RF_Init                                  0x08002ff7   Thumb Code    38  cc2500b.o(.text)
    Rf_SendMode                              0x0800301d   Thumb Code    20  cc2500b.o(.text)
    Rf_PowerSave                             0x08003031   Thumb Code    10  cc2500b.o(.text)
    Rf_ReadData                              0x0800303b   Thumb Code    86  cc2500b.o(.text)
    Rf_SendData                              0x08003091   Thumb Code    88  cc2500b.o(.text)
    __aeabi_uidiv                            0x080030e9   Thumb Code     0  uidiv.o(.text)
    __aeabi_uidivmod                         0x080030e9   Thumb Code    44  uidiv.o(.text)
    __aeabi_memcpy                           0x08003115   Thumb Code    36  memcpya.o(.text)
    __aeabi_memcpy4                          0x08003115   Thumb Code     0  memcpya.o(.text)
    __aeabi_memcpy8                          0x08003115   Thumb Code     0  memcpya.o(.text)
    __aeabi_uldivmod                         0x08003139   Thumb Code    96  uldiv.o(.text)
    __scatterload                            0x08003199   Thumb Code    28  init.o(.text)
    __scatterload_rt2                        0x08003199   Thumb Code     0  init.o(.text)
    __aeabi_llsl                             0x080031bd   Thumb Code    32  llshl.o(.text)
    _ll_shift_l                              0x080031bd   Thumb Code     0  llshl.o(.text)
    __aeabi_llsr                             0x080031dd   Thumb Code    34  llushr.o(.text)
    _ll_ushift_r                             0x080031dd   Thumb Code     0  llushr.o(.text)
    __0printf$8                              0x08003201   Thumb Code    24  printf8.o(i.__0printf$8)
    __1printf$8                              0x08003201   Thumb Code     0  printf8.o(i.__0printf$8)
    __2printf                                0x08003201   Thumb Code     0  printf8.o(i.__0printf$8)
    __scatterload_copy                       0x08003221   Thumb Code    14  handlers.o(i.__scatterload_copy)
    __scatterload_null                       0x0800322f   Thumb Code     2  handlers.o(i.__scatterload_null)
    __scatterload_zeroinit                   0x08003231   Thumb Code    14  handlers.o(i.__scatterload_zeroinit)
    Region$$Table$$Base                      0x080036f8   Number         0  anon$$obj.o(Region$$Table)
    Region$$Table$$Limit                     0x08003718   Number         0  anon$$obj.o(Region$$Table)
    HW_version                               0x20000000   Data           4  main.o(.data)
    SW_version                               0x20000004   Data           4  main.o(.data)
    KEY_number                               0x20000008   Data           4  main.o(.data)
    Key                                      0x2000000c   Data           5  main.o(.data)
    CC2500                                   0x20000011   Data           6  main.o(.data)
    FASH                                     0x20000017   Data           1  main.o(.data)
    Rf                                       0x20000018   Data           8  main.o(.data)
    Me                                       0x20000020   Data           4  main.o(.data)
    Pair_time                                0x20000024   Data           1  main.o(.data)
    Over_Pair_time                           0x20000025   Data           1  main.o(.data)
    Tcount                                   0x20000026   Data           2  main.o(.data)
    SystemCoreClock                          0x2000003c   Data           4  system_stm32f0xx.o(.data)
    AHBPrescTable                            0x20000040   Data          16  system_stm32f0xx.o(.data)
    GPIO_PINS                                0x20000050   Data          16  lcd1602.o(.data)
    __stdout                                 0x20000060   Data           4  stdout.o(.data)
    __initial_sp                             0x20000868   Data           0  startup_stm32f030.o(STACK)



==============================================================================

Memory Map of the image

  Image Entry point : 0x080000b5

  Load Region LR_IROM1 (Base: 0x08000000, Size: 0x0000377c, Max: 0x00010000, ABSOLUTE)

    Execution Region ER_IROM1 (Base: 0x08000000, Size: 0x00003718, Max: 0x00010000, ABSOLUTE)

    Base Addr    Size         Type   Attr      Idx    E Section Name        Object

    0x08000000   0x000000b4   Data   RO          647    RESET               startup_stm32f030.o
    0x080000b4   0x00000000   Code   RO          769  * .ARM.Collect$$$$00000000  mc_p.l(entry.o)
    0x080000b4   0x00000004   Code   RO         1039    .ARM.Collect$$$$00000001  mc_p.l(entry2.o)
    0x080000b8   0x00000004   Code   RO         1042    .ARM.Collect$$$$00000004  mc_p.l(entry5.o)
    0x080000bc   0x00000000   Code   RO         1044    .ARM.Collect$$$$00000008  mc_p.l(entry7b.o)
    0x080000bc   0x00000000   Code   RO         1046    .ARM.Collect$$$$0000000A  mc_p.l(entry8b.o)
    0x080000bc   0x00000008   Code   RO         1047    .ARM.Collect$$$$0000000B  mc_p.l(entry9a.o)
    0x080000c4   0x00000000   Code   RO         1049    .ARM.Collect$$$$0000000D  mc_p.l(entry10a.o)
    0x080000c4   0x00000000   Code   RO         1051    .ARM.Collect$$$$0000000F  mc_p.l(entry11a.o)
    0x080000c4   0x00000004   Code   RO         1040    .ARM.Collect$$$$00002712  mc_p.l(entry2.o)
    0x080000c8   0x00000988   Code   RO            3    .text               main.o
    0x08000a50   0x0000000c   Code   RO          112    .text               stm32f0xx_it.o
    0x08000a5c   0x00000074   Code   RO          135    .text               system.o
    0x08000ad0   0x0000020c   Code   RO          396    .text               stm32f0xx_gpio.o
    0x08000cdc   0x000000b4   Code   RO          459    .text               stm32f0xx_misc.o
    0x08000d90   0x000006d0   Code   RO          499    .text               stm32f0xx_rcc.o
    0x08001460   0x00000c00   Code   RO          584    .text               stm32f0xx_tim.o
    0x08002060   0x00000596   Code   RO          604    .text               stm32f0xx_usart.o
    0x080025f6   0x00000002   PAD
    0x080025f8   0x0000001c   Code   RO          648    .text               startup_stm32f030.o
    0x08002614   0x000001a0   Code   RO          654    .text               system_stm32f0xx.o
    0x080027b4   0x000002fc   Code   RO          695    .text               lcd1602.o
    0x08002ab0   0x000001dc   Code   RO          724    .text               key.o
    0x08002c8c   0x0000045c   Code   RO          747    .text               cc2500b.o
    0x080030e8   0x0000002c   Code   RO          772    .text               mc_p.l(uidiv.o)
    0x08003114   0x00000024   Code   RO          774    .text               mc_p.l(memcpya.o)
    0x08003138   0x00000060   Code   RO         1054    .text               mc_p.l(uldiv.o)
    0x08003198   0x00000024   Code   RO         1067    .text               mc_p.l(init.o)
    0x080031bc   0x00000020   Code   RO         1069    .text               mc_p.l(llshl.o)
    0x080031dc   0x00000022   Code   RO         1071    .text               mc_p.l(llushr.o)
    0x080031fe   0x00000002   PAD
    0x08003200   0x00000020   Code   RO          985    i.__0printf$8       mc_p.l(printf8.o)
    0x08003220   0x0000000e   Code   RO         1081    i.__scatterload_copy  mc_p.l(handlers.o)
    0x0800322e   0x00000002   Code   RO         1082    i.__scatterload_null  mc_p.l(handlers.o)
    0x08003230   0x0000000e   Code   RO         1083    i.__scatterload_zeroinit  mc_p.l(handlers.o)
    0x0800323e   0x00000002   PAD
    0x08003240   0x00000428   Code   RO          992    i._printf_core      mc_p.l(printf8.o)
    0x08003668   0x00000020   Code   RO          993    i._printf_post_padding  mc_p.l(printf8.o)
    0x08003688   0x0000002c   Code   RO          994    i._printf_pre_padding  mc_p.l(printf8.o)
    0x080036b4   0x00000044   Data   RO          748    .constdata          cc2500b.o
    0x080036f8   0x00000020   Data   RO         1079    Region$$Table       anon$$obj.o


    Execution Region RW_IRAM1 (Base: 0x20000000, Size: 0x00000868, Max: 0x00002000, ABSOLUTE)

    Base Addr    Size         Type   Attr      Idx    E Section Name        Object

    0x20000000   0x00000029   Data   RW            4    .data               main.o
    0x20000029   0x00000010   Data   RW          500    .data               stm32f0xx_rcc.o
    0x20000039   0x00000003   PAD
    0x2000003c   0x00000014   Data   RW          655    .data               system_stm32f0xx.o
    0x20000050   0x00000010   Data   RW          696    .data               lcd1602.o
    0x20000060   0x00000004   Data   RW         1053    .data               mc_p.l(stdout.o)
    0x20000064   0x00000004   PAD
    0x20000068   0x00000800   Zero   RW          645    STACK               startup_stm32f030.o


==============================================================================

Image component sizes


      Code (inc. data)   RO Data    RW Data    ZI Data      Debug   Object Name

      1116         18         68          0          0       5101   cc2500b.o
       476          8          0          0          0        890   key.o
       764          8          0         16          0       3296   lcd1602.o
      2440        340          0         41          0     202470   main.o
        28          8        180          0       2048        624   startup_stm32f030.o
       524         26          0          0          0       3641   stm32f0xx_gpio.o
        12          0          0          0          0        799   stm32f0xx_it.o
       180         14          0          0          0       1312   stm32f0xx_misc.o
      1744         46          0         16          0       8896   stm32f0xx_rcc.o
      3072        136          0          0          0      22245   stm32f0xx_tim.o
      1430         26          0          0          0      11798   stm32f0xx_usart.o
       116          8          0          0          0        886   system.o
       416         34          0         20          0       1535   system_stm32f0xx.o

    ----------------------------------------------------------------------
     12320        672        280         96       2048     263493   Object Totals
         0          0         32          0          0          0   (incl. Generated)
         2          0          0          3          0          0   (incl. Padding)

    ----------------------------------------------------------------------

      Code (inc. data)   RO Data    RW Data    ZI Data      Debug   Library Member Name

         0          0          0          0          0          0   entry.o
         0          0          0          0          0          0   entry10a.o
         0          0          0          0          0          0   entry11a.o
         8          4          0          0          0          0   entry2.o
         4          0          0          0          0          0   entry5.o
         0          0          0          0          0          0   entry7b.o
         0          0          0          0          0          0   entry8b.o
         8          4          0          0          0          0   entry9a.o
        30          0          0          0          0          0   handlers.o
        36          8          0          0          0         68   init.o
        32          0          0          0          0         68   llshl.o
        34          0          0          0          0         68   llushr.o
        36          0          0          0          0         60   memcpya.o
      1172         52          0          0          0        324   printf8.o
         0          0          0          4          0          0   stdout.o
        44          0          0          0          0         72   uidiv.o
        96          0          0          0          0         84   uldiv.o

    ----------------------------------------------------------------------
      1504         68          0          4          4        744   Library Totals
         4          0          0          0          4          0   (incl. Padding)

    ----------------------------------------------------------------------

      Code (inc. data)   RO Data    RW Data    ZI Data      Debug   Library Name

      1500         68          0          4          0        744   mc_p.l

    ----------------------------------------------------------------------
      1504         68          0          4          4        744   Library Totals

    ----------------------------------------------------------------------

==============================================================================


      Code (inc. data)   RO Data    RW Data    ZI Data      Debug   

     13824        740        280        100       2052     263157   Grand Totals
     13824        740        280        100       2052     263157   ELF Image Totals
     13824        740        280        100          0          0   ROM Totals

==============================================================================

    Total RO  Size (Code + RO Data)                14104 (  13.77kB)
    Total RW  Size (RW Data + ZI Data)              2152 (   2.10kB)
    Total ROM Size (Code + RO Data + RW Data)      14204 (  13.87kB)

==============================================================================

