Component: ARM Compiler 5.06 update 4 (build 422) Tool: armlink [4d35d2]

==============================================================================

Section Cross References

    main.o(.text) refers to stm32f0xx_rcc.o(.text) for RCC_AHBPeriphClockCmd
    main.o(.text) refers to stm32f0xx_gpio.o(.text) for GPIO_Init
    main.o(.text) refers to stm32f0xx_tim.o(.text) for TIM_DeInit
    main.o(.text) refers to stm32f0xx_misc.o(.text) for NVIC_Init
    main.o(.text) refers to stm32f0xx_usart.o(.text) for USART_Init
    main.o(.text) refers to uidiv.o(.text) for __aeabi_uidivmod
    main.o(.text) refers to cc2500b.o(.text) for Rf_SendMode
    main.o(.text) refers to main.o(.data) for CC2500
    main.o(.text) refers to main.o(.bss) for Me
    main.o(.text) refers to stm32f0xx_flash.o(.text) for FLASH_Unlock
    main.o(.text) refers to system.o(.text) for Delay_ms
    main.o(.text) refers to key.o(.text) for lcd1602key_Scan
    main.o(.text) refers to lcd1602.o(.text) for LCD_write_string
    main.o(.text) refers to main.o(i.__ARM_common_switch8) for __ARM_common_switch8
    main.o(.text) refers to strcpy.o(.text) for strcpy
    main.o(.text) refers to printf5.o(i.__0printf$5) for __2printf
    main.o(.text) refers to strcmp.o(.text) for strcmp
    main.o(.text) refers to main.o(.constdata) for Password_Save
    main.o(.text) refers to system_stm32f0xx.o(.text) for SystemInit
    system.o(.text) refers to stm32f0xx_usart.o(.text) for USART_SendData
    stm32f0xx_adc.o(.text) refers to stm32f0xx_rcc.o(.text) for RCC_APB2PeriphResetCmd
    stm32f0xx_can.o(.text) refers to stm32f0xx_rcc.o(.text) for RCC_APB1PeriphResetCmd
    stm32f0xx_cec.o(.text) refers to stm32f0xx_rcc.o(.text) for RCC_APB1PeriphResetCmd
    stm32f0xx_crs.o(.text) refers to stm32f0xx_rcc.o(.text) for RCC_APB1PeriphResetCmd
    stm32f0xx_dac.o(.text) refers to stm32f0xx_rcc.o(.text) for RCC_APB1PeriphResetCmd
    stm32f0xx_gpio.o(.text) refers to stm32f0xx_rcc.o(.text) for RCC_AHBPeriphResetCmd
    stm32f0xx_i2c.o(.text) refers to stm32f0xx_rcc.o(.text) for RCC_APB1PeriphResetCmd
    stm32f0xx_pwr.o(.text) refers to stm32f0xx_rcc.o(.text) for RCC_APB1PeriphResetCmd
    stm32f0xx_rcc.o(.text) refers to uidiv.o(.text) for __aeabi_uidivmod
    stm32f0xx_rcc.o(.text) refers to stm32f0xx_rcc.o(.data) for APBAHBPrescTable
    stm32f0xx_spi.o(.text) refers to stm32f0xx_rcc.o(.text) for RCC_APB2PeriphResetCmd
    stm32f0xx_spi.o(.text) refers to uidiv.o(.text) for __aeabi_uidivmod
    stm32f0xx_tim.o(.text) refers to stm32f0xx_rcc.o(.text) for RCC_APB2PeriphResetCmd
    stm32f0xx_usart.o(.text) refers to stm32f0xx_rcc.o(.text) for RCC_APB2PeriphResetCmd
    stm32f0xx_usart.o(.text) refers to uidiv.o(.text) for __aeabi_uidivmod
    stm32f0xx_wwdg.o(.text) refers to stm32f0xx_rcc.o(.text) for RCC_APB1PeriphResetCmd
    lcd1602.o(.text) refers to stm32f0xx_gpio.o(.text) for GPIO_SetBits
    lcd1602.o(.text) refers to system.o(.text) for Delay_us
    lcd1602.o(.text) refers to stm32f0xx_rcc.o(.text) for RCC_AHBPeriphClockCmd
    lcd1602.o(.text) refers to lcd1602.o(.data) for GPIO_PINS
    key.o(.text) refers to stm32f0xx_rcc.o(.text) for RCC_AHBPeriphClockCmd
    key.o(.text) refers to stm32f0xx_gpio.o(.text) for GPIO_Init
    key.o(.text) refers to system.o(.text) for Delay_ms
    key.o(.text) refers to key.o(.data) for keyflag1
    cc2500b.o(.text) refers to stm32f0xx_rcc.o(.text) for RCC_AHBPeriphClockCmd
    cc2500b.o(.text) refers to stm32f0xx_gpio.o(.text) for GPIO_Init
    cc2500b.o(.text) refers to memcpya.o(.text) for __aeabi_memcpy4
    cc2500b.o(.text) refers to system.o(.text) for Delay_us
    cc2500b.o(.text) refers to cc2500b.o(.constdata) for .constdata
    startup_stm32f030x8.o(RESET) refers to startup_stm32f030x8.o(STACK) for __initial_sp
    startup_stm32f030x8.o(RESET) refers to startup_stm32f030x8.o(.text) for Reset_Handler
    startup_stm32f030x8.o(RESET) refers to stm32f0xx_it.o(.text) for NMI_Handler
    startup_stm32f030x8.o(RESET) refers to main.o(.text) for TIM3_IRQHandler
    startup_stm32f030x8.o(.text) refers to system_stm32f0xx.o(.text) for SystemInit
    startup_stm32f030x8.o(.text) refers to entry.o(.ARM.Collect$$$$00000000) for __main
    system_stm32f0xx.o(.text) refers to uidiv.o(.text) for __aeabi_uidivmod
    system_stm32f0xx.o(.text) refers to system_stm32f0xx.o(.data) for SystemCoreClock
    system_stm32f0xx.o(.text) refers to system_stm32f0xx.o(.constdata) for AHBPrescTable
    entry.o(.ARM.Collect$$$$00000000) refers (Special) to entry10a.o(.ARM.Collect$$$$0000000D) for __rt_final_cpp
    entry.o(.ARM.Collect$$$$00000000) refers (Special) to entry11a.o(.ARM.Collect$$$$0000000F) for __rt_final_exit
    entry.o(.ARM.Collect$$$$00000000) refers (Special) to entry7b.o(.ARM.Collect$$$$00000008) for _main_clock
    entry.o(.ARM.Collect$$$$00000000) refers (Special) to entry8b.o(.ARM.Collect$$$$0000000A) for _main_cpp_init
    entry.o(.ARM.Collect$$$$00000000) refers (Special) to entry9a.o(.ARM.Collect$$$$0000000B) for _main_init
    entry.o(.ARM.Collect$$$$00000000) refers (Special) to entry5.o(.ARM.Collect$$$$00000004) for _main_scatterload
    entry.o(.ARM.Collect$$$$00000000) refers (Special) to entry2.o(.ARM.Collect$$$$00000001) for _main_stk
    printfb.o(i.__0fprintf$bare) refers to printfb.o(i._printf_core) for _printf_core
    printfb.o(i.__0fprintf$bare) refers to system.o(.text) for fputc
    printfb.o(i.__0printf$bare) refers to printfb.o(i._printf_core) for _printf_core
    printfb.o(i.__0printf$bare) refers to system.o(.text) for fputc
    printfb.o(i.__0printf$bare) refers to stdout.o(.data) for __stdout
    printfb.o(i.__0snprintf$bare) refers to printfb.o(i._printf_core) for _printf_core
    printfb.o(i.__0snprintf$bare) refers to printfb.o(i._snputc) for _snputc
    printfb.o(i.__0sprintf$bare) refers to printfb.o(i._printf_core) for _printf_core
    printfb.o(i.__0sprintf$bare) refers to printfb.o(i._sputc) for _sputc
    printfb.o(i.__0vfprintf$bare) refers to printfb.o(i._printf_core) for _printf_core
    printfb.o(i.__0vfprintf$bare) refers to system.o(.text) for fputc
    printfb.o(i.__0vprintf$bare) refers to printfb.o(i._printf_core) for _printf_core
    printfb.o(i.__0vprintf$bare) refers to system.o(.text) for fputc
    printfb.o(i.__0vprintf$bare) refers to stdout.o(.data) for __stdout
    printfb.o(i.__0vsnprintf$bare) refers to printfb.o(i._printf_core) for _printf_core
    printfb.o(i.__0vsnprintf$bare) refers to printfb.o(i._snputc) for _snputc
    printfb.o(i.__0vsprintf$bare) refers to printfb.o(i._printf_core) for _printf_core
    printfb.o(i.__0vsprintf$bare) refers to printfb.o(i._sputc) for _sputc
    printf0.o(i.__0fprintf$0) refers to printf0.o(i._printf_core) for _printf_core
    printf0.o(i.__0fprintf$0) refers to system.o(.text) for fputc
    printf0.o(i.__0printf$0) refers to printf0.o(i._printf_core) for _printf_core
    printf0.o(i.__0printf$0) refers to system.o(.text) for fputc
    printf0.o(i.__0printf$0) refers to stdout.o(.data) for __stdout
    printf0.o(i.__0snprintf$0) refers to printf0.o(i._printf_core) for _printf_core
    printf0.o(i.__0snprintf$0) refers to printf0.o(i._snputc) for _snputc
    printf0.o(i.__0sprintf$0) refers to printf0.o(i._printf_core) for _printf_core
    printf0.o(i.__0sprintf$0) refers to printf0.o(i._sputc) for _sputc
    printf0.o(i.__0vfprintf$0) refers to printf0.o(i._printf_core) for _printf_core
    printf0.o(i.__0vfprintf$0) refers to system.o(.text) for fputc
    printf0.o(i.__0vprintf$0) refers to printf0.o(i._printf_core) for _printf_core
    printf0.o(i.__0vprintf$0) refers to system.o(.text) for fputc
    printf0.o(i.__0vprintf$0) refers to stdout.o(.data) for __stdout
    printf0.o(i.__0vsnprintf$0) refers to printf0.o(i._printf_core) for _printf_core
    printf0.o(i.__0vsnprintf$0) refers to printf0.o(i._snputc) for _snputc
    printf0.o(i.__0vsprintf$0) refers to printf0.o(i._printf_core) for _printf_core
    printf0.o(i.__0vsprintf$0) refers to printf0.o(i._sputc) for _sputc
    printf1.o(i.__0fprintf$1) refers to printf1.o(i._printf_core) for _printf_core
    printf1.o(i.__0fprintf$1) refers to system.o(.text) for fputc
    printf1.o(i.__0printf$1) refers to printf1.o(i._printf_core) for _printf_core
    printf1.o(i.__0printf$1) refers to system.o(.text) for fputc
    printf1.o(i.__0printf$1) refers to stdout.o(.data) for __stdout
    printf1.o(i.__0snprintf$1) refers to printf1.o(i._printf_core) for _printf_core
    printf1.o(i.__0snprintf$1) refers to printf1.o(i._snputc) for _snputc
    printf1.o(i.__0sprintf$1) refers to printf1.o(i._printf_core) for _printf_core
    printf1.o(i.__0sprintf$1) refers to printf1.o(i._sputc) for _sputc
    printf1.o(i.__0vfprintf$1) refers to printf1.o(i._printf_core) for _printf_core
    printf1.o(i.__0vfprintf$1) refers to system.o(.text) for fputc
    printf1.o(i.__0vprintf$1) refers to printf1.o(i._printf_core) for _printf_core
    printf1.o(i.__0vprintf$1) refers to system.o(.text) for fputc
    printf1.o(i.__0vprintf$1) refers to stdout.o(.data) for __stdout
    printf1.o(i.__0vsnprintf$1) refers to printf1.o(i._printf_core) for _printf_core
    printf1.o(i.__0vsnprintf$1) refers to printf1.o(i._snputc) for _snputc
    printf1.o(i.__0vsprintf$1) refers to printf1.o(i._printf_core) for _printf_core
    printf1.o(i.__0vsprintf$1) refers to printf1.o(i._sputc) for _sputc
    printf1.o(i._printf_core) refers to uidiv.o(.text) for __aeabi_uidivmod
    printf2.o(i.__0fprintf$2) refers to printf2.o(i._printf_core) for _printf_core
    printf2.o(i.__0fprintf$2) refers to system.o(.text) for fputc
    printf2.o(i.__0printf$2) refers to printf2.o(i._printf_core) for _printf_core
    printf2.o(i.__0printf$2) refers to system.o(.text) for fputc
    printf2.o(i.__0printf$2) refers to stdout.o(.data) for __stdout
    printf2.o(i.__0snprintf$2) refers to printf2.o(i._printf_core) for _printf_core
    printf2.o(i.__0snprintf$2) refers to printf2.o(i._snputc) for _snputc
    printf2.o(i.__0sprintf$2) refers to printf2.o(i._printf_core) for _printf_core
    printf2.o(i.__0sprintf$2) refers to printf2.o(i._sputc) for _sputc
    printf2.o(i.__0vfprintf$2) refers to printf2.o(i._printf_core) for _printf_core
    printf2.o(i.__0vfprintf$2) refers to system.o(.text) for fputc
    printf2.o(i.__0vprintf$2) refers to printf2.o(i._printf_core) for _printf_core
    printf2.o(i.__0vprintf$2) refers to system.o(.text) for fputc
    printf2.o(i.__0vprintf$2) refers to stdout.o(.data) for __stdout
    printf2.o(i.__0vsnprintf$2) refers to printf2.o(i._printf_core) for _printf_core
    printf2.o(i.__0vsnprintf$2) refers to printf2.o(i._snputc) for _snputc
    printf2.o(i.__0vsprintf$2) refers to printf2.o(i._printf_core) for _printf_core
    printf2.o(i.__0vsprintf$2) refers to printf2.o(i._sputc) for _sputc
    printf3.o(i.__0fprintf$3) refers to printf3.o(i._printf_core) for _printf_core
    printf3.o(i.__0fprintf$3) refers to system.o(.text) for fputc
    printf3.o(i.__0printf$3) refers to printf3.o(i._printf_core) for _printf_core
    printf3.o(i.__0printf$3) refers to system.o(.text) for fputc
    printf3.o(i.__0printf$3) refers to stdout.o(.data) for __stdout
    printf3.o(i.__0snprintf$3) refers to printf3.o(i._printf_core) for _printf_core
    printf3.o(i.__0snprintf$3) refers to printf3.o(i._snputc) for _snputc
    printf3.o(i.__0sprintf$3) refers to printf3.o(i._printf_core) for _printf_core
    printf3.o(i.__0sprintf$3) refers to printf3.o(i._sputc) for _sputc
    printf3.o(i.__0vfprintf$3) refers to printf3.o(i._printf_core) for _printf_core
    printf3.o(i.__0vfprintf$3) refers to system.o(.text) for fputc
    printf3.o(i.__0vprintf$3) refers to printf3.o(i._printf_core) for _printf_core
    printf3.o(i.__0vprintf$3) refers to system.o(.text) for fputc
    printf3.o(i.__0vprintf$3) refers to stdout.o(.data) for __stdout
    printf3.o(i.__0vsnprintf$3) refers to printf3.o(i._printf_core) for _printf_core
    printf3.o(i.__0vsnprintf$3) refers to printf3.o(i._snputc) for _snputc
    printf3.o(i.__0vsprintf$3) refers to printf3.o(i._printf_core) for _printf_core
    printf3.o(i.__0vsprintf$3) refers to printf3.o(i._sputc) for _sputc
    printf3.o(i._printf_core) refers to uidiv.o(.text) for __aeabi_uidivmod
    printf4.o(i.__0fprintf$4) refers to printf4.o(i._printf_core) for _printf_core
    printf4.o(i.__0fprintf$4) refers to system.o(.text) for fputc
    printf4.o(i.__0printf$4) refers to printf4.o(i._printf_core) for _printf_core
    printf4.o(i.__0printf$4) refers to system.o(.text) for fputc
    printf4.o(i.__0printf$4) refers to stdout.o(.data) for __stdout
    printf4.o(i.__0snprintf$4) refers to printf4.o(i._printf_core) for _printf_core
    printf4.o(i.__0snprintf$4) refers to printf4.o(i._snputc) for _snputc
    printf4.o(i.__0sprintf$4) refers to printf4.o(i._printf_core) for _printf_core
    printf4.o(i.__0sprintf$4) refers to printf4.o(i._sputc) for _sputc
    printf4.o(i.__0vfprintf$4) refers to printf4.o(i._printf_core) for _printf_core
    printf4.o(i.__0vfprintf$4) refers to system.o(.text) for fputc
    printf4.o(i.__0vprintf$4) refers to printf4.o(i._printf_core) for _printf_core
    printf4.o(i.__0vprintf$4) refers to system.o(.text) for fputc
    printf4.o(i.__0vprintf$4) refers to stdout.o(.data) for __stdout
    printf4.o(i.__0vsnprintf$4) refers to printf4.o(i._printf_core) for _printf_core
    printf4.o(i.__0vsnprintf$4) refers to printf4.o(i._snputc) for _snputc
    printf4.o(i.__0vsprintf$4) refers to printf4.o(i._printf_core) for _printf_core
    printf4.o(i.__0vsprintf$4) refers to printf4.o(i._sputc) for _sputc
    printf4.o(i._printf_core) refers to uldiv.o(.text) for __aeabi_uldivmod
    printf5.o(i.__0fprintf$5) refers to printf5.o(i._printf_core) for _printf_core
    printf5.o(i.__0fprintf$5) refers to system.o(.text) for fputc
    printf5.o(i.__0printf$5) refers to printf5.o(i._printf_core) for _printf_core
    printf5.o(i.__0printf$5) refers to system.o(.text) for fputc
    printf5.o(i.__0printf$5) refers to stdout.o(.data) for __stdout
    printf5.o(i.__0snprintf$5) refers to printf5.o(i._printf_core) for _printf_core
    printf5.o(i.__0snprintf$5) refers to printf5.o(i._snputc) for _snputc
    printf5.o(i.__0sprintf$5) refers to printf5.o(i._printf_core) for _printf_core
    printf5.o(i.__0sprintf$5) refers to printf5.o(i._sputc) for _sputc
    printf5.o(i.__0vfprintf$5) refers to printf5.o(i._printf_core) for _printf_core
    printf5.o(i.__0vfprintf$5) refers to system.o(.text) for fputc
    printf5.o(i.__0vprintf$5) refers to printf5.o(i._printf_core) for _printf_core
    printf5.o(i.__0vprintf$5) refers to system.o(.text) for fputc
    printf5.o(i.__0vprintf$5) refers to stdout.o(.data) for __stdout
    printf5.o(i.__0vsnprintf$5) refers to printf5.o(i._printf_core) for _printf_core
    printf5.o(i.__0vsnprintf$5) refers to printf5.o(i._snputc) for _snputc
    printf5.o(i.__0vsprintf$5) refers to printf5.o(i._printf_core) for _printf_core
    printf5.o(i.__0vsprintf$5) refers to printf5.o(i._sputc) for _sputc
    printf5.o(i._printf_core) refers to uldiv.o(.text) for __aeabi_uldivmod
    printf6.o(i.__0fprintf$6) refers to printf6.o(i._printf_core) for _printf_core
    printf6.o(i.__0fprintf$6) refers to system.o(.text) for fputc
    printf6.o(i.__0printf$6) refers to printf6.o(i._printf_core) for _printf_core
    printf6.o(i.__0printf$6) refers to system.o(.text) for fputc
    printf6.o(i.__0printf$6) refers to stdout.o(.data) for __stdout
    printf6.o(i.__0snprintf$6) refers to printf6.o(i._printf_core) for _printf_core
    printf6.o(i.__0snprintf$6) refers to printf6.o(i._snputc) for _snputc
    printf6.o(i.__0sprintf$6) refers to printf6.o(i._printf_core) for _printf_core
    printf6.o(i.__0sprintf$6) refers to printf6.o(i._sputc) for _sputc
    printf6.o(i.__0vfprintf$6) refers to printf6.o(i._printf_core) for _printf_core
    printf6.o(i.__0vfprintf$6) refers to system.o(.text) for fputc
    printf6.o(i.__0vprintf$6) refers to printf6.o(i._printf_core) for _printf_core
    printf6.o(i.__0vprintf$6) refers to system.o(.text) for fputc
    printf6.o(i.__0vprintf$6) refers to stdout.o(.data) for __stdout
    printf6.o(i.__0vsnprintf$6) refers to printf6.o(i._printf_core) for _printf_core
    printf6.o(i.__0vsnprintf$6) refers to printf6.o(i._snputc) for _snputc
    printf6.o(i.__0vsprintf$6) refers to printf6.o(i._printf_core) for _printf_core
    printf6.o(i.__0vsprintf$6) refers to printf6.o(i._sputc) for _sputc
    printf6.o(i._printf_core) refers to printf6.o(i._printf_pre_padding) for _printf_pre_padding
    printf6.o(i._printf_core) refers to printf6.o(i._printf_post_padding) for _printf_post_padding
    printf6.o(i._printf_core) refers to uidiv.o(.text) for __aeabi_uidivmod
    printf7.o(i.__0fprintf$7) refers to printf7.o(i._printf_core) for _printf_core
    printf7.o(i.__0fprintf$7) refers to system.o(.text) for fputc
    printf7.o(i.__0printf$7) refers to printf7.o(i._printf_core) for _printf_core
    printf7.o(i.__0printf$7) refers to system.o(.text) for fputc
    printf7.o(i.__0printf$7) refers to stdout.o(.data) for __stdout
    printf7.o(i.__0snprintf$7) refers to printf7.o(i._printf_core) for _printf_core
    printf7.o(i.__0snprintf$7) refers to printf7.o(i._snputc) for _snputc
    printf7.o(i.__0sprintf$7) refers to printf7.o(i._printf_core) for _printf_core
    printf7.o(i.__0sprintf$7) refers to printf7.o(i._sputc) for _sputc
    printf7.o(i.__0vfprintf$7) refers to printf7.o(i._printf_core) for _printf_core
    printf7.o(i.__0vfprintf$7) refers to system.o(.text) for fputc
    printf7.o(i.__0vprintf$7) refers to printf7.o(i._printf_core) for _printf_core
    printf7.o(i.__0vprintf$7) refers to system.o(.text) for fputc
    printf7.o(i.__0vprintf$7) refers to stdout.o(.data) for __stdout
    printf7.o(i.__0vsnprintf$7) refers to printf7.o(i._printf_core) for _printf_core
    printf7.o(i.__0vsnprintf$7) refers to printf7.o(i._snputc) for _snputc
    printf7.o(i.__0vsprintf$7) refers to printf7.o(i._printf_core) for _printf_core
    printf7.o(i.__0vsprintf$7) refers to printf7.o(i._sputc) for _sputc
    printf7.o(i._printf_core) refers to printf7.o(i._printf_pre_padding) for _printf_pre_padding
    printf7.o(i._printf_core) refers to printf7.o(i._printf_post_padding) for _printf_post_padding
    printf7.o(i._printf_core) refers to uldiv.o(.text) for __aeabi_uldivmod
    printf8.o(i.__0fprintf$8) refers to printf8.o(i._printf_core) for _printf_core
    printf8.o(i.__0fprintf$8) refers to system.o(.text) for fputc
    printf8.o(i.__0printf$8) refers to printf8.o(i._printf_core) for _printf_core
    printf8.o(i.__0printf$8) refers to system.o(.text) for fputc
    printf8.o(i.__0printf$8) refers to stdout.o(.data) for __stdout
    printf8.o(i.__0snprintf$8) refers to printf8.o(i._printf_core) for _printf_core
    printf8.o(i.__0snprintf$8) refers to printf8.o(i._snputc) for _snputc
    printf8.o(i.__0sprintf$8) refers to printf8.o(i._printf_core) for _printf_core
    printf8.o(i.__0sprintf$8) refers to printf8.o(i._sputc) for _sputc
    printf8.o(i.__0vfprintf$8) refers to printf8.o(i._printf_core) for _printf_core
    printf8.o(i.__0vfprintf$8) refers to system.o(.text) for fputc
    printf8.o(i.__0vprintf$8) refers to printf8.o(i._printf_core) for _printf_core
    printf8.o(i.__0vprintf$8) refers to system.o(.text) for fputc
    printf8.o(i.__0vprintf$8) refers to stdout.o(.data) for __stdout
    printf8.o(i.__0vsnprintf$8) refers to printf8.o(i._printf_core) for _printf_core
    printf8.o(i.__0vsnprintf$8) refers to printf8.o(i._snputc) for _snputc
    printf8.o(i.__0vsprintf$8) refers to printf8.o(i._printf_core) for _printf_core
    printf8.o(i.__0vsprintf$8) refers to printf8.o(i._sputc) for _sputc
    printf8.o(i._printf_core) refers to printf8.o(i._printf_pre_padding) for _printf_pre_padding
    printf8.o(i._printf_core) refers to printf8.o(i._printf_post_padding) for _printf_post_padding
    printf8.o(i._printf_core) refers to uldiv.o(.text) for __aeabi_uldivmod
    printfa.o(i.__0fprintf) refers (Special) to iusefp.o(.text) for __I$use$fp
    printfa.o(i.__0fprintf) refers to printfa.o(i._printf_core) for _printf_core
    printfa.o(i.__0fprintf) refers to system.o(.text) for fputc
    printfa.o(i.__0printf) refers (Special) to iusefp.o(.text) for __I$use$fp
    printfa.o(i.__0printf) refers to printfa.o(i._printf_core) for _printf_core
    printfa.o(i.__0printf) refers to system.o(.text) for fputc
    printfa.o(i.__0printf) refers to stdout.o(.data) for __stdout
    printfa.o(i.__0snprintf) refers (Special) to iusefp.o(.text) for __I$use$fp
    printfa.o(i.__0snprintf) refers to printfa.o(i._printf_core) for _printf_core
    printfa.o(i.__0snprintf) refers to printfa.o(i._snputc) for _snputc
    printfa.o(i.__0sprintf) refers (Special) to iusefp.o(.text) for __I$use$fp
    printfa.o(i.__0sprintf) refers to printfa.o(i._printf_core) for _printf_core
    printfa.o(i.__0sprintf) refers to printfa.o(i._sputc) for _sputc
    printfa.o(i.__0vfprintf) refers (Special) to iusefp.o(.text) for __I$use$fp
    printfa.o(i.__0vfprintf) refers to printfa.o(i._printf_core) for _printf_core
    printfa.o(i.__0vfprintf) refers to system.o(.text) for fputc
    printfa.o(i.__0vprintf) refers (Special) to iusefp.o(.text) for __I$use$fp
    printfa.o(i.__0vprintf) refers to printfa.o(i._printf_core) for _printf_core
    printfa.o(i.__0vprintf) refers to system.o(.text) for fputc
    printfa.o(i.__0vprintf) refers to stdout.o(.data) for __stdout
    printfa.o(i.__0vsnprintf) refers (Special) to iusefp.o(.text) for __I$use$fp
    printfa.o(i.__0vsnprintf) refers to printfa.o(i._printf_core) for _printf_core
    printfa.o(i.__0vsnprintf) refers to printfa.o(i._snputc) for _snputc
    printfa.o(i.__0vsprintf) refers (Special) to iusefp.o(.text) for __I$use$fp
    printfa.o(i.__0vsprintf) refers to printfa.o(i._printf_core) for _printf_core
    printfa.o(i.__0vsprintf) refers to printfa.o(i._sputc) for _sputc
    printfa.o(i._fp_digits) refers (Special) to iusefp.o(.text) for __I$use$fp
    printfa.o(i._fp_digits) refers to dmul.o(.text) for __aeabi_dmul
    printfa.o(i._fp_digits) refers to ddiv.o(.text) for __aeabi_ddiv
    printfa.o(i._fp_digits) refers to cdrcmple.o(.text) for __aeabi_cdrcmple
    printfa.o(i._fp_digits) refers to dadd.o(.text) for __aeabi_dadd
    printfa.o(i._fp_digits) refers to dfixul.o(.text) for __aeabi_d2ulz
    printfa.o(i._fp_digits) refers to uldiv.o(.text) for __aeabi_uldivmod
    printfa.o(i._printf_core) refers (Special) to iusefp.o(.text) for __I$use$fp
    printfa.o(i._printf_core) refers to printfa.o(i._printf_pre_padding) for _printf_pre_padding
    printfa.o(i._printf_core) refers to uldiv.o(.text) for __aeabi_uldivmod
    printfa.o(i._printf_core) refers to printfa.o(i._printf_post_padding) for _printf_post_padding
    printfa.o(i._printf_core) refers to printfa.o(i._fp_digits) for _fp_digits
    printfa.o(i._printf_core) refers to uidiv.o(.text) for __aeabi_uidivmod
    printfa.o(i._printf_post_padding) refers (Special) to iusefp.o(.text) for __I$use$fp
    printfa.o(i._printf_pre_padding) refers (Special) to iusefp.o(.text) for __I$use$fp
    printfa.o(i._snputc) refers (Special) to iusefp.o(.text) for __I$use$fp
    printfa.o(i._sputc) refers (Special) to iusefp.o(.text) for __I$use$fp
    entry2.o(.ARM.Collect$$$$00000001) refers to entry2.o(.ARM.Collect$$$$00002712) for __lit__00000000
    entry2.o(.ARM.Collect$$$$00002712) refers to startup_stm32f030x8.o(STACK) for __initial_sp
    entry2.o(__vectab_stack_and_reset_area) refers to startup_stm32f030x8.o(STACK) for __initial_sp
    entry2.o(__vectab_stack_and_reset_area) refers to entry.o(.ARM.Collect$$$$00000000) for __main
    entry5.o(.ARM.Collect$$$$00000004) refers to init.o(.text) for __scatterload
    entry9a.o(.ARM.Collect$$$$0000000B) refers to main.o(.text) for main
    entry9b.o(.ARM.Collect$$$$0000000C) refers to main.o(.text) for main
    uldiv.o(.text) refers to llushr.o(.text) for __aeabi_llsr
    uldiv.o(.text) refers to llshl.o(.text) for __aeabi_llsl
    dadd.o(.text) refers to llshl.o(.text) for __aeabi_llsl
    dadd.o(.text) refers to llsshr.o(.text) for __aeabi_lasr
    dadd.o(.text) refers to depilogue.o(.text) for _double_epilogue
    dmul.o(.text) refers to depilogue.o(.text) for _double_epilogue
    ddiv.o(.text) refers to depilogue.o(.text) for _double_round
    dfixul.o(.text) refers to llushr.o(.text) for __aeabi_llsr
    dfixul.o(.text) refers to llshl.o(.text) for __aeabi_llsl
    init.o(.text) refers to entry5.o(.ARM.Collect$$$$00000004) for __main_after_scatterload
    depilogue.o(.text) refers to depilogue.o(i.__ARM_clz) for __ARM_clz
    depilogue.o(.text) refers to llshl.o(.text) for __aeabi_llsl
    depilogue.o(.text) refers to llushr.o(.text) for __aeabi_llsr


==============================================================================

Removing Unused input sections from the image.

    Removing main.o(.rev16_text), (4 bytes).
    Removing main.o(.revsh_text), (4 bytes).
    Removing stm32f0xx_it.o(.rev16_text), (4 bytes).
    Removing stm32f0xx_it.o(.revsh_text), (4 bytes).
    Removing system.o(.rev16_text), (4 bytes).
    Removing system.o(.revsh_text), (4 bytes).
    Removing stm32f0xx_adc.o(.rev16_text), (4 bytes).
    Removing stm32f0xx_adc.o(.revsh_text), (4 bytes).
    Removing stm32f0xx_adc.o(.text), (748 bytes).
    Removing stm32f0xx_can.o(.rev16_text), (4 bytes).
    Removing stm32f0xx_can.o(.revsh_text), (4 bytes).
    Removing stm32f0xx_can.o(.text), (2696 bytes).
    Removing stm32f0xx_cec.o(.rev16_text), (4 bytes).
    Removing stm32f0xx_cec.o(.revsh_text), (4 bytes).
    Removing stm32f0xx_cec.o(.text), (336 bytes).
    Removing stm32f0xx_comp.o(.rev16_text), (4 bytes).
    Removing stm32f0xx_comp.o(.revsh_text), (4 bytes).
    Removing stm32f0xx_comp.o(.text), (232 bytes).
    Removing stm32f0xx_crc.o(.rev16_text), (4 bytes).
    Removing stm32f0xx_crc.o(.revsh_text), (4 bytes).
    Removing stm32f0xx_crc.o(.text), (228 bytes).
    Removing stm32f0xx_crs.o(.rev16_text), (4 bytes).
    Removing stm32f0xx_crs.o(.revsh_text), (4 bytes).
    Removing stm32f0xx_crs.o(.text), (416 bytes).
    Removing stm32f0xx_dac.o(.rev16_text), (4 bytes).
    Removing stm32f0xx_dac.o(.revsh_text), (4 bytes).
    Removing stm32f0xx_dac.o(.text), (528 bytes).
    Removing stm32f0xx_dbgmcu.o(.rev16_text), (4 bytes).
    Removing stm32f0xx_dbgmcu.o(.revsh_text), (4 bytes).
    Removing stm32f0xx_dbgmcu.o(.text), (108 bytes).
    Removing stm32f0xx_dma.o(.rev16_text), (4 bytes).
    Removing stm32f0xx_dma.o(.revsh_text), (4 bytes).
    Removing stm32f0xx_dma.o(.text), (424 bytes).
    Removing stm32f0xx_exti.o(.rev16_text), (4 bytes).
    Removing stm32f0xx_exti.o(.revsh_text), (4 bytes).
    Removing stm32f0xx_exti.o(.text), (248 bytes).
    Removing stm32f0xx_flash.o(.rev16_text), (4 bytes).
    Removing stm32f0xx_flash.o(.revsh_text), (4 bytes).
    Removing stm32f0xx_gpio.o(.rev16_text), (4 bytes).
    Removing stm32f0xx_gpio.o(.revsh_text), (4 bytes).
    Removing stm32f0xx_i2c.o(.rev16_text), (4 bytes).
    Removing stm32f0xx_i2c.o(.revsh_text), (4 bytes).
    Removing stm32f0xx_i2c.o(.text), (1174 bytes).
    Removing stm32f0xx_iwdg.o(.rev16_text), (4 bytes).
    Removing stm32f0xx_iwdg.o(.revsh_text), (4 bytes).
    Removing stm32f0xx_iwdg.o(.text), (76 bytes).
    Removing stm32f0xx_misc.o(.rev16_text), (4 bytes).
    Removing stm32f0xx_misc.o(.revsh_text), (4 bytes).
    Removing stm32f0xx_pwr.o(.rev16_text), (4 bytes).
    Removing stm32f0xx_pwr.o(.revsh_text), (4 bytes).
    Removing stm32f0xx_pwr.o(.text), (344 bytes).
    Removing stm32f0xx_rcc.o(.rev16_text), (4 bytes).
    Removing stm32f0xx_rcc.o(.revsh_text), (4 bytes).
    Removing stm32f0xx_rtc.o(.rev16_text), (4 bytes).
    Removing stm32f0xx_rtc.o(.revsh_text), (4 bytes).
    Removing stm32f0xx_rtc.o(.text), (3136 bytes).
    Removing stm32f0xx_spi.o(.rev16_text), (4 bytes).
    Removing stm32f0xx_spi.o(.revsh_text), (4 bytes).
    Removing stm32f0xx_spi.o(.text), (956 bytes).
    Removing stm32f0xx_syscfg.o(.rev16_text), (4 bytes).
    Removing stm32f0xx_syscfg.o(.revsh_text), (4 bytes).
    Removing stm32f0xx_syscfg.o(.text), (240 bytes).
    Removing stm32f0xx_tim.o(.rev16_text), (4 bytes).
    Removing stm32f0xx_tim.o(.revsh_text), (4 bytes).
    Removing stm32f0xx_usart.o(.rev16_text), (4 bytes).
    Removing stm32f0xx_usart.o(.revsh_text), (4 bytes).
    Removing stm32f0xx_wwdg.o(.rev16_text), (4 bytes).
    Removing stm32f0xx_wwdg.o(.revsh_text), (4 bytes).
    Removing stm32f0xx_wwdg.o(.text), (148 bytes).
    Removing lcd1602.o(.rev16_text), (4 bytes).
    Removing lcd1602.o(.revsh_text), (4 bytes).
    Removing key.o(.rev16_text), (4 bytes).
    Removing key.o(.revsh_text), (4 bytes).
    Removing cc2500b.o(.rev16_text), (4 bytes).
    Removing cc2500b.o(.revsh_text), (4 bytes).
    Removing startup_stm32f030x8.o(HEAP), (2048 bytes).
    Removing system_stm32f0xx.o(.rev16_text), (4 bytes).
    Removing system_stm32f0xx.o(.revsh_text), (4 bytes).
    Removing dadd.o(.text), (356 bytes).
    Removing dmul.o(.text), (208 bytes).
    Removing ddiv.o(.text), (240 bytes).
    Removing dfixul.o(.text), (64 bytes).
    Removing cdrcmple.o(.text), (40 bytes).
    Removing depilogue.o(.text), (190 bytes).
    Removing depilogue.o(i.__ARM_clz), (46 bytes).

85 unused section(s) (total 15470 bytes) removed from the image.

==============================================================================

Image Symbol Table

    Local Symbols

    Symbol Name                              Value     Ov Type        Size  Object(Section)

    ../clib/microlib/division.c              0x00000000   Number         0  uldiv.o ABSOLUTE
    ../clib/microlib/division.c              0x00000000   Number         0  uidiv.o ABSOLUTE
    ../clib/microlib/init/entry.s            0x00000000   Number         0  entry5.o ABSOLUTE
    ../clib/microlib/init/entry.s            0x00000000   Number         0  entry11a.o ABSOLUTE
    ../clib/microlib/init/entry.s            0x00000000   Number         0  entry11b.o ABSOLUTE
    ../clib/microlib/init/entry.s            0x00000000   Number         0  entry2.o ABSOLUTE
    ../clib/microlib/init/entry.s            0x00000000   Number         0  entry8b.o ABSOLUTE
    ../clib/microlib/init/entry.s            0x00000000   Number         0  entry.o ABSOLUTE
    ../clib/microlib/init/entry.s            0x00000000   Number         0  entry10b.o ABSOLUTE
    ../clib/microlib/init/entry.s            0x00000000   Number         0  entry10a.o ABSOLUTE
    ../clib/microlib/init/entry.s            0x00000000   Number         0  entry9b.o ABSOLUTE
    ../clib/microlib/init/entry.s            0x00000000   Number         0  entry9a.o ABSOLUTE
    ../clib/microlib/init/entry.s            0x00000000   Number         0  entry7a.o ABSOLUTE
    ../clib/microlib/init/entry.s            0x00000000   Number         0  entry7b.o ABSOLUTE
    ../clib/microlib/init/entry.s            0x00000000   Number         0  entry8a.o ABSOLUTE
    ../clib/microlib/longlong.c              0x00000000   Number         0  llushr.o ABSOLUTE
    ../clib/microlib/longlong.c              0x00000000   Number         0  llshl.o ABSOLUTE
    ../clib/microlib/longlong.c              0x00000000   Number         0  llsshr.o ABSOLUTE
    ../clib/microlib/printf/printf.c         0x00000000   Number         0  printf7.o ABSOLUTE
    ../clib/microlib/printf/printf.c         0x00000000   Number         0  printf0.o ABSOLUTE
    ../clib/microlib/printf/printf.c         0x00000000   Number         0  printfa.o ABSOLUTE
    ../clib/microlib/printf/printf.c         0x00000000   Number         0  printf8.o ABSOLUTE
    ../clib/microlib/printf/printf.c         0x00000000   Number         0  printf6.o ABSOLUTE
    ../clib/microlib/printf/printf.c         0x00000000   Number         0  printf4.o ABSOLUTE
    ../clib/microlib/printf/printf.c         0x00000000   Number         0  printf5.o ABSOLUTE
    ../clib/microlib/printf/printf.c         0x00000000   Number         0  printf3.o ABSOLUTE
    ../clib/microlib/printf/printf.c         0x00000000   Number         0  printfb.o ABSOLUTE
    ../clib/microlib/printf/printf.c         0x00000000   Number         0  printf2.o ABSOLUTE
    ../clib/microlib/printf/printf.c         0x00000000   Number         0  printf1.o ABSOLUTE
    ../clib/microlib/printf/stubs.s          0x00000000   Number         0  stubs.o ABSOLUTE
    ../clib/microlib/stdio/streams.c         0x00000000   Number         0  stdout.o ABSOLUTE
    ../clib/microlib/string/memcpy.c         0x00000000   Number         0  memcpya.o ABSOLUTE
    ../clib/microlib/string/memcpy.c         0x00000000   Number         0  memcpyb.o ABSOLUTE
    ../clib/microlib/string/strcmp.c         0x00000000   Number         0  strcmp.o ABSOLUTE
    ../clib/microlib/string/strcpy.c         0x00000000   Number         0  strcpy.o ABSOLUTE
    ../clib/microlib/stubs.s                 0x00000000   Number         0  iusefp.o ABSOLUTE
    ../fplib/microlib/fpadd.c                0x00000000   Number         0  dadd.o ABSOLUTE
    ../fplib/microlib/fpdiv.c                0x00000000   Number         0  ddiv.o ABSOLUTE
    ../fplib/microlib/fpepilogue.c           0x00000000   Number         0  depilogue.o ABSOLUTE
    ../fplib/microlib/fpfix.c                0x00000000   Number         0  dfixul.o ABSOLUTE
    ../fplib/microlib/fpmul.c                0x00000000   Number         0  dmul.o ABSOLUTE
    APP\CC2500B\cc2500b.c                    0x00000000   Number         0  cc2500b.o ABSOLUTE
    APP\KEY\key.c                            0x00000000   Number         0  key.o ABSOLUTE
    APP\LCD1602\lcd1602.c                    0x00000000   Number         0  lcd1602.o ABSOLUTE
    APP\\CC2500B\\cc2500b.c                  0x00000000   Number         0  cc2500b.o ABSOLUTE
    APP\\KEY\\key.c                          0x00000000   Number         0  key.o ABSOLUTE
    APP\\LCD1602\\lcd1602.c                  0x00000000   Number         0  lcd1602.o ABSOLUTE
    Libraries\\src\\stm32f0xx_adc.c          0x00000000   Number         0  stm32f0xx_adc.o ABSOLUTE
    Libraries\\src\\stm32f0xx_can.c          0x00000000   Number         0  stm32f0xx_can.o ABSOLUTE
    Libraries\\src\\stm32f0xx_cec.c          0x00000000   Number         0  stm32f0xx_cec.o ABSOLUTE
    Libraries\\src\\stm32f0xx_comp.c         0x00000000   Number         0  stm32f0xx_comp.o ABSOLUTE
    Libraries\\src\\stm32f0xx_crc.c          0x00000000   Number         0  stm32f0xx_crc.o ABSOLUTE
    Libraries\\src\\stm32f0xx_crs.c          0x00000000   Number         0  stm32f0xx_crs.o ABSOLUTE
    Libraries\\src\\stm32f0xx_dac.c          0x00000000   Number         0  stm32f0xx_dac.o ABSOLUTE
    Libraries\\src\\stm32f0xx_dbgmcu.c       0x00000000   Number         0  stm32f0xx_dbgmcu.o ABSOLUTE
    Libraries\\src\\stm32f0xx_dma.c          0x00000000   Number         0  stm32f0xx_dma.o ABSOLUTE
    Libraries\\src\\stm32f0xx_exti.c         0x00000000   Number         0  stm32f0xx_exti.o ABSOLUTE
    Libraries\\src\\stm32f0xx_flash.c        0x00000000   Number         0  stm32f0xx_flash.o ABSOLUTE
    Libraries\\src\\stm32f0xx_gpio.c         0x00000000   Number         0  stm32f0xx_gpio.o ABSOLUTE
    Libraries\\src\\stm32f0xx_i2c.c          0x00000000   Number         0  stm32f0xx_i2c.o ABSOLUTE
    Libraries\\src\\stm32f0xx_iwdg.c         0x00000000   Number         0  stm32f0xx_iwdg.o ABSOLUTE
    Libraries\\src\\stm32f0xx_misc.c         0x00000000   Number         0  stm32f0xx_misc.o ABSOLUTE
    Libraries\\src\\stm32f0xx_pwr.c          0x00000000   Number         0  stm32f0xx_pwr.o ABSOLUTE
    Libraries\\src\\stm32f0xx_rcc.c          0x00000000   Number         0  stm32f0xx_rcc.o ABSOLUTE
    Libraries\\src\\stm32f0xx_rtc.c          0x00000000   Number         0  stm32f0xx_rtc.o ABSOLUTE
    Libraries\\src\\stm32f0xx_spi.c          0x00000000   Number         0  stm32f0xx_spi.o ABSOLUTE
    Libraries\\src\\stm32f0xx_syscfg.c       0x00000000   Number         0  stm32f0xx_syscfg.o ABSOLUTE
    Libraries\\src\\stm32f0xx_tim.c          0x00000000   Number         0  stm32f0xx_tim.o ABSOLUTE
    Libraries\\src\\stm32f0xx_usart.c        0x00000000   Number         0  stm32f0xx_usart.o ABSOLUTE
    Libraries\\src\\stm32f0xx_wwdg.c         0x00000000   Number         0  stm32f0xx_wwdg.o ABSOLUTE
    Libraries\src\stm32f0xx_adc.c            0x00000000   Number         0  stm32f0xx_adc.o ABSOLUTE
    Libraries\src\stm32f0xx_can.c            0x00000000   Number         0  stm32f0xx_can.o ABSOLUTE
    Libraries\src\stm32f0xx_cec.c            0x00000000   Number         0  stm32f0xx_cec.o ABSOLUTE
    Libraries\src\stm32f0xx_comp.c           0x00000000   Number         0  stm32f0xx_comp.o ABSOLUTE
    Libraries\src\stm32f0xx_crc.c            0x00000000   Number         0  stm32f0xx_crc.o ABSOLUTE
    Libraries\src\stm32f0xx_crs.c            0x00000000   Number         0  stm32f0xx_crs.o ABSOLUTE
    Libraries\src\stm32f0xx_dac.c            0x00000000   Number         0  stm32f0xx_dac.o ABSOLUTE
    Libraries\src\stm32f0xx_dbgmcu.c         0x00000000   Number         0  stm32f0xx_dbgmcu.o ABSOLUTE
    Libraries\src\stm32f0xx_dma.c            0x00000000   Number         0  stm32f0xx_dma.o ABSOLUTE
    Libraries\src\stm32f0xx_exti.c           0x00000000   Number         0  stm32f0xx_exti.o ABSOLUTE
    Libraries\src\stm32f0xx_flash.c          0x00000000   Number         0  stm32f0xx_flash.o ABSOLUTE
    Libraries\src\stm32f0xx_gpio.c           0x00000000   Number         0  stm32f0xx_gpio.o ABSOLUTE
    Libraries\src\stm32f0xx_i2c.c            0x00000000   Number         0  stm32f0xx_i2c.o ABSOLUTE
    Libraries\src\stm32f0xx_iwdg.c           0x00000000   Number         0  stm32f0xx_iwdg.o ABSOLUTE
    Libraries\src\stm32f0xx_misc.c           0x00000000   Number         0  stm32f0xx_misc.o ABSOLUTE
    Libraries\src\stm32f0xx_pwr.c            0x00000000   Number         0  stm32f0xx_pwr.o ABSOLUTE
    Libraries\src\stm32f0xx_rcc.c            0x00000000   Number         0  stm32f0xx_rcc.o ABSOLUTE
    Libraries\src\stm32f0xx_rtc.c            0x00000000   Number         0  stm32f0xx_rtc.o ABSOLUTE
    Libraries\src\stm32f0xx_spi.c            0x00000000   Number         0  stm32f0xx_spi.o ABSOLUTE
    Libraries\src\stm32f0xx_syscfg.c         0x00000000   Number         0  stm32f0xx_syscfg.o ABSOLUTE
    Libraries\src\stm32f0xx_tim.c            0x00000000   Number         0  stm32f0xx_tim.o ABSOLUTE
    Libraries\src\stm32f0xx_usart.c          0x00000000   Number         0  stm32f0xx_usart.o ABSOLUTE
    Libraries\src\stm32f0xx_wwdg.c           0x00000000   Number         0  stm32f0xx_wwdg.o ABSOLUTE
    RTE\Device\STM32F030C8\startup_stm32f030x8.s 0x00000000   Number         0  startup_stm32f030x8.o ABSOLUTE
    RTE\Device\STM32F030C8\system_stm32f0xx.c 0x00000000   Number         0  system_stm32f0xx.o ABSOLUTE
    RTE\\Device\\STM32F030C8\\system_stm32f0xx.c 0x00000000   Number         0  system_stm32f0xx.o ABSOLUTE
    User\\main.c                             0x00000000   Number         0  main.o ABSOLUTE
    User\\stm32f0xx_it.c                     0x00000000   Number         0  stm32f0xx_it.o ABSOLUTE
    User\\system.c                           0x00000000   Number         0  system.o ABSOLUTE
    User\main.c                              0x00000000   Number         0  main.o ABSOLUTE
    User\stm32f0xx_it.c                      0x00000000   Number         0  stm32f0xx_it.o ABSOLUTE
    User\system.c                            0x00000000   Number         0  system.o ABSOLUTE
    cdrcmple.s                               0x00000000   Number         0  cdrcmple.o ABSOLUTE
    dc.s                                     0x00000000   Number         0  dc.o ABSOLUTE
    handlers.s                               0x00000000   Number         0  handlers.o ABSOLUTE
    init.s                                   0x00000000   Number         0  init.o ABSOLUTE
    RESET                                    0x08000000   Section      180  startup_stm32f030x8.o(RESET)
    .ARM.Collect$$$$00000000                 0x080000b4   Section        0  entry.o(.ARM.Collect$$$$00000000)
    .ARM.Collect$$$$00000001                 0x080000b4   Section        4  entry2.o(.ARM.Collect$$$$00000001)
    .ARM.Collect$$$$00000004                 0x080000b8   Section        4  entry5.o(.ARM.Collect$$$$00000004)
    .ARM.Collect$$$$00000008                 0x080000bc   Section        0  entry7b.o(.ARM.Collect$$$$00000008)
    .ARM.Collect$$$$0000000A                 0x080000bc   Section        0  entry8b.o(.ARM.Collect$$$$0000000A)
    .ARM.Collect$$$$0000000B                 0x080000bc   Section        8  entry9a.o(.ARM.Collect$$$$0000000B)
    .ARM.Collect$$$$0000000D                 0x080000c4   Section        0  entry10a.o(.ARM.Collect$$$$0000000D)
    .ARM.Collect$$$$0000000F                 0x080000c4   Section        0  entry11a.o(.ARM.Collect$$$$0000000F)
    .ARM.Collect$$$$00002712                 0x080000c4   Section        4  entry2.o(.ARM.Collect$$$$00002712)
    __lit__00000000                          0x080000c4   Data           4  entry2.o(.ARM.Collect$$$$00002712)
    .text                                    0x080000c8   Section        0  main.o(.text)
    .text                                    0x08003d54   Section        0  stm32f0xx_it.o(.text)
    .text                                    0x08003d60   Section        0  system.o(.text)
    .text                                    0x08003dd4   Section        0  stm32f0xx_flash.o(.text)
    .text                                    0x08004484   Section        0  stm32f0xx_gpio.o(.text)
    .text                                    0x08004690   Section        0  stm32f0xx_misc.o(.text)
    .text                                    0x08004744   Section        0  stm32f0xx_rcc.o(.text)
    .text                                    0x08004e14   Section        0  stm32f0xx_tim.o(.text)
    TI4_Config                               0x0800557d   Thumb Code    66  stm32f0xx_tim.o(.text)
    TI3_Config                               0x080055d1   Thumb Code    66  stm32f0xx_tim.o(.text)
    TI2_Config                               0x08005661   Thumb Code    66  stm32f0xx_tim.o(.text)
    TI1_Config                               0x080056b5   Thumb Code    54  stm32f0xx_tim.o(.text)
    .text                                    0x08005a14   Section        0  stm32f0xx_usart.o(.text)
    .text                                    0x08005fac   Section        0  lcd1602.o(.text)
    .text                                    0x080062a8   Section        0  key.o(.text)
    .text                                    0x080069ec   Section        0  cc2500b.o(.text)
    .text                                    0x08006e48   Section       28  startup_stm32f030x8.o(.text)
    .text                                    0x08006e64   Section        0  system_stm32f0xx.o(.text)
    SetSysClock                              0x08006e65   Thumb Code   118  system_stm32f0xx.o(.text)
    .text                                    0x08006ffc   Section        0  uidiv.o(.text)
    .text                                    0x08007028   Section        0  memcpya.o(.text)
    .text                                    0x0800704c   Section        0  strcmp.o(.text)
    .text                                    0x08007068   Section        0  strcpy.o(.text)
    .text                                    0x0800707a   Section        0  uldiv.o(.text)
    .text                                    0x080070dc   Section       36  init.o(.text)
    .text                                    0x08007100   Section        0  llshl.o(.text)
    .text                                    0x08007120   Section        0  llushr.o(.text)
    i.__0printf$5                            0x08007144   Section        0  printf5.o(i.__0printf$5)
    i.__ARM_common_switch8                   0x08007164   Section        0  main.o(i.__ARM_common_switch8)
    i.__scatterload_copy                     0x08007180   Section       14  handlers.o(i.__scatterload_copy)
    i.__scatterload_null                     0x0800718e   Section        2  handlers.o(i.__scatterload_null)
    i.__scatterload_zeroinit                 0x08007190   Section       14  handlers.o(i.__scatterload_zeroinit)
    i._printf_core                           0x080071a0   Section        0  printf5.o(i._printf_core)
    _printf_core                             0x080071a1   Thumb Code   688  printf5.o(i._printf_core)
    .constdata                               0x0800747c   Section       10  main.o(.constdata)
    .constdata                               0x08007488   Section       68  cc2500b.o(.constdata)
    .constdata                               0x080074cc   Section       16  system_stm32f0xx.o(.constdata)
    .data                                    0x20000000   Section       70  main.o(.data)
    k                                        0x20000045   Data           1  main.o(.data)
    .data                                    0x20000046   Section       16  stm32f0xx_rcc.o(.data)
    APBAHBPrescTable                         0x20000046   Data          16  stm32f0xx_rcc.o(.data)
    .data                                    0x20000056   Section       16  lcd1602.o(.data)
    .data                                    0x20000066   Section        5  key.o(.data)
    .data                                    0x2000006c   Section        4  system_stm32f0xx.o(.data)
    .data                                    0x20000070   Section        4  stdout.o(.data)
    .bss                                     0x20000074   Section       68  main.o(.bss)
    STACK                                    0x200000b8   Section     2048  startup_stm32f030x8.o(STACK)

    Global Symbols

    Symbol Name                              Value     Ov Type        Size  Object(Section)

    BuildAttributes$$THM_ISAv3M$S$PE$A:L22$X:L11$S22$IEEE1$IW$USESV6$~STKCKD$USESV7$~SHL$OSPACE$ROPI$EBA8$MICROLIB$REQ8$PRES8$EABIv2 0x00000000   Number         0  anon$$obj.o ABSOLUTE
    __ARM_use_no_argv                        0x00000000   Number         0  main.o ABSOLUTE
    _printf_a                                0x00000000   Number         0  stubs.o ABSOLUTE
    _printf_c                                0x00000000   Number         0  stubs.o ABSOLUTE
    _printf_charcount                        0x00000000   Number         0  stubs.o ABSOLUTE
    _printf_d                                0x00000000   Number         0  stubs.o ABSOLUTE
    _printf_e                                0x00000000   Number         0  stubs.o ABSOLUTE
    _printf_f                                0x00000000   Number         0  stubs.o ABSOLUTE
    _printf_flags                            0x00000000   Number         0  stubs.o ABSOLUTE
    _printf_fp_dec                           0x00000000   Number         0  stubs.o ABSOLUTE
    _printf_fp_hex                           0x00000000   Number         0  stubs.o ABSOLUTE
    _printf_g                                0x00000000   Number         0  stubs.o ABSOLUTE
    _printf_i                                0x00000000   Number         0  stubs.o ABSOLUTE
    _printf_int_dec                          0x00000000   Number         0  stubs.o ABSOLUTE
    _printf_l                                0x00000000   Number         0  stubs.o ABSOLUTE
    _printf_lc                               0x00000000   Number         0  stubs.o ABSOLUTE
    _printf_ll                               0x00000000   Number         0  stubs.o ABSOLUTE
    _printf_lld                              0x00000000   Number         0  stubs.o ABSOLUTE
    _printf_lli                              0x00000000   Number         0  stubs.o ABSOLUTE
    _printf_llo                              0x00000000   Number         0  stubs.o ABSOLUTE
    _printf_llu                              0x00000000   Number         0  stubs.o ABSOLUTE
    _printf_llx                              0x00000000   Number         0  stubs.o ABSOLUTE
    _printf_longlong_dec                     0x00000000   Number         0  stubs.o ABSOLUTE
    _printf_longlong_hex                     0x00000000   Number         0  stubs.o ABSOLUTE
    _printf_longlong_oct                     0x00000000   Number         0  stubs.o ABSOLUTE
    _printf_ls                               0x00000000   Number         0  stubs.o ABSOLUTE
    _printf_mbtowc                           0x00000000   Number         0  stubs.o ABSOLUTE
    _printf_n                                0x00000000   Number         0  stubs.o ABSOLUTE
    _printf_o                                0x00000000   Number         0  stubs.o ABSOLUTE
    _printf_p                                0x00000000   Number         0  stubs.o ABSOLUTE
    _printf_percent                          0x00000000   Number         0  stubs.o ABSOLUTE
    _printf_pre_padding                      0x00000000   Number         0  stubs.o ABSOLUTE
    _printf_return_value                     0x00000000   Number         0  stubs.o ABSOLUTE
    _printf_s                                0x00000000   Number         0  stubs.o ABSOLUTE
    _printf_sizespec                         0x00000000   Number         0  stubs.o ABSOLUTE
    _printf_str                              0x00000000   Number         0  stubs.o ABSOLUTE
    _printf_truncate_signed                  0x00000000   Number         0  stubs.o ABSOLUTE
    _printf_truncate_unsigned                0x00000000   Number         0  stubs.o ABSOLUTE
    _printf_u                                0x00000000   Number         0  stubs.o ABSOLUTE
    _printf_wc                               0x00000000   Number         0  stubs.o ABSOLUTE
    _printf_wctomb                           0x00000000   Number         0  stubs.o ABSOLUTE
    _printf_widthprec                        0x00000000   Number         0  stubs.o ABSOLUTE
    _printf_x                                0x00000000   Number         0  stubs.o ABSOLUTE
    __cpp_initialize__aeabi_                  - Undefined Weak Reference
    __cxa_finalize                            - Undefined Weak Reference
    __decompress                              - Undefined Weak Reference
    _clock_init                               - Undefined Weak Reference
    _microlib_exit                            - Undefined Weak Reference
    __Vectors_Size                           0x000000b4   Number         0  startup_stm32f030x8.o ABSOLUTE
    __Vectors                                0x08000000   Data           4  startup_stm32f030x8.o(RESET)
    __Vectors_End                            0x080000b4   Data           0  startup_stm32f030x8.o(RESET)
    __main                                   0x080000b5   Thumb Code     0  entry.o(.ARM.Collect$$$$00000000)
    _main_stk                                0x080000b5   Thumb Code     0  entry2.o(.ARM.Collect$$$$00000001)
    _main_scatterload                        0x080000b9   Thumb Code     0  entry5.o(.ARM.Collect$$$$00000004)
    __main_after_scatterload                 0x080000bd   Thumb Code     0  entry5.o(.ARM.Collect$$$$00000004)
    _main_clock                              0x080000bd   Thumb Code     0  entry7b.o(.ARM.Collect$$$$00000008)
    _main_cpp_init                           0x080000bd   Thumb Code     0  entry8b.o(.ARM.Collect$$$$0000000A)
    _main_init                               0x080000bd   Thumb Code     0  entry9a.o(.ARM.Collect$$$$0000000B)
    __rt_final_cpp                           0x080000c5   Thumb Code     0  entry10a.o(.ARM.Collect$$$$0000000D)
    __rt_final_exit                          0x080000c5   Thumb Code     0  entry11a.o(.ARM.Collect$$$$0000000F)
    CC2500_PA_Init                           0x080000c9   Thumb Code    62  main.o(.text)
    TIM14_Configuration                      0x08000107   Thumb Code    78  main.o(.text)
    TIM14_IRQHandler                         0x08000155   Thumb Code   212  main.o(.text)
    TIM3_Configuration                       0x08000229   Thumb Code    72  main.o(.text)
    TIM3_IRQHandler                          0x08000271   Thumb Code    20  main.o(.text)
    USART1_Configuration                     0x08000285   Thumb Code   174  main.o(.text)
    USART1_IRQHandler                        0x08000333   Thumb Code    58  main.o(.text)
    Read_STM32ID                             0x0800036d   Thumb Code   110  main.o(.text)
    Rf_CheckData                             0x080003db   Thumb Code   118  main.o(.text)
    Rf_SendStudyId                           0x08000451   Thumb Code   244  main.o(.text)
    Rf_SendStudyId_2                         0x08000545   Thumb Code   164  main.o(.text)
    Rf_StudyWithControl                      0x080005e9   Thumb Code    20  main.o(.text)
    Rf_SendKeyValue                          0x080005fd   Thumb Code   190  main.o(.text)
    Rf_SendKeyValue_2                        0x080006bb   Thumb Code   190  main.o(.text)
    WritePasswordToFLASE1                    0x08000779   Thumb Code    74  main.o(.text)
    ReadFLASEToPassWord2                     0x080007c3   Thumb Code    24  main.o(.text)
    PWR_DOWNmode                             0x080007db   Thumb Code    40  main.o(.text)
    lcd1602key_Handle                        0x08000803   Thumb Code  4832  main.o(.text)
    ERROR_Password                           0x08001ae3   Thumb Code    56  main.o(.text)
    Change_Setpassword                       0x08001b1b   Thumb Code  5720  main.o(.text)
    load_password                            0x08003173   Thumb Code   174  main.o(.text)
    Password_Enter                           0x08003221   Thumb Code  2074  main.o(.text)
    main                                     0x08003a3b   Thumb Code   634  main.o(.text)
    NMI_Handler                              0x08003d55   Thumb Code     2  stm32f0xx_it.o(.text)
    HardFault_Handler                        0x08003d57   Thumb Code     4  stm32f0xx_it.o(.text)
    SVC_Handler                              0x08003d5b   Thumb Code     2  stm32f0xx_it.o(.text)
    PendSV_Handler                           0x08003d5d   Thumb Code     2  stm32f0xx_it.o(.text)
    SysTick_Handler                          0x08003d5f   Thumb Code     2  stm32f0xx_it.o(.text)
    fputc                                    0x08003d61   Thumb Code    32  system.o(.text)
    Delay_us                                 0x08003d81   Thumb Code    46  system.o(.text)
    Delay_ms                                 0x08003daf   Thumb Code    30  system.o(.text)
    FLASH_SetLatency                         0x08003dd5   Thumb Code    24  stm32f0xx_flash.o(.text)
    FLASH_PrefetchBufferCmd                  0x08003ded   Thumb Code    32  stm32f0xx_flash.o(.text)
    FLASH_GetPrefetchBufferStatus            0x08003e0d   Thumb Code    22  stm32f0xx_flash.o(.text)
    FLASH_Unlock                             0x08003e23   Thumb Code    24  stm32f0xx_flash.o(.text)
    FLASH_Lock                               0x08003e3b   Thumb Code    14  stm32f0xx_flash.o(.text)
    FLASH_GetStatus                          0x08003e49   Thumb Code    54  stm32f0xx_flash.o(.text)
    FLASH_WaitForLastOperation               0x08003e7f   Thumb Code    40  stm32f0xx_flash.o(.text)
    FLASH_ErasePage                          0x08003ea7   Thumb Code    72  stm32f0xx_flash.o(.text)
    FLASH_EraseAllPages                      0x08003eef   Thumb Code    68  stm32f0xx_flash.o(.text)
    FLASH_ProgramWord                        0x08003f33   Thumb Code   104  stm32f0xx_flash.o(.text)
    FLASH_ProgramHalfWord                    0x08003f9b   Thumb Code    62  stm32f0xx_flash.o(.text)
    FLASH_OB_Unlock                          0x08003fd9   Thumb Code    26  stm32f0xx_flash.o(.text)
    FLASH_OB_Lock                            0x08003ff3   Thumb Code    16  stm32f0xx_flash.o(.text)
    FLASH_OB_Launch                          0x08004003   Thumb Code    16  stm32f0xx_flash.o(.text)
    FLASH_OB_GetRDP                          0x08004013   Thumb Code    22  stm32f0xx_flash.o(.text)
    FLASH_OB_Erase                           0x08004029   Thumb Code   144  stm32f0xx_flash.o(.text)
    FLASH_OB_EnableWRP                       0x080040b9   Thumb Code   172  stm32f0xx_flash.o(.text)
    FLASH_OB_RDPConfig                       0x08004165   Thumb Code   156  stm32f0xx_flash.o(.text)
    FLASH_OB_UserConfig                      0x08004201   Thumb Code    80  stm32f0xx_flash.o(.text)
    FLASH_OB_BOOTConfig                      0x08004251   Thumb Code    70  stm32f0xx_flash.o(.text)
    FLASH_OB_BOOT0Config                     0x08004297   Thumb Code    70  stm32f0xx_flash.o(.text)
    FLASH_OB_BOOT0SWConfig                   0x080042dd   Thumb Code    70  stm32f0xx_flash.o(.text)
    FLASH_OB_VDDAConfig                      0x08004323   Thumb Code    70  stm32f0xx_flash.o(.text)
    FLASH_OB_SRAMParityConfig                0x08004369   Thumb Code    70  stm32f0xx_flash.o(.text)
    FLASH_OB_WriteUser                       0x080043af   Thumb Code    66  stm32f0xx_flash.o(.text)
    FLASH_OB_ProgramData                     0x080043f1   Thumb Code    66  stm32f0xx_flash.o(.text)
    FLASH_OB_GetUser                         0x08004433   Thumb Code    10  stm32f0xx_flash.o(.text)
    FLASH_OB_GetWRP                          0x0800443d   Thumb Code     6  stm32f0xx_flash.o(.text)
    FLASH_ITConfig                           0x08004443   Thumb Code    28  stm32f0xx_flash.o(.text)
    FLASH_GetFlagStatus                      0x0800445f   Thumb Code    22  stm32f0xx_flash.o(.text)
    FLASH_ClearFlag                          0x08004475   Thumb Code     6  stm32f0xx_flash.o(.text)
    GPIO_DeInit                              0x08004485   Thumb Code   156  stm32f0xx_gpio.o(.text)
    GPIO_Init                                0x08004521   Thumb Code   144  stm32f0xx_gpio.o(.text)
    GPIO_StructInit                          0x080045b1   Thumb Code    20  stm32f0xx_gpio.o(.text)
    GPIO_PinLockConfig                       0x080045c5   Thumb Code    34  stm32f0xx_gpio.o(.text)
    GPIO_ReadInputDataBit                    0x080045e7   Thumb Code    20  stm32f0xx_gpio.o(.text)
    GPIO_ReadInputData                       0x080045fb   Thumb Code     6  stm32f0xx_gpio.o(.text)
    GPIO_ReadOutputDataBit                   0x08004601   Thumb Code    20  stm32f0xx_gpio.o(.text)
    GPIO_ReadOutputData                      0x08004615   Thumb Code     6  stm32f0xx_gpio.o(.text)
    GPIO_SetBits                             0x0800461b   Thumb Code     4  stm32f0xx_gpio.o(.text)
    GPIO_ResetBits                           0x0800461f   Thumb Code     4  stm32f0xx_gpio.o(.text)
    GPIO_WriteBit                            0x08004623   Thumb Code    12  stm32f0xx_gpio.o(.text)
    GPIO_Write                               0x0800462f   Thumb Code     4  stm32f0xx_gpio.o(.text)
    GPIO_PinAFConfig                         0x08004633   Thumb Code    68  stm32f0xx_gpio.o(.text)
    NVIC_Init                                0x08004691   Thumb Code   106  stm32f0xx_misc.o(.text)
    NVIC_SystemLPConfig                      0x080046fb   Thumb Code    28  stm32f0xx_misc.o(.text)
    SysTick_CLKSourceConfig                  0x08004717   Thumb Code    32  stm32f0xx_misc.o(.text)
    RCC_DeInit                               0x08004745   Thumb Code   104  stm32f0xx_rcc.o(.text)
    RCC_HSEConfig                            0x080047ad   Thumb Code    12  stm32f0xx_rcc.o(.text)
    RCC_GetFlagStatus                        0x080047b9   Thumb Code    68  stm32f0xx_rcc.o(.text)
    RCC_WaitForHSEStartUp                    0x080047fd   Thumb Code    60  stm32f0xx_rcc.o(.text)
    RCC_AdjustHSICalibrationValue            0x08004839   Thumb Code    26  stm32f0xx_rcc.o(.text)
    RCC_HSICmd                               0x08004853   Thumb Code    32  stm32f0xx_rcc.o(.text)
    RCC_AdjustHSI14CalibrationValue          0x08004873   Thumb Code    26  stm32f0xx_rcc.o(.text)
    RCC_HSI14Cmd                             0x0800488d   Thumb Code    32  stm32f0xx_rcc.o(.text)
    RCC_HSI14ADCRequestCmd                   0x080048ad   Thumb Code    32  stm32f0xx_rcc.o(.text)
    RCC_LSEConfig                            0x080048cd   Thumb Code    34  stm32f0xx_rcc.o(.text)
    RCC_LSEDriveConfig                       0x080048ef   Thumb Code    22  stm32f0xx_rcc.o(.text)
    RCC_LSICmd                               0x08004905   Thumb Code    32  stm32f0xx_rcc.o(.text)
    RCC_PLLConfig                            0x08004925   Thumb Code    30  stm32f0xx_rcc.o(.text)
    RCC_PLLCmd                               0x08004943   Thumb Code    36  stm32f0xx_rcc.o(.text)
    RCC_HSI48Cmd                             0x08004967   Thumb Code    36  stm32f0xx_rcc.o(.text)
    RCC_PREDIV1Config                        0x0800498b   Thumb Code    24  stm32f0xx_rcc.o(.text)
    RCC_ClockSecuritySystemCmd               0x080049a3   Thumb Code    36  stm32f0xx_rcc.o(.text)
    RCC_MCOConfig                            0x080049c7   Thumb Code     6  stm32f0xx_rcc.o(.text)
    RCC_SYSCLKConfig                         0x080049cd   Thumb Code    24  stm32f0xx_rcc.o(.text)
    RCC_GetSYSCLKSource                      0x080049e5   Thumb Code    10  stm32f0xx_rcc.o(.text)
    RCC_HCLKConfig                           0x080049ef   Thumb Code    28  stm32f0xx_rcc.o(.text)
    RCC_PCLKConfig                           0x08004a0b   Thumb Code    30  stm32f0xx_rcc.o(.text)
    RCC_ADCCLKConfig                         0x08004a29   Thumb Code    52  stm32f0xx_rcc.o(.text)
    RCC_CECCLKConfig                         0x08004a5d   Thumb Code    22  stm32f0xx_rcc.o(.text)
    RCC_I2CCLKConfig                         0x08004a73   Thumb Code    22  stm32f0xx_rcc.o(.text)
    RCC_USARTCLKConfig                       0x08004a89   Thumb Code    48  stm32f0xx_rcc.o(.text)
    RCC_USBCLKConfig                         0x08004ab9   Thumb Code    22  stm32f0xx_rcc.o(.text)
    RCC_GetClocksFreq                        0x08004acf   Thumb Code   490  stm32f0xx_rcc.o(.text)
    RCC_RTCCLKConfig                         0x08004cb9   Thumb Code    12  stm32f0xx_rcc.o(.text)
    RCC_RTCCLKCmd                            0x08004cc5   Thumb Code    36  stm32f0xx_rcc.o(.text)
    RCC_BackupResetCmd                       0x08004ce9   Thumb Code    36  stm32f0xx_rcc.o(.text)
    RCC_AHBPeriphClockCmd                    0x08004d0d   Thumb Code    28  stm32f0xx_rcc.o(.text)
    RCC_APB2PeriphClockCmd                   0x08004d29   Thumb Code    28  stm32f0xx_rcc.o(.text)
    RCC_APB1PeriphClockCmd                   0x08004d45   Thumb Code    28  stm32f0xx_rcc.o(.text)
    RCC_AHBPeriphResetCmd                    0x08004d61   Thumb Code    28  stm32f0xx_rcc.o(.text)
    RCC_APB2PeriphResetCmd                   0x08004d7d   Thumb Code    28  stm32f0xx_rcc.o(.text)
    RCC_APB1PeriphResetCmd                   0x08004d99   Thumb Code    28  stm32f0xx_rcc.o(.text)
    RCC_ITConfig                             0x08004db5   Thumb Code    28  stm32f0xx_rcc.o(.text)
    RCC_ClearFlag                            0x08004dd1   Thumb Code    16  stm32f0xx_rcc.o(.text)
    RCC_GetITStatus                          0x08004de1   Thumb Code    22  stm32f0xx_rcc.o(.text)
    RCC_ClearITPendingBit                    0x08004df7   Thumb Code     6  stm32f0xx_rcc.o(.text)
    TIM_DeInit                               0x08004e15   Thumb Code   228  stm32f0xx_tim.o(.text)
    TIM_TimeBaseInit                         0x08004ef9   Thumb Code    90  stm32f0xx_tim.o(.text)
    TIM_TimeBaseStructInit                   0x08004f53   Thumb Code    18  stm32f0xx_tim.o(.text)
    TIM_PrescalerConfig                      0x08004f65   Thumb Code     6  stm32f0xx_tim.o(.text)
    TIM_CounterModeConfig                    0x08004f6b   Thumb Code    20  stm32f0xx_tim.o(.text)
    TIM_SetCounter                           0x08004f7f   Thumb Code     4  stm32f0xx_tim.o(.text)
    TIM_SetAutoreload                        0x08004f83   Thumb Code     4  stm32f0xx_tim.o(.text)
    TIM_GetCounter                           0x08004f87   Thumb Code     6  stm32f0xx_tim.o(.text)
    TIM_GetPrescaler                         0x08004f8d   Thumb Code     6  stm32f0xx_tim.o(.text)
    TIM_UpdateDisableConfig                  0x08004f93   Thumb Code    26  stm32f0xx_tim.o(.text)
    TIM_UpdateRequestConfig                  0x08004fad   Thumb Code    26  stm32f0xx_tim.o(.text)
    TIM_ARRPreloadConfig                     0x08004fc7   Thumb Code    26  stm32f0xx_tim.o(.text)
    TIM_SelectOnePulseMode                   0x08004fe1   Thumb Code    18  stm32f0xx_tim.o(.text)
    TIM_SetClockDivision                     0x08004ff3   Thumb Code    16  stm32f0xx_tim.o(.text)
    TIM_Cmd                                  0x08005003   Thumb Code    26  stm32f0xx_tim.o(.text)
    TIM_BDTRConfig                           0x0800501d   Thumb Code    32  stm32f0xx_tim.o(.text)
    TIM_BDTRStructInit                       0x0800503d   Thumb Code    18  stm32f0xx_tim.o(.text)
    TIM_CtrlPWMOutputs                       0x0800504f   Thumb Code    34  stm32f0xx_tim.o(.text)
    TIM_OC1Init                              0x08005071   Thumb Code   122  stm32f0xx_tim.o(.text)
    TIM_OC2Init                              0x080050eb   Thumb Code   144  stm32f0xx_tim.o(.text)
    TIM_OC3Init                              0x0800517b   Thumb Code   190  stm32f0xx_tim.o(.text)
    TIM_OC4Init                              0x08005239   Thumb Code    88  stm32f0xx_tim.o(.text)
    TIM_OCStructInit                         0x08005291   Thumb Code    20  stm32f0xx_tim.o(.text)
    TIM_SelectOCxM                           0x080052a5   Thumb Code    82  stm32f0xx_tim.o(.text)
    TIM_SetCompare1                          0x080052f7   Thumb Code     4  stm32f0xx_tim.o(.text)
    TIM_SetCompare2                          0x080052fb   Thumb Code     4  stm32f0xx_tim.o(.text)
    TIM_SetCompare3                          0x080052ff   Thumb Code     4  stm32f0xx_tim.o(.text)
    TIM_SetCompare4                          0x08005303   Thumb Code     4  stm32f0xx_tim.o(.text)
    TIM_ForcedOC1Config                      0x08005307   Thumb Code    20  stm32f0xx_tim.o(.text)
    TIM_ForcedOC2Config                      0x0800531b   Thumb Code    20  stm32f0xx_tim.o(.text)
    TIM_ForcedOC3Config                      0x0800532f   Thumb Code    20  stm32f0xx_tim.o(.text)
    TIM_ForcedOC4Config                      0x08005343   Thumb Code    20  stm32f0xx_tim.o(.text)
    TIM_CCPreloadControl                     0x08005357   Thumb Code    26  stm32f0xx_tim.o(.text)
    TIM_OC1PreloadConfig                     0x08005371   Thumb Code    22  stm32f0xx_tim.o(.text)
    TIM_OC2PreloadConfig                     0x08005387   Thumb Code    20  stm32f0xx_tim.o(.text)
    TIM_OC3PreloadConfig                     0x0800539b   Thumb Code    22  stm32f0xx_tim.o(.text)
    TIM_OC4PreloadConfig                     0x080053b1   Thumb Code    20  stm32f0xx_tim.o(.text)
    TIM_OC1FastConfig                        0x080053c5   Thumb Code    22  stm32f0xx_tim.o(.text)
    TIM_OC2FastConfig                        0x080053db   Thumb Code    20  stm32f0xx_tim.o(.text)
    TIM_OC3FastConfig                        0x080053ef   Thumb Code    22  stm32f0xx_tim.o(.text)
    TIM_OC4FastConfig                        0x08005405   Thumb Code    20  stm32f0xx_tim.o(.text)
    TIM_ClearOC1Ref                          0x08005419   Thumb Code    22  stm32f0xx_tim.o(.text)
    TIM_ClearOC2Ref                          0x0800542f   Thumb Code    20  stm32f0xx_tim.o(.text)
    TIM_ClearOC3Ref                          0x08005443   Thumb Code    22  stm32f0xx_tim.o(.text)
    TIM_ClearOC4Ref                          0x08005459   Thumb Code    20  stm32f0xx_tim.o(.text)
    TIM_OC1PolarityConfig                    0x0800546d   Thumb Code    22  stm32f0xx_tim.o(.text)
    TIM_OC1NPolarityConfig                   0x08005483   Thumb Code    22  stm32f0xx_tim.o(.text)
    TIM_OC2PolarityConfig                    0x08005499   Thumb Code    22  stm32f0xx_tim.o(.text)
    TIM_OC2NPolarityConfig                   0x080054af   Thumb Code    22  stm32f0xx_tim.o(.text)
    TIM_OC3PolarityConfig                    0x080054c5   Thumb Code    20  stm32f0xx_tim.o(.text)
    TIM_OC3NPolarityConfig                   0x080054d9   Thumb Code    20  stm32f0xx_tim.o(.text)
    TIM_OC4PolarityConfig                    0x080054ed   Thumb Code    20  stm32f0xx_tim.o(.text)
    TIM_SelectOCREFClear                     0x08005501   Thumb Code    18  stm32f0xx_tim.o(.text)
    TIM_CCxCmd                               0x08005513   Thumb Code    30  stm32f0xx_tim.o(.text)
    TIM_CCxNCmd                              0x08005531   Thumb Code    30  stm32f0xx_tim.o(.text)
    TIM_SelectCOM                            0x0800554f   Thumb Code    26  stm32f0xx_tim.o(.text)
    TIM_SetIC4Prescaler                      0x08005569   Thumb Code    20  stm32f0xx_tim.o(.text)
    TIM_SetIC3Prescaler                      0x080055bf   Thumb Code    18  stm32f0xx_tim.o(.text)
    TIM_SetIC2Prescaler                      0x08005613   Thumb Code    78  stm32f0xx_tim.o(.text)
    TIM_SetIC1Prescaler                      0x080056a3   Thumb Code    18  stm32f0xx_tim.o(.text)
    TIM_ICInit                               0x080056eb   Thumb Code   112  stm32f0xx_tim.o(.text)
    TIM_ICStructInit                         0x0800575b   Thumb Code    18  stm32f0xx_tim.o(.text)
    TIM_PWMIConfig                           0x0800576d   Thumb Code   124  stm32f0xx_tim.o(.text)
    TIM_GetCapture1                          0x080057e9   Thumb Code     6  stm32f0xx_tim.o(.text)
    TIM_GetCapture2                          0x080057ef   Thumb Code     6  stm32f0xx_tim.o(.text)
    TIM_GetCapture3                          0x080057f5   Thumb Code     6  stm32f0xx_tim.o(.text)
    TIM_GetCapture4                          0x080057fb   Thumb Code     6  stm32f0xx_tim.o(.text)
    TIM_ITConfig                             0x08005801   Thumb Code    20  stm32f0xx_tim.o(.text)
    TIM_GenerateEvent                        0x08005815   Thumb Code     4  stm32f0xx_tim.o(.text)
    TIM_GetFlagStatus                        0x08005819   Thumb Code    20  stm32f0xx_tim.o(.text)
    TIM_ClearFlag                            0x0800582d   Thumb Code     6  stm32f0xx_tim.o(.text)
    TIM_GetITStatus                          0x08005833   Thumb Code    38  stm32f0xx_tim.o(.text)
    TIM_ClearITPendingBit                    0x08005859   Thumb Code     6  stm32f0xx_tim.o(.text)
    TIM_DMAConfig                            0x0800585f   Thumb Code    12  stm32f0xx_tim.o(.text)
    TIM_DMACmd                               0x0800586b   Thumb Code    20  stm32f0xx_tim.o(.text)
    TIM_SelectCCDMA                          0x0800587f   Thumb Code    26  stm32f0xx_tim.o(.text)
    TIM_InternalClockConfig                  0x08005899   Thumb Code    12  stm32f0xx_tim.o(.text)
    TIM_SelectInputTrigger                   0x080058a5   Thumb Code    22  stm32f0xx_tim.o(.text)
    TIM_ITRxExternalClockConfig              0x080058bb   Thumb Code    24  stm32f0xx_tim.o(.text)
    TIM_TIxExternalClockConfig               0x080058d3   Thumb Code    58  stm32f0xx_tim.o(.text)
    TIM_ETRConfig                            0x0800590d   Thumb Code    24  stm32f0xx_tim.o(.text)
    TIM_ETRClockMode1Config                  0x08005925   Thumb Code    48  stm32f0xx_tim.o(.text)
    TIM_ETRClockMode2Config                  0x08005955   Thumb Code    34  stm32f0xx_tim.o(.text)
    TIM_SelectOutputTrigger                  0x08005977   Thumb Code    18  stm32f0xx_tim.o(.text)
    TIM_SelectSlaveMode                      0x08005989   Thumb Code    18  stm32f0xx_tim.o(.text)
    TIM_SelectMasterSlaveMode                0x0800599b   Thumb Code    18  stm32f0xx_tim.o(.text)
    TIM_EncoderInterfaceConfig               0x080059ad   Thumb Code    60  stm32f0xx_tim.o(.text)
    TIM_SelectHallSensor                     0x080059e9   Thumb Code    26  stm32f0xx_tim.o(.text)
    TIM_RemapConfig                          0x08005a03   Thumb Code     6  stm32f0xx_tim.o(.text)
    USART_DeInit                             0x08005a15   Thumb Code   108  stm32f0xx_usart.o(.text)
    USART_Init                               0x08005a81   Thumb Code   214  stm32f0xx_usart.o(.text)
    USART_StructInit                         0x08005b57   Thumb Code    24  stm32f0xx_usart.o(.text)
    USART_ClockInit                          0x08005b6f   Thumb Code    36  stm32f0xx_usart.o(.text)
    USART_ClockStructInit                    0x08005b93   Thumb Code    12  stm32f0xx_usart.o(.text)
    USART_Cmd                                0x08005b9f   Thumb Code    24  stm32f0xx_usart.o(.text)
    USART_DirectionModeCmd                   0x08005bb7   Thumb Code    20  stm32f0xx_usart.o(.text)
    USART_OverSampling8Cmd                   0x08005bcb   Thumb Code    28  stm32f0xx_usart.o(.text)
    USART_OneBitMethodCmd                    0x08005be7   Thumb Code    28  stm32f0xx_usart.o(.text)
    USART_MSBFirstCmd                        0x08005c03   Thumb Code    28  stm32f0xx_usart.o(.text)
    USART_DataInvCmd                         0x08005c1f   Thumb Code    28  stm32f0xx_usart.o(.text)
    USART_InvPinCmd                          0x08005c3b   Thumb Code    20  stm32f0xx_usart.o(.text)
    USART_SWAPPinCmd                         0x08005c4f   Thumb Code    28  stm32f0xx_usart.o(.text)
    USART_ReceiverTimeOutCmd                 0x08005c6b   Thumb Code    28  stm32f0xx_usart.o(.text)
    USART_SetReceiverTimeOut                 0x08005c87   Thumb Code    16  stm32f0xx_usart.o(.text)
    USART_SetPrescaler                       0x08005c97   Thumb Code    18  stm32f0xx_usart.o(.text)
    USART_STOPModeCmd                        0x08005ca9   Thumb Code    24  stm32f0xx_usart.o(.text)
    USART_StopModeWakeUpSourceConfig         0x08005cc1   Thumb Code    18  stm32f0xx_usart.o(.text)
    USART_AutoBaudRateCmd                    0x08005cd3   Thumb Code    28  stm32f0xx_usart.o(.text)
    USART_AutoBaudRateConfig                 0x08005cef   Thumb Code    18  stm32f0xx_usart.o(.text)
    USART_SendData                           0x08005d01   Thumb Code     8  stm32f0xx_usart.o(.text)
    USART_ReceiveData                        0x08005d09   Thumb Code    10  stm32f0xx_usart.o(.text)
    USART_SetAddress                         0x08005d13   Thumb Code    18  stm32f0xx_usart.o(.text)
    USART_MuteModeCmd                        0x08005d25   Thumb Code    28  stm32f0xx_usart.o(.text)
    USART_MuteModeWakeUpConfig               0x08005d41   Thumb Code    18  stm32f0xx_usart.o(.text)
    USART_AddressDetectionConfig             0x08005d53   Thumb Code    16  stm32f0xx_usart.o(.text)
    USART_LINBreakDetectLengthConfig         0x08005d63   Thumb Code    16  stm32f0xx_usart.o(.text)
    USART_LINCmd                             0x08005d73   Thumb Code    28  stm32f0xx_usart.o(.text)
    USART_HalfDuplexCmd                      0x08005d8f   Thumb Code    24  stm32f0xx_usart.o(.text)
    USART_SetGuardTime                       0x08005da7   Thumb Code    16  stm32f0xx_usart.o(.text)
    USART_SmartCardCmd                       0x08005db7   Thumb Code    24  stm32f0xx_usart.o(.text)
    USART_SmartCardNACKCmd                   0x08005dcf   Thumb Code    24  stm32f0xx_usart.o(.text)
    USART_SetAutoRetryCount                  0x08005de7   Thumb Code    46  stm32f0xx_usart.o(.text)
    USART_SetBlockLength                     0x08005e15   Thumb Code    18  stm32f0xx_usart.o(.text)
    USART_IrDAConfig                         0x08005e27   Thumb Code    16  stm32f0xx_usart.o(.text)
    USART_IrDACmd                            0x08005e37   Thumb Code    24  stm32f0xx_usart.o(.text)
    USART_DECmd                              0x08005e4f   Thumb Code    28  stm32f0xx_usart.o(.text)
    USART_DEPolarityConfig                   0x08005e6b   Thumb Code    18  stm32f0xx_usart.o(.text)
    USART_SetDEAssertionTime                 0x08005e7d   Thumb Code    20  stm32f0xx_usart.o(.text)
    USART_SetDEDeassertionTime               0x08005e91   Thumb Code    20  stm32f0xx_usart.o(.text)
    USART_DMACmd                             0x08005ea5   Thumb Code    20  stm32f0xx_usart.o(.text)
    USART_DMAReceptionErrorConfig            0x08005eb9   Thumb Code    18  stm32f0xx_usart.o(.text)
    USART_ITConfig                           0x08005ecb   Thumb Code    66  stm32f0xx_usart.o(.text)
    USART_RequestCmd                         0x08005f0d   Thumb Code    20  stm32f0xx_usart.o(.text)
    USART_OverrunDetectionConfig             0x08005f21   Thumb Code    18  stm32f0xx_usart.o(.text)
    USART_GetFlagStatus                      0x08005f33   Thumb Code    20  stm32f0xx_usart.o(.text)
    USART_ClearFlag                          0x08005f47   Thumb Code     4  stm32f0xx_usart.o(.text)
    USART_GetITStatus                        0x08005f4b   Thumb Code    78  stm32f0xx_usart.o(.text)
    USART_ClearITPendingBit                  0x08005f99   Thumb Code    18  stm32f0xx_usart.o(.text)
    GPIO_Write_8bit                          0x08005fad   Thumb Code    58  lcd1602.o(.text)
    LCD_write_com                            0x08005fe7   Thumb Code   108  lcd1602.o(.text)
    LCD_INIT                                 0x08006053   Thumb Code   106  lcd1602.o(.text)
    LCD_Init                                 0x080060bd   Thumb Code    42  lcd1602.o(.text)
    LCD_check_busy                           0x080060e7   Thumb Code    98  lcd1602.o(.text)
    LCD_initwrite_com                        0x08006149   Thumb Code   108  lcd1602.o(.text)
    LCD_write_data                           0x080061b5   Thumb Code   110  lcd1602.o(.text)
    LCD_Clear                                0x08006223   Thumb Code    16  lcd1602.o(.text)
    LCD_write_string                         0x08006233   Thumb Code    60  lcd1602.o(.text)
    LCD_write_char                           0x0800626f   Thumb Code    50  lcd1602.o(.text)
    lcd1602key_Init                          0x080062a9   Thumb Code   138  key.o(.text)
    lcd1602key_Scan                          0x08006333   Thumb Code  1202  key.o(.text)
    Password_keyScan                         0x080067e5   Thumb Code   500  key.o(.text)
    SPI_Configuration                        0x080069ed   Thumb Code   122  cc2500b.o(.text)
    SPI_IN_set                               0x08006a67   Thumb Code    50  cc2500b.o(.text)
    SPI_IN_reset                             0x08006a99   Thumb Code    52  cc2500b.o(.text)
    RF_INT_set                               0x08006acd   Thumb Code    54  cc2500b.o(.text)
    RF_INT_reset                             0x08006b03   Thumb Code    56  cc2500b.o(.text)
    SpiOpen                                  0x08006b3b   Thumb Code    42  cc2500b.o(.text)
    SpiClose                                 0x08006b65   Thumb Code    16  cc2500b.o(.text)
    SpiWriteByte                             0x08006b75   Thumb Code    64  cc2500b.o(.text)
    SpiReadByte                              0x08006bb5   Thumb Code    54  cc2500b.o(.text)
    CC2500_WriteReg                          0x08006beb   Thumb Code    28  cc2500b.o(.text)
    CC2500_ReadReg                           0x08006c07   Thumb Code    32  cc2500b.o(.text)
    CC2500_Command                           0x08006c27   Thumb Code    20  cc2500b.o(.text)
    CC2500_Init                              0x08006c3b   Thumb Code    76  cc2500b.o(.text)
    CC2500_PowerUpAndReset                   0x08006c87   Thumb Code   104  cc2500b.o(.text)
    CC2500_WriteBurstReg                     0x08006cef   Thumb Code    58  cc2500b.o(.text)
    CC2500_ReadBurstReg                      0x08006d29   Thumb Code    46  cc2500b.o(.text)
    RF_Init                                  0x08006d57   Thumb Code    38  cc2500b.o(.text)
    Rf_SendMode                              0x08006d7d   Thumb Code    20  cc2500b.o(.text)
    Rf_PowerSave                             0x08006d91   Thumb Code    10  cc2500b.o(.text)
    Rf_ReadData                              0x08006d9b   Thumb Code    86  cc2500b.o(.text)
    Rf_SendData                              0x08006df1   Thumb Code    88  cc2500b.o(.text)
    Reset_Handler                            0x08006e49   Thumb Code     8  startup_stm32f030x8.o(.text)
    ADC1_IRQHandler                          0x08006e5b   Thumb Code     0  startup_stm32f030x8.o(.text)
    DMA1_Channel1_IRQHandler                 0x08006e5b   Thumb Code     0  startup_stm32f030x8.o(.text)
    DMA1_Channel2_3_IRQHandler               0x08006e5b   Thumb Code     0  startup_stm32f030x8.o(.text)
    DMA1_Channel4_5_IRQHandler               0x08006e5b   Thumb Code     0  startup_stm32f030x8.o(.text)
    EXTI0_1_IRQHandler                       0x08006e5b   Thumb Code     0  startup_stm32f030x8.o(.text)
    EXTI2_3_IRQHandler                       0x08006e5b   Thumb Code     0  startup_stm32f030x8.o(.text)
    EXTI4_15_IRQHandler                      0x08006e5b   Thumb Code     0  startup_stm32f030x8.o(.text)
    FLASH_IRQHandler                         0x08006e5b   Thumb Code     0  startup_stm32f030x8.o(.text)
    I2C1_IRQHandler                          0x08006e5b   Thumb Code     0  startup_stm32f030x8.o(.text)
    I2C2_IRQHandler                          0x08006e5b   Thumb Code     0  startup_stm32f030x8.o(.text)
    RCC_IRQHandler                           0x08006e5b   Thumb Code     0  startup_stm32f030x8.o(.text)
    RTC_IRQHandler                           0x08006e5b   Thumb Code     0  startup_stm32f030x8.o(.text)
    SPI1_IRQHandler                          0x08006e5b   Thumb Code     0  startup_stm32f030x8.o(.text)
    SPI2_IRQHandler                          0x08006e5b   Thumb Code     0  startup_stm32f030x8.o(.text)
    TIM15_IRQHandler                         0x08006e5b   Thumb Code     0  startup_stm32f030x8.o(.text)
    TIM16_IRQHandler                         0x08006e5b   Thumb Code     0  startup_stm32f030x8.o(.text)
    TIM17_IRQHandler                         0x08006e5b   Thumb Code     0  startup_stm32f030x8.o(.text)
    TIM1_BRK_UP_TRG_COM_IRQHandler           0x08006e5b   Thumb Code     0  startup_stm32f030x8.o(.text)
    TIM1_CC_IRQHandler                       0x08006e5b   Thumb Code     0  startup_stm32f030x8.o(.text)
    USART2_IRQHandler                        0x08006e5b   Thumb Code     0  startup_stm32f030x8.o(.text)
    WWDG_IRQHandler                          0x08006e5b   Thumb Code     0  startup_stm32f030x8.o(.text)
    SystemInit                               0x08006edb   Thumb Code   110  system_stm32f0xx.o(.text)
    SystemCoreClockUpdate                    0x08006f49   Thumb Code   148  system_stm32f0xx.o(.text)
    __aeabi_uidiv                            0x08006ffd   Thumb Code     0  uidiv.o(.text)
    __aeabi_uidivmod                         0x08006ffd   Thumb Code    44  uidiv.o(.text)
    __aeabi_memcpy                           0x08007029   Thumb Code    36  memcpya.o(.text)
    __aeabi_memcpy4                          0x08007029   Thumb Code     0  memcpya.o(.text)
    __aeabi_memcpy8                          0x08007029   Thumb Code     0  memcpya.o(.text)
    strcmp                                   0x0800704d   Thumb Code    28  strcmp.o(.text)
    strcpy                                   0x08007069   Thumb Code    18  strcpy.o(.text)
    __aeabi_uldivmod                         0x0800707b   Thumb Code    96  uldiv.o(.text)
    __scatterload                            0x080070dd   Thumb Code    28  init.o(.text)
    __scatterload_rt2                        0x080070dd   Thumb Code     0  init.o(.text)
    __aeabi_llsl                             0x08007101   Thumb Code    32  llshl.o(.text)
    _ll_shift_l                              0x08007101   Thumb Code     0  llshl.o(.text)
    __aeabi_llsr                             0x08007121   Thumb Code    34  llushr.o(.text)
    _ll_ushift_r                             0x08007121   Thumb Code     0  llushr.o(.text)
    __0printf$5                              0x08007145   Thumb Code    24  printf5.o(i.__0printf$5)
    __1printf$5                              0x08007145   Thumb Code     0  printf5.o(i.__0printf$5)
    __2printf                                0x08007145   Thumb Code     0  printf5.o(i.__0printf$5)
    __ARM_common_switch8                     0x08007165   Thumb Code    28  main.o(i.__ARM_common_switch8)
    __scatterload_copy                       0x08007181   Thumb Code    14  handlers.o(i.__scatterload_copy)
    __scatterload_null                       0x0800718f   Thumb Code     2  handlers.o(i.__scatterload_null)
    __scatterload_zeroinit                   0x08007191   Thumb Code    14  handlers.o(i.__scatterload_zeroinit)
    Password_Save                            0x0800747c   Data          10  main.o(.constdata)
    AHBPrescTable                            0x080074cc   Data          16  system_stm32f0xx.o(.constdata)
    Region$$Table$$Base                      0x080074dc   Number         0  anon$$obj.o(Region$$Table)
    Region$$Table$$Limit                     0x080074fc   Number         0  anon$$obj.o(Region$$Table)
    easyMode_openFlag                        0x20000000   Data           1  main.o(.data)
    easyMode_closeFlag                       0x20000001   Data           1  main.o(.data)
    HW_version                               0x20000002   Data           4  main.o(.data)
    SW_version                               0x20000006   Data           4  main.o(.data)
    KEY_number                               0x2000000a   Data           4  main.o(.data)
    Key                                      0x2000000e   Data           5  main.o(.data)
    Password                                 0x20000013   Data           6  main.o(.data)
    CC2500                                   0x20000019   Data           6  main.o(.data)
    FASH                                     0x2000001f   Data           1  main.o(.data)
    tmpFash                                  0x20000020   Data           4  main.o(.data)
    tmpFashFlag                              0x20000024   Data           1  main.o(.data)
    Rf                                       0x20000026   Data           8  main.o(.data)
    Pair_time                                0x2000002e   Data           1  main.o(.data)
    Pair_flag                                0x2000002f   Data           1  main.o(.data)
    Clean_time                               0x20000030   Data           1  main.o(.data)
    Clean_flag                               0x20000031   Data           1  main.o(.data)
    Over_Pair_time                           0x20000032   Data           1  main.o(.data)
    Tcount                                   0x20000034   Data           2  main.o(.data)
    timer50Ms                                0x20000036   Data           1  main.o(.data)
    i                                        0x20000037   Data           1  main.o(.data)
    faultcount                               0x20000038   Data           2  main.o(.data)
    flashstatus                              0x2000003a   Data           1  main.o(.data)
    len                                      0x2000003c   Data           2  main.o(.data)
    addr                                     0x20000040   Data           4  main.o(.data)
    j                                        0x20000044   Data           1  main.o(.data)
    GPIO_PINS                                0x20000056   Data          16  lcd1602.o(.data)
    keyflag1                                 0x20000066   Data           2  key.o(.data)
    keyflag2                                 0x20000068   Data           2  key.o(.data)
    KEYnumber                                0x2000006a   Data           1  key.o(.data)
    SystemCoreClock                          0x2000006c   Data           4  system_stm32f0xx.o(.data)
    __stdout                                 0x20000070   Data           4  stdout.o(.data)
    passwordReset                            0x20000074   Data          10  main.o(.bss)
    Password_Save1                           0x2000007e   Data          10  main.o(.bss)
    Password_Read                            0x20000088   Data          10  main.o(.bss)
    Password_Input                           0x20000092   Data          10  main.o(.bss)
    DES_ID                                   0x2000009c   Data           9  main.o(.bss)
    Me                                       0x200000a8   Data          16  main.o(.bss)
    __initial_sp                             0x200008b8   Data           0  startup_stm32f030x8.o(STACK)



==============================================================================

Memory Map of the image

  Image Entry point : 0x080000b5

  Load Region LR_IROM1 (Base: 0x08000000, Size: 0x00007570, Max: 0x00040000, ABSOLUTE)

    Execution Region ER_IROM1 (Base: 0x08000000, Size: 0x000074fc, Max: 0x00040000, ABSOLUTE)

    Base Addr    Size         Type   Attr      Idx    E Section Name        Object

    0x08000000   0x000000b4   Data   RO          737    RESET               startup_stm32f030x8.o
    0x080000b4   0x00000000   Code   RO          769  * .ARM.Collect$$$$00000000  mc_p.l(entry.o)
    0x080000b4   0x00000004   Code   RO         1043    .ARM.Collect$$$$00000001  mc_p.l(entry2.o)
    0x080000b8   0x00000004   Code   RO         1046    .ARM.Collect$$$$00000004  mc_p.l(entry5.o)
    0x080000bc   0x00000000   Code   RO         1048    .ARM.Collect$$$$00000008  mc_p.l(entry7b.o)
    0x080000bc   0x00000000   Code   RO         1050    .ARM.Collect$$$$0000000A  mc_p.l(entry8b.o)
    0x080000bc   0x00000008   Code   RO         1051    .ARM.Collect$$$$0000000B  mc_p.l(entry9a.o)
    0x080000c4   0x00000000   Code   RO         1053    .ARM.Collect$$$$0000000D  mc_p.l(entry10a.o)
    0x080000c4   0x00000000   Code   RO         1055    .ARM.Collect$$$$0000000F  mc_p.l(entry11a.o)
    0x080000c4   0x00000004   Code   RO         1044    .ARM.Collect$$$$00002712  mc_p.l(entry2.o)
    0x080000c8   0x00003c8c   Code   RO            3    .text               main.o
    0x08003d54   0x0000000c   Code   RO          123    .text               stm32f0xx_it.o
    0x08003d60   0x00000074   Code   RO          146    .text               system.o
    0x08003dd4   0x000006b0   Code   RO          387    .text               stm32f0xx_flash.o
    0x08004484   0x0000020c   Code   RO          407    .text               stm32f0xx_gpio.o
    0x08004690   0x000000b4   Code   RO          470    .text               stm32f0xx_misc.o
    0x08004744   0x000006d0   Code   RO          510    .text               stm32f0xx_rcc.o
    0x08004e14   0x00000c00   Code   RO          595    .text               stm32f0xx_tim.o
    0x08005a14   0x00000596   Code   RO          615    .text               stm32f0xx_usart.o
    0x08005faa   0x00000002   PAD
    0x08005fac   0x000002fc   Code   RO          658    .text               lcd1602.o
    0x080062a8   0x00000744   Code   RO          687    .text               key.o
    0x080069ec   0x0000045c   Code   RO          713    .text               cc2500b.o
    0x08006e48   0x0000001c   Code   RO          738    .text               startup_stm32f030x8.o
    0x08006e64   0x00000198   Code   RO          744    .text               system_stm32f0xx.o
    0x08006ffc   0x0000002c   Code   RO          772    .text               mc_p.l(uidiv.o)
    0x08007028   0x00000024   Code   RO          774    .text               mc_p.l(memcpya.o)
    0x0800704c   0x0000001c   Code   RO          776    .text               mc_p.l(strcmp.o)
    0x08007068   0x00000012   Code   RO          778    .text               mc_p.l(strcpy.o)
    0x0800707a   0x00000060   Code   RO         1058    .text               mc_p.l(uldiv.o)
    0x080070da   0x00000002   PAD
    0x080070dc   0x00000024   Code   RO         1071    .text               mc_p.l(init.o)
    0x08007100   0x00000020   Code   RO         1073    .text               mc_p.l(llshl.o)
    0x08007120   0x00000022   Code   RO         1075    .text               mc_p.l(llushr.o)
    0x08007142   0x00000002   PAD
    0x08007144   0x00000020   Code   RO          915    i.__0printf$5       mc_p.l(printf5.o)
    0x08007164   0x0000001c   Code   RO           24    i.__ARM_common_switch8  main.o
    0x08007180   0x0000000e   Code   RO         1085    i.__scatterload_copy  mc_p.l(handlers.o)
    0x0800718e   0x00000002   Code   RO         1086    i.__scatterload_null  mc_p.l(handlers.o)
    0x08007190   0x0000000e   Code   RO         1087    i.__scatterload_zeroinit  mc_p.l(handlers.o)
    0x0800719e   0x00000002   PAD
    0x080071a0   0x000002dc   Code   RO          922    i._printf_core      mc_p.l(printf5.o)
    0x0800747c   0x0000000a   Data   RO            5    .constdata          main.o
    0x08007486   0x00000002   PAD
    0x08007488   0x00000044   Data   RO          714    .constdata          cc2500b.o
    0x080074cc   0x00000010   Data   RO          745    .constdata          system_stm32f0xx.o
    0x080074dc   0x00000020   Data   RO         1083    Region$$Table       anon$$obj.o


    Execution Region RW_IRAM1 (Base: 0x20000000, Size: 0x000008b8, Max: 0x00002000, ABSOLUTE)

    Base Addr    Size         Type   Attr      Idx    E Section Name        Object

    0x20000000   0x00000046   Data   RW            6    .data               main.o
    0x20000046   0x00000010   Data   RW          511    .data               stm32f0xx_rcc.o
    0x20000056   0x00000010   Data   RW          659    .data               lcd1602.o
    0x20000066   0x00000005   Data   RW          688    .data               key.o
    0x2000006b   0x00000001   PAD
    0x2000006c   0x00000004   Data   RW          746    .data               system_stm32f0xx.o
    0x20000070   0x00000004   Data   RW         1057    .data               mc_p.l(stdout.o)
    0x20000074   0x00000044   Zero   RW            4    .bss                main.o
    0x200000b8   0x00000800   Zero   RW          735    STACK               startup_stm32f030x8.o


==============================================================================

Image component sizes


      Code (inc. data)   RO Data    RW Data    ZI Data      Debug   Object Name

      1116         18         68          0          0       5337   cc2500b.o
      1860         36          0          5          0       2165   key.o
       764          8          0         16          0       3544   lcd1602.o
     15528       2688         10         70         68     217288   main.o
        28          8        180          0       2048        692   startup_stm32f030x8.o
      1712         30          0          0          0       7801   stm32f0xx_flash.o
       524         26          0          0          0       3781   stm32f0xx_gpio.o
        12          0          0          0          0        835   stm32f0xx_it.o
       180         14          0          0          0       1384   stm32f0xx_misc.o
      1744         46          0         16          0       9104   stm32f0xx_rcc.o
      3072        136          0          0          0      22965   stm32f0xx_tim.o
      1430         26          0          0          0      11950   stm32f0xx_usart.o
       116          8          0          0          0        958   system.o
       408         32         16          4          0       1731   system_stm32f0xx.o

    ----------------------------------------------------------------------
     28496       3076        308        112       2116     289535   Object Totals
         0          0         32          0          0          0   (incl. Generated)
         2          0          2          1          0          0   (incl. Padding)

    ----------------------------------------------------------------------

      Code (inc. data)   RO Data    RW Data    ZI Data      Debug   Library Member Name

         0          0          0          0          0          0   entry.o
         0          0          0          0          0          0   entry10a.o
         0          0          0          0          0          0   entry11a.o
         8          4          0          0          0          0   entry2.o
         4          0          0          0          0          0   entry5.o
         0          0          0          0          0          0   entry7b.o
         0          0          0          0          0          0   entry8b.o
         8          4          0          0          0          0   entry9a.o
        30          0          0          0          0          0   handlers.o
        36          8          0          0          0         68   init.o
        32          0          0          0          0         68   llshl.o
        34          0          0          0          0         68   llushr.o
        36          0          0          0          0         60   memcpya.o
       764         52          0          0          0        168   printf5.o
         0          0          0          4          0          0   stdout.o
        28          0          0          0          0         68   strcmp.o
        18          0          0          0          0         60   strcpy.o
        44          0          0          0          0         72   uidiv.o
        96          0          0          0          0         84   uldiv.o

    ----------------------------------------------------------------------
      1144         68          0          4          0        716   Library Totals
         6          0          0          0          0          0   (incl. Padding)

    ----------------------------------------------------------------------

      Code (inc. data)   RO Data    RW Data    ZI Data      Debug   Library Name

      1138         68          0          4          0        716   mc_p.l

    ----------------------------------------------------------------------
      1144         68          0          4          0        716   Library Totals

    ----------------------------------------------------------------------

==============================================================================


      Code (inc. data)   RO Data    RW Data    ZI Data      Debug   

     29640       3144        308        116       2116     288995   Grand Totals
     29640       3144        308        116       2116     288995   ELF Image Totals
     29640       3144        308        116          0          0   ROM Totals

==============================================================================

    Total RO  Size (Code + RO Data)                29948 (  29.25kB)
    Total RW  Size (RW Data + ZI Data)              2232 (   2.18kB)
    Total ROM Size (Code + RO Data + RW Data)      30064 (  29.36kB)

==============================================================================

