<html>
<body>
<pre>
<h1>µVision Build Log</h1>
<h2>Project:</h2>
D:\ZZY document\ZZY Project document\L1014_NEW HC370\L1014 new HC370 Source cod\L1014_HC370_LCD1602.uvproj
Project File Date:  11/11/2016

<h2>Output:</h2>
Build target 'Target 1'
linking...
Program Size: Code=31652 RO-data=244 RW-data=288 ZI-data=3512  
FromELF: creating hex file...
".\Output\Object\L1014_HC370_LCD1602.axf" - 0 Error(s), 0 Warning(s).
r(s), 0 Warning(s).
iling stm32f0xx_crc.c...
compiling stm32f0xx_crs.c...
compiling stm32f0xx_dac.c...
compiling stm32f0xx_dbgmcu.c...
compiling stm32f0xx_dma.c...
compiling stm32f0xx_exti.c...
compiling stm32f0xx_flash.c...
compiling stm32f0xx_gpio.c...
compiling stm32f0xx_i2c.c...
compiling stm32f0xx_iwdg.c...
compiling stm32f0xx_misc.c...
compiling stm32f0xx_pwr.c...
compiling stm32f0xx_rcc.c...
compiling stm32f0xx_rtc.c...
compiling stm32f0xx_spi.c...
compiling stm32f0xx_syscfg.c...
compiling stm32f0xx_tim.c...
compiling stm32f0xx_usart.c...
compiling stm32f0xx_wwdg.c...
assembling startup_stm32f030.s...
compiling system_stm32f0xx.c...
compiling cc2500.c...
compiling stmflash.c...
linking...
Program Size: Code=31652 RO-data=244 RW-data=288 ZI-data=3512  
FromELF: creating hex file...
".\Output\Object\L1014_HC370_LCD1602.axf" - 0 Error(s), 0 Warning(s).
s missing
  #ifndef __STMFLASH_H__
APP\STMFLASH\stmflash.c: 0 warnings, 2 errors
".\L1014_HC370_LCD1602.axf" - 2 Error(s), 0 Warning(s).
Target not created
tm32f0xx_cec.h"
Libraries\src\stm32f0xx_cec.c: 0 warnings, 1 error
compiling stm32f0xx_comp.c...
Libraries\src\stm32f0xx_comp.c(99): error:  #5: cannot open source input file "stm32f0xx_comp.h": No such file or directory
  #include "stm32f0xx_comp.h"
Libraries\src\stm32f0xx_comp.c: 0 warnings, 1 error
compiling stm32f0xx_crc.c...
Libraries\src\stm32f0xx_crc.c(55): error:  #5: cannot open source input file "stm32f0xx_crc.h": No such file or directory
  #include "stm32f0xx_crc.h"
Libraries\src\stm32f0xx_crc.c: 0 warnings, 1 error
compiling stm32f0xx_crs.c...
Libraries\src\stm32f0xx_crs.c(47): error:  #5: cannot open source input file "stm32f0xx_crs.h": No such file or directory
  #include "stm32f0xx_crs.h"
Libraries\src\stm32f0xx_crs.c: 0 warnings, 1 error
compiling stm32f0xx_dac.c...
Libraries\src\stm32f0xx_dac.c(108): error:  #5: cannot open source input file "stm32f0xx_dac.h": No such file or directory
  #include "stm32f0xx_dac.h"
Libraries\src\stm32f0xx_dac.c: 0 warnings, 1 error
compiling stm32f0xx_dbgmcu.c...
Libraries\src\stm32f0xx_dbgmcu.c(35): error:  #5: cannot open source input file "stm32f0xx_dbgmcu.h": No such file or directory
  #include "stm32f0xx_dbgmcu.h"
Libraries\src\stm32f0xx_dbgmcu.c: 0 warnings, 1 error
compiling stm32f0xx_dma.c...
Libraries\src\stm32f0xx_dma.c(71): error:  #5: cannot open source input file "stm32f0xx_dma.h": No such file or directory
  #include "stm32f0xx_dma.h"
Libraries\src\stm32f0xx_dma.c: 0 warnings, 1 error
compiling stm32f0xx_exti.c...
Libraries\src\stm32f0xx_exti.c(70): error:  #5: cannot open source input file "stm32f0xx_exti.h": No such file or directory
  #include "stm32f0xx_exti.h"
Libraries\src\stm32f0xx_exti.c: 0 warnings, 1 error
compiling stm32f0xx_flash.c...
Libraries\src\stm32f0xx_flash.c(76): error:  #5: cannot open source input file "stm32f0xx_flash.h": No such file or directory
  #include "stm32f0xx_flash.h"
Libraries\src\stm32f0xx_flash.c: 0 warnings, 1 error
compiling stm32f0xx_gpio.c...
Libraries\src\stm32f0xx_gpio.c(76): error:  #5: cannot open source input file "stm32f0xx_gpio.h": No such file or directory
  #include "stm32f0xx_gpio.h"
Libraries\src\stm32f0xx_gpio.c: 0 warnings, 1 error
compiling stm32f0xx_i2c.c...
Libraries\src\stm32f0xx_i2c.c(79): error:  #5: cannot open source input file "stm32f0xx_i2c.h": No such file or directory
  #include "stm32f0xx_i2c.h"
Libraries\src\stm32f0xx_i2c.c: 0 warnings, 1 error
compiling stm32f0xx_iwdg.c...
Libraries\src\stm32f0xx_iwdg.c(98): error:  #5: cannot open source input file "stm32f0xx_iwdg.h": No such file or directory
  #include "stm32f0xx_iwdg.h"
Libraries\src\stm32f0xx_iwdg.c: 0 warnings, 1 error
compiling stm32f0xx_misc.c...
Libraries\src\stm32f0xx_misc.c(30): error:  #5: cannot open source input file "stm32f0xx_misc.h": No such file or directory
  #include "stm32f0xx_misc.h"
Libraries\src\stm32f0xx_misc.c: 0 warnings, 1 error
compiling stm32f0xx_pwr.c...
Libraries\src\stm32f0xx_pwr.c(36): error:  #5: cannot open source input file "stm32f0xx_pwr.h": No such file or directory
  #include "stm32f0xx_pwr.h"
Libraries\src\stm32f0xx_pwr.c: 0 warnings, 1 error
compiling stm32f0xx_rcc.c...
Libraries\src\stm32f0xx_rcc.c(58): error:  #5: cannot open source input file "stm32f0xx_rcc.h": No such file or directory
  #include "stm32f0xx_rcc.h"
Libraries\src\stm32f0xx_rcc.c: 0 warnings, 1 error
compiling stm32f0xx_rtc.c...
Libraries\src\stm32f0xx_rtc.c(234): error:  #5: cannot open source input file "stm32f0xx_rtc.h": No such file or directory
  #include "stm32f0xx_rtc.h"
Libraries\src\stm32f0xx_rtc.c: 0 warnings, 1 error
compiling stm32f0xx_spi.c...
Libraries\src\stm32f0xx_spi.c(94): error:  #5: cannot open source input file "stm32f0xx_spi.h": No such file or directory
  #include "stm32f0xx_spi.h"
Libraries\src\stm32f0xx_spi.c: 0 warnings, 1 error
compiling stm32f0xx_syscfg.c...
Libraries\src\stm32f0xx_syscfg.c(48): error:  #5: cannot open source input file "stm32f0xx_syscfg.h": No such file or directory
  #include "stm32f0xx_syscfg.h"
Libraries\src\stm32f0xx_syscfg.c: 0 warnings, 1 error
compiling stm32f0xx_tim.c...
Libraries\src\stm32f0xx_tim.c(117): error:  #5: cannot open source input file "stm32f0xx_tim.h": No such file or directory
  #include "stm32f0xx_tim.h"
Libraries\src\stm32f0xx_tim.c: 0 warnings, 1 error
compiling stm32f0xx_usart.c...
Libraries\src\stm32f0xx_usart.c(81): error:  #5: cannot open source input file "stm32f0xx_usart.h": No such file or directory
  #include "stm32f0xx_usart.h"
Libraries\src\stm32f0xx_usart.c: 0 warnings, 1 error
compiling stm32f0xx_wwdg.c...
Libraries\src\stm32f0xx_wwdg.c(86): error:  #5: cannot open source input file "stm32f0xx_wwdg.h": No such file or directory
  #include "stm32f0xx_wwdg.h"
Libraries\src\stm32f0xx_wwdg.c: 0 warnings, 1 error
assembling startup_stm32f030.s...
compiling system_stm32f0xx.c...
.\User\stm32f0xx_conf.h(34): error:  #5: cannot open source input file "stm32f0xx_adc.h": No such file or directory
  #include "stm32f0xx_adc.h"
CMSIS\system_stm32f0xx.c: 0 warnings, 1 error
compiling cc2500.c...
.\User\stm32f0xx_conf.h(34): error:  #5: cannot open source input file "stm32f0xx_adc.h": No such file or directory
  #include "stm32f0xx_adc.h"
APP\CC2500\cc2500.c: 0 warnings, 1 error
compiling stmflash.c...
.\User\stm32f0xx_conf.h(34): error:  #5: cannot open source input file "stm32f0xx_adc.h": No such file or directory
  #include "stm32f0xx_adc.h"
APP\STMFLASH\stmflash.c: 0 warnings, 1 error
".\L1014_HC370_LCD1602.axf" - 29 Error(s), 0 Warning(s).
Target not created
       while ((SPI_I2S_GetFlagStatus(SPI1, SPI_I2S_FLAG_TXE) == RESET) && MISO_Status != Bit_RESET) ;
APP\CC2500\cc2500.c(60): error:  #20: identifier "GPIO_Pin_3" is undefined
        while ((SPI_I2S_GetFlagStatus(SPI1, SPI_I2S_FLAG_TXE) == RESET) && MISO_Status != Bit_RESET) ;
APP\CC2500\cc2500.c(60): error:  #20: identifier "Bit_RESET" is undefined
        while ((SPI_I2S_GetFlagStatus(SPI1, SPI_I2S_FLAG_TXE) == RESET) && MISO_Status != Bit_RESET) ;
APP\CC2500\cc2500.c(61): warning:  #223-D: function "SPI_SendData8" declared implicitly
      SPI_SendData8(SPI1, addr);
APP\CC2500\cc2500.c(68): error:  #20: identifier "SPI_I2S_FLAG_BSY" is undefined
      while (SPI_I2S_GetFlagStatus(SPI1, SPI_I2S_FLAG_BSY) != RESET) ;
APP\CC2500\cc2500.c(70): warning:  #223-D: function "GPIO_SetBits" declared implicitly
      SPI1_CSH;
APP\CC2500\cc2500.c(77): warning:  #223-D: function "GPIO_ResetBits" declared implicitly
        SPI1_CSL;
APP\CC2500\cc2500.c(77): error:  #20: identifier "GPIO_Pin_4" is undefined
        SPI1_CSL;
APP\CC2500\cc2500.c(81): warning:  #223-D: function "SPI_I2S_GetFlagStatus" declared implicitly
        while ((SPI_I2S_GetFlagStatus(SPI1, SPI_I2S_FLAG_TXE) == RESET) && MISO_Status != Bit_RESET) ;
APP\CC2500\cc2500.c(81): error:  #20: identifier "SPI_I2S_FLAG_TXE" is undefined
        while ((SPI_I2S_GetFlagStatus(SPI1, SPI_I2S_FLAG_TXE) == RESET) && MISO_Status != Bit_RESET) ;
APP\CC2500\cc2500.c(81): warning:  #223-D: function "GPIO_ReadInputDataBit" declared implicitly
        while ((SPI_I2S_GetFlagStatus(SPI1, SPI_I2S_FLAG_TXE) == RESET) && MISO_Status != Bit_RESET) ;
APP\CC2500\cc2500.c(81): error:  #20: identifier "GPIO_Pin_3" is undefined
        while ((SPI_I2S_GetFlagStatus(SPI1, SPI_I2S_FLAG_TXE) == RESET) && MISO_Status != Bit_RESET) ;
APP\CC2500\cc2500.c(81): error:  #20: identifier "Bit_RESET" is undefined
        while ((SPI_I2S_GetFlagStatus(SPI1, SPI_I2S_FLAG_TXE) == RESET) && MISO_Status != Bit_RESET) ;
APP\CC2500\cc2500.c(82): warning:  #223-D: function "SPI_SendData8" declared implicitly
        SPI_SendData8(SPI1, addr);
APP\CC2500\cc2500.c(92): error:  #20: identifier "SPI_I2S_FLAG_BSY" is undefined
      while (SPI_I2S_GetFlagStatus(SPI1, SPI_I2S_FLAG_BSY) != RESET) ;
APP\CC2500\cc2500.c(94): warning:  #223-D: function "GPIO_SetBits" declared implicitly
      SPI1_CSH;     
APP\CC2500\cc2500.c(100): warning:  #223-D: function "GPIO_ResetBits" declared implicitly
      SPI1_CSL;
APP\CC2500\cc2500.c(100): error:  #20: identifier "GPIO_Pin_4" is undefined
      SPI1_CSL;
APP\CC2500\cc2500.c(104): warning:  #223-D: function "SPI_I2S_GetFlagStatus" declared implicitly
        while (SPI_I2S_GetFlagStatus(SPI1, SPI_I2S_FLAG_TXE) == RESET && MISO_Status != Bit_RESET) ;    
APP\CC2500\cc2500.c(104): error:  #20: identifier "SPI_I2S_FLAG_TXE" is undefined
        while (SPI_I2S_GetFlagStatus(SPI1, SPI_I2S_FLAG_TXE) == RESET && MISO_Status != Bit_RESET) ;    
APP\CC2500\cc2500.c(104): warning:  #223-D: function "GPIO_ReadInputDataBit" declared implicitly
        while (SPI_I2S_GetFlagStatus(SPI1, SPI_I2S_FLAG_TXE) == RESET && MISO_Status != Bit_RESET) ;    
APP\CC2500\cc2500.c(104): error:  #20: identifier "GPIO_Pin_3" is undefined
        while (SPI_I2S_GetFlagStatus(SPI1, SPI_I2S_FLAG_TXE) == RESET && MISO_Status != Bit_RESET) ;    
APP\CC2500\cc2500.c(104): error:  #20: identifier "Bit_RESET" is undefined
        while (SPI_I2S_GetFlagStatus(SPI1, SPI_I2S_FLAG_TXE) == RESET && MISO_Status != Bit_RESET) ;    
APP\CC2500\cc2500.c(105): warning:  #223-D: function "SPI_SendData8" declared implicitly
      SPI_SendData8(SPI1, addr);
APP\CC2500\cc2500.c(107): error:  #20: identifier "SPI_I2S_FLAG_RXNE" is undefined
        while (SPI_I2S_GetFlagStatus(SPI1, SPI_I2S_FLAG_RXNE) == RESET) ; 
APP\CC2500\cc2500.c(108): warning:  #223-D: function "SPI_I2S_ReceiveData16" declared implicitly
      temp = SPI_I2S_ReceiveData16(SPI1)>>8;
APP\CC2500\cc2500.c(118): error:  #20: identifier "SPI_I2S_FLAG_BSY" is undefined
      while (SPI_I2S_GetFlagStatus(SPI1, SPI_I2S_FLAG_BSY) != RESET) ;
APP\CC2500\cc2500.c(120): warning:  #223-D: function "GPIO_SetBits" declared implicitly
      SPI1_CSH; 
APP\CC2500\cc2500.c(129): warning:  #223-D: function "GPIO_ResetBits" declared implicitly
        SPI1_CSL;
APP\CC2500\cc2500.c(129): error:  #20: identifier "GPIO_Pin_4" is undefined
        SPI1_CSL;
APP\CC2500\cc2500.c(133): warning:  #223-D: function "SPI_I2S_GetFlagStatus" declared implicitly
        while ((SPI_I2S_GetFlagStatus(SPI1, SPI_I2S_FLAG_TXE) == RESET) && MISO_Status != Bit_RESET) ;
APP\CC2500\cc2500.c(133): error:  #20: identifier "SPI_I2S_FLAG_TXE" is undefined
        while ((SPI_I2S_GetFlagStatus(SPI1, SPI_I2S_FLAG_TXE) == RESET) && MISO_Status != Bit_RESET) ;
APP\CC2500\cc2500.c(133): warning:  #223-D: function "GPIO_ReadInputDataBit" declared implicitly
        while ((SPI_I2S_GetFlagStatus(SPI1, SPI_I2S_FLAG_TXE) == RESET) && MISO_Status != Bit_RESET) ;
APP\CC2500\cc2500.c(133): error:  #20: identifier "GPIO_Pin_3" is undefined
        while ((SPI_I2S_GetFlagStatus(SPI1, SPI_I2S_FLAG_TXE) == RESET) && MISO_Status != Bit_RESET) ;
APP\CC2500\cc2500.c(133): error:  #20: identifier "Bit_RESET" is undefined
        while ((SPI_I2S_GetFlagStatus(SPI1, SPI_I2S_FLAG_TXE) == RESET) && MISO_Status != Bit_RESET) ;
APP\CC2500\cc2500.c(134): warning:  #223-D: function "SPI_SendData8" declared implicitly
        SPI_SendData8(SPI1, addr);
APP\CC2500\cc2500.c(144): error:  #20: identifier "SPI_I2S_FLAG_RXNE" is undefined
          while (SPI_I2S_GetFlagStatus(SPI1, SPI_I2S_FLAG_RXNE) == RESET) ;
APP\CC2500\cc2500.c(145): warning:  #223-D: function "SPI_ReceiveData8" declared implicitly
          buffer[i] = SPI_ReceiveData8(SPI1);
APP\CC2500\cc2500.c(149): error:  #20: identifier "SPI_I2S_FLAG_BSY" is undefined
      while (SPI_I2S_GetFlagStatus(SPI1, SPI_I2S_FLAG_BSY) != RESET) ;
APP\CC2500\cc2500.c(151): warning:  #223-D: function "GPIO_SetBits" declared implicitly
      SPI1_CSH; 
APP\CC2500\cc2500.c(156): warning:  #223-D: function "GPIO_ResetBits" declared implicitly
        SPI1_CSL;
APP\CC2500\cc2500.c(156): error:  #20: identifier "GPIO_Pin_4" is undefined
        SPI1_CSL;
APP\CC2500\cc2500.c(160): warning:  #223-D: function "SPI_I2S_GetFlagStatus" declared implicitly
        while ((SPI_I2S_GetFlagStatus(SPI1, SPI_I2S_FLAG_TXE) == RESET) && MISO_Status != Bit_RESET) ;
APP\CC2500\cc2500.c(160): error:  #20: identifier "SPI_I2S_FLAG_TXE" is undefined
        while ((SPI_I2S_GetFlagStatus(SPI1, SPI_I2S_FLAG_TXE) == RESET) && MISO_Status != Bit_RESET) ;
APP\CC2500\cc2500.c(160): warning:  #223-D: function "GPIO_ReadInputDataBit" declared implicitly
        while ((SPI_I2S_GetFlagStatus(SPI1, SPI_I2S_FLAG_TXE) == RESET) && MISO_Status != Bit_RESET) ;
APP\CC2500\cc2500.c(160): error:  #20: identifier "GPIO_Pin_3" is undefined
        while ((SPI_I2S_GetFlagStatus(SPI1, SPI_I2S_FLAG_TXE) == RESET) && MISO_Status != Bit_RESET) ;
APP\CC2500\cc2500.c(160): error:  #20: identifier "Bit_RESET" is undefined
        while ((SPI_I2S_GetFlagStatus(SPI1, SPI_I2S_FLAG_TXE) == RESET) && MISO_Status != Bit_RESET) ;
APP\CC2500\cc2500.c(161): warning:  #223-D: function "SPI_SendData8" declared implicitly
        SPI_SendData8(SPI1, addr);
APP\CC2500\cc2500.c(168): error:  #20: identifier "SPI_I2S_FLAG_RXNE" is undefined
        while (SPI_I2S_GetFlagStatus(SPI1, SPI_I2S_FLAG_RXNE) == RESET) ;
APP\CC2500\cc2500.c(171): error:  #20: identifier "SPI_I2S_FLAG_BSY" is undefined
      while (SPI_I2S_GetFlagStatus(SPI1, SPI_I2S_FLAG_BSY) != RESET) ;
APP\CC2500\cc2500.c(173): warning:  #223-D: function "GPIO_SetBits" declared implicitly
      SPI1_CSH; 
APP\CC2500\cc2500.c(175): warning:  #223-D: function "SPI_ReceiveData8" declared implicitly
        return SPI_ReceiveData8(SPI1);
APP\CC2500\cc2500.c(180): warning:  #223-D: function "GPIO_ResetBits" declared implicitly
        SPI1_CSL;
APP\CC2500\cc2500.c(180): error:  #20: identifier "GPIO_Pin_4" is undefined
        SPI1_CSL;
APP\CC2500\cc2500.c(182): warning:  #223-D: function "SPI_I2S_GetFlagStatus" declared implicitly
      while ((SPI_I2S_GetFlagStatus(SPI1, SPI_I2S_FLAG_TXE) == RESET) && MISO_Status != Bit_RESET) ;    
APP\CC2500\cc2500.c(182): error:  #20: identifier "SPI_I2S_FLAG_TXE" is undefined
      while ((SPI_I2S_GetFlagStatus(SPI1, SPI_I2S_FLAG_TXE) == RESET) && MISO_Status != Bit_RESET) ;    
APP\CC2500\cc2500.c: 30 warnings, 30 errors
compiling stmflash.c...
APP\STMFLASH\stmflash.h(14): warning:  #1-D: last line of file ends without a newline
  void STMFLASH_Read(u32 *pBuffer,u32 NumToRead);
APP\STMFLASH\stmflash.h(1): error:  #37: the #endif for this directive is missing
  #ifndef __STMFLASH_H__
APP\STMFLASH\stmflash.c: 1 warning, 1 error
".\L1014_HC370_LCD1602.axf" - 56 Error(s), 33 Warning(s).
Target not created
1 warning, 1 error
".\L1014_HC370_LCD1602.axf" - 56 Error(s), 33 Warning(s).
Target not created
