<html>
<body>
<pre>
<h1>µVision Build Log</h1>
<h2>Tool Versions:</h2>
IDE-Version: ¦ÌVision V5.23.0.0
Copyright (C) 2017 ARM Ltd and ARM Germany GmbH. All rights reserved.
License Information: limoss Microsoft, Microsoft, LIC=WHYBU-S25JV-XCAJB-0LPL2-UGX93-RW7MU
 
Tool Versions:
Toolchain:       MDK-ARM Plus  Version: 5.23
Toolchain Path:  C:\Keil_v5\ARM\ARMCC\Bin
C Compiler:      Armcc.exe V5.06 update 4 (build 422)
Assembler:       Armasm.exe V5.06 update 4 (build 422)
Linker/Locator:  ArmLink.exe V5.06 update 4 (build 422)
Library Manager: ArmAr.exe V5.06 update 4 (build 422)
Hex Converter:   FromElf.exe V5.06 update 4 (build 422)
CPU DLL:         SARMCM3.DLL V5.23
Dialog DLL:      DCM.DLL V1.15.0.0
Target DLL:      STLink\ST-LINKIII-KEIL_SWO.dll V2.0.18.0
Dialog DLL:      TCM.DLL V1.27.0.0
 
<h2>Project:</h2>
F:\cc2500\²Î¿¼\CC2500_Recive_V1\Project\CC2500_Rev.uvprojx
Project File Date:  05/18/2020

<h2>Output:</h2>
*** Using Compiler 'V5.06 update 4 (build 422)', folder: 'C:\Keil_v5\ARM\ARMCC\Bin'
Rebuild target 'CC2500_Rev'
compiling spi.c...
compiling stm32f10x_it.c...
compiling gpio.c...
compiling main.c...
..\User\main.c(21): warning:  #177-D: variable "status"  was declared but never referenced
    u8 status=0xff;    
..\User\main.c(22): warning:  #177-D: variable "ROUTER_WORKSTATE"  was declared but never referenced
    ROUTER_WORKSTATE_ENUM ROUTER_WORKSTATE;
..\User\main.c(23): warning:  #177-D: variable "LABEL_WORKSTATE"  was declared but never referenced
    LABEL_WORKSTATE_ENUM LABEL_WORKSTATE;
..\User\main.c: 3 warnings, 0 errors
compiling usart.c...
compiling cc2500.c...
compiling 5110LCD.c...
compiling ISR.c...
compiling DELAY.c...
compiling stm32f10x_dma.c...
compiling misc.c...
compiling stm32f10x_rcc.c...
compiling stm32f10x_gpio.c...
compiling stm32f10x_spi.c...
compiling core_cm3.c...
compiling stm32f10x_usart.c...
compiling stm32f10x_exti.c...
assembling startup_stm32f10x_md.s...
compiling system_stm32f10x.c...
linking...
Program Size: Code=4304 RO-data=1204 RW-data=48 ZI-data=1664  
FromELF: creating hex file...
".\obj\CC2500_Rev.axf" - 0 Error(s), 3 Warning(s).

<h2>Software Packages used:</h2>

Package Vendor: ARM
                http://www.keil.com/pack/ARM.CMSIS.5.1.1.pack
                ARM::CMSIS:CORE:5.0.2
                CMSIS (Cortex Microcontroller Software Interface Standard)
   * Component: CORE Version: 5.0.2

<h2>Collection of Component include folders:</h2>
  .\RTE\_CC2500_Rev
  C:\Keil_v5\ARM\PACK\ARM\CMSIS\5.1.1\CMSIS\Include
  C:\Keil_v5\ARM\PACK\Keil\STM32F1xx_DFP\2.2.0\Device\Include

<h2>Collection of Component Files used:</h2>

   * Component: ARM::CMSIS:CORE:5.0.2
Build Time Elapsed:  00:00:03
</pre>
</body>
</html>
