<html>
<body>
<pre>
<h1>µVision Build Log</h1>
<h2>Project:</h2>
D:\ZZY document\ZZY Project document\L1014_NEW HC370\HC370 Source code_password version\L1014_HC370_Password.uvproj
Project File Date:  11/29/2016

<h2>Output:</h2>
Build target 'Target 1'
compiling main.c...
User\main.c(467): warning:  #111-D: statement is unreachable
                Rf_SendStudyId();
User\main.c(727): warning:  #111-D: statement is unreachable
                                                LCD_write_string(1,1,"limoss Co.,Ltd");
User\main.c: 2 warnings, 0 errors
linking...
Program Size: Code=15632 RO-data=280 RW-data=100 ZI-data=2060  
FromELF: creating hex file...
".\Output\Object\L1014_HC370_Password.axf" - 0 Error(s), 2 Warning(s).
</pre>
</body>
</html>
piling stm32f0xx_crs.c...
compiling stm32f0xx_dac.c...
compiling stm32f0xx_dbgmcu.c...
compiling stm32f0xx_dma.c...
compiling stm32f0xx_exti.c...
compiling stm32f0xx_flash.c...
compiling stm32f0xx_gpio.c...
compiling stm32f0xx_i2c.c...
compiling stm32f0xx_iwdg.c...
compiling stm32f0xx_misc.c...
compiling stm32f0xx_pwr.c...
compiling stm32f0xx_rcc.c...
compiling stm32f0xx_rtc.c...
compiling stm32f0xx_spi.c...
compiling stm32f0xx_syscfg.c...
compiling stm32f0xx_tim.c...
compiling stm32f0xx_usart.c...
compiling stm32f0xx_wwdg.c...
assembling startup_stm32f030.s...
compiling system_stm32f0xx.c...
compiling lcd1602.c...
compiling key.c...
compiling cc2500b.c...
linking...
Program Size: Code=13824 RO-data=280 RW-data=100 ZI-data=2052  
FromELF: creating hex file...
".\Output\Object\L1014_HC370_Password.axf" - 0 Error(s), 2 Warning(s).
